Archive member included to satisfy reference by file (symbol)

c:/huinya/stm32cubeide_1.8.0/stm32cubeide/plugins/com.st.stm32cube.ide.mcu.externaltools.gnu-tools-for-stm32.9-2020-q2-update.win32_2.0.0.202105311346/tools/bin/../lib/gcc/arm-none-eabi/9.3.1/../../../../arm-none-eabi/lib/thumb/v7e-m+fp/hard\libc_nano.a(lib_a-assert.o)
                              ./Drivers/BME280_I2C/its_bme280.o (__assert_func)
c:/huinya/stm32cubeide_1.8.0/stm32cubeide/plugins/com.st.stm32cube.ide.mcu.externaltools.gnu-tools-for-stm32.9-2020-q2-update.win32_2.0.0.202105311346/tools/bin/../lib/gcc/arm-none-eabi/9.3.1/../../../../arm-none-eabi/lib/thumb/v7e-m+fp/hard\libc_nano.a(lib_a-ctype_.o)
                              ./stm32f4/stm32f4/ATGM336H/minmea/minmea.o (_ctype_)
c:/huinya/stm32cubeide_1.8.0/stm32cubeide/plugins/com.st.stm32cube.ide.mcu.externaltools.gnu-tools-for-stm32.9-2020-q2-update.win32_2.0.0.202105311346/tools/bin/../lib/gcc/arm-none-eabi/9.3.1/../../../../arm-none-eabi/lib/thumb/v7e-m+fp/hard\libc_nano.a(lib_a-errno.o)
                              ./Core/Src/syscalls.o (__errno)
c:/huinya/stm32cubeide_1.8.0/stm32cubeide/plugins/com.st.stm32cube.ide.mcu.externaltools.gnu-tools-for-stm32.9-2020-q2-update.win32_2.0.0.202105311346/tools/bin/../lib/gcc/arm-none-eabi/9.3.1/../../../../arm-none-eabi/lib/thumb/v7e-m+fp/hard\libc_nano.a(lib_a-exit.o)
                              c:/huinya/stm32cubeide_1.8.0/stm32cubeide/plugins/com.st.stm32cube.ide.mcu.externaltools.gnu-tools-for-stm32.9-2020-q2-update.win32_2.0.0.202105311346/tools/bin/../lib/gcc/arm-none-eabi/9.3.1/../../../../arm-none-eabi/lib/thumb/v7e-m+fp/hard/crt0.o (exit)
c:/huinya/stm32cubeide_1.8.0/stm32cubeide/plugins/com.st.stm32cube.ide.mcu.externaltools.gnu-tools-for-stm32.9-2020-q2-update.win32_2.0.0.202105311346/tools/bin/../lib/gcc/arm-none-eabi/9.3.1/../../../../arm-none-eabi/lib/thumb/v7e-m+fp/hard\libc_nano.a(lib_a-fprintf.o)
                              c:/huinya/stm32cubeide_1.8.0/stm32cubeide/plugins/com.st.stm32cube.ide.mcu.externaltools.gnu-tools-for-stm32.9-2020-q2-update.win32_2.0.0.202105311346/tools/bin/../lib/gcc/arm-none-eabi/9.3.1/../../../../arm-none-eabi/lib/thumb/v7e-m+fp/hard\libc_nano.a(lib_a-assert.o) (fiprintf)
c:/huinya/stm32cubeide_1.8.0/stm32cubeide/plugins/com.st.stm32cube.ide.mcu.externaltools.gnu-tools-for-stm32.9-2020-q2-update.win32_2.0.0.202105311346/tools/bin/../lib/gcc/arm-none-eabi/9.3.1/../../../../arm-none-eabi/lib/thumb/v7e-m+fp/hard\libc_nano.a(lib_a-impure.o)
                              c:/huinya/stm32cubeide_1.8.0/stm32cubeide/plugins/com.st.stm32cube.ide.mcu.externaltools.gnu-tools-for-stm32.9-2020-q2-update.win32_2.0.0.202105311346/tools/bin/../lib/gcc/arm-none-eabi/9.3.1/../../../../arm-none-eabi/lib/thumb/v7e-m+fp/hard\libc_nano.a(lib_a-exit.o) (_global_impure_ptr)
c:/huinya/stm32cubeide_1.8.0/stm32cubeide/plugins/com.st.stm32cube.ide.mcu.externaltools.gnu-tools-for-stm32.9-2020-q2-update.win32_2.0.0.202105311346/tools/bin/../lib/gcc/arm-none-eabi/9.3.1/../../../../arm-none-eabi/lib/thumb/v7e-m+fp/hard\libc_nano.a(lib_a-init.o)
                              c:/huinya/stm32cubeide_1.8.0/stm32cubeide/plugins/com.st.stm32cube.ide.mcu.externaltools.gnu-tools-for-stm32.9-2020-q2-update.win32_2.0.0.202105311346/tools/bin/../lib/gcc/arm-none-eabi/9.3.1/../../../../arm-none-eabi/lib/thumb/v7e-m+fp/hard/crt0.o (__libc_init_array)
c:/huinya/stm32cubeide_1.8.0/stm32cubeide/plugins/com.st.stm32cube.ide.mcu.externaltools.gnu-tools-for-stm32.9-2020-q2-update.win32_2.0.0.202105311346/tools/bin/../lib/gcc/arm-none-eabi/9.3.1/../../../../arm-none-eabi/lib/thumb/v7e-m+fp/hard\libc_nano.a(lib_a-memcpy-stub.o)
                              ./stm32f4/stm32f4/ATGM336H/minmea/minmea.o (memcpy)
c:/huinya/stm32cubeide_1.8.0/stm32cubeide/plugins/com.st.stm32cube.ide.mcu.externaltools.gnu-tools-for-stm32.9-2020-q2-update.win32_2.0.0.202105311346/tools/bin/../lib/gcc/arm-none-eabi/9.3.1/../../../../arm-none-eabi/lib/thumb/v7e-m+fp/hard\libc_nano.a(lib_a-memset.o)
                              c:/huinya/stm32cubeide_1.8.0/stm32cubeide/plugins/com.st.stm32cube.ide.mcu.externaltools.gnu-tools-for-stm32.9-2020-q2-update.win32_2.0.0.202105311346/tools/bin/../lib/gcc/arm-none-eabi/9.3.1/../../../../arm-none-eabi/lib/thumb/v7e-m+fp/hard/crt0.o (memset)
c:/huinya/stm32cubeide_1.8.0/stm32cubeide/plugins/com.st.stm32cube.ide.mcu.externaltools.gnu-tools-for-stm32.9-2020-q2-update.win32_2.0.0.202105311346/tools/bin/../lib/gcc/arm-none-eabi/9.3.1/../../../../arm-none-eabi/lib/thumb/v7e-m+fp/hard\libc_nano.a(lib_a-nano-vfprintf.o)
                              c:/huinya/stm32cubeide_1.8.0/stm32cubeide/plugins/com.st.stm32cube.ide.mcu.externaltools.gnu-tools-for-stm32.9-2020-q2-update.win32_2.0.0.202105311346/tools/bin/../lib/gcc/arm-none-eabi/9.3.1/../../../../arm-none-eabi/lib/thumb/v7e-m+fp/hard\libc_nano.a(lib_a-fprintf.o) (_vfprintf_r)
[...]
Memory Configuration

Name             Origin             Length             Attributes
RAM              0x0000000020000000 0x0000000000020000 xrw
FLASH            0x0000000008000000 0x0000000000080000 xr
*default*        0x0000000000000000 0xffffffffffffffff

Linker script and memory map

LOAD c:/huinya/stm32cubeide_1.8.0/stm32cubeide/plugins/com.st.stm32cube.ide.mcu.externaltools.gnu-tools-for-stm32.9-2020-q2-update.win32_2.0.0.202105311346/tools/bin/../lib/gcc/arm-none-eabi/9.3.1/thumb/v7e-m+fp/hard/crti.o
LOAD c:/huinya/stm32cubeide_1.8.0/stm32cubeide/plugins/com.st.stm32cube.ide.mcu.externaltools.gnu-tools-for-stm32.9-2020-q2-update.win32_2.0.0.202105311346/tools/bin/../lib/gcc/arm-none-eabi/9.3.1/thumb/v7e-m+fp/hard/crtbegin.o
LOAD c:/huinya/stm32cubeide_1.8.0/stm32cubeide/plugins/com.st.stm32cube.ide.mcu.externaltools.gnu-tools-for-stm32.9-2020-q2-update.win32_2.0.0.202105311346/tools/bin/../lib/gcc/arm-none-eabi/9.3.1/../../../../arm-none-eabi/lib/thumb/v7e-m+fp/hard/crt0.o
LOAD ./Application/app_main.o
LOAD ./Application/sebastian.o
LOAD ./Core/Src/main.o
LOAD ./Core/Src/stm32f4xx_hal_msp.o
LOAD ./Core/Src/stm32f4xx_it.o
LOAD ./Core/Src/syscalls.o
LOAD ./Core/Src/sysmem.o
LOAD ./Core/Src/system_stm32f4xx.o
LOAD ./Core/Startup/startup_stm32f411ceux.o
LOAD ./Drivers/BME280_I2C/bme280.o
LOAD ./Drivers/BME280_I2C/its_bme280.o
LOAD ./Drivers/I2C_crutch/i2c-crutch.o
LOAD ./Drivers/STM32F4xx_HAL_Driver/Src/stm32f4xx_hal.o
LOAD ./Drivers/STM32F4xx_HAL_Driver/Src/stm32f4xx_hal_cortex.o
LOAD ./Drivers/STM32F4xx_HAL_Driver/Src/stm32f4xx_hal_dma.o
LOAD ./Drivers/STM32F4xx_HAL_Driver/Src/stm32f4xx_hal_dma_ex.o
LOAD ./Drivers/STM32F4xx_HAL_Driver/Src/stm32f4xx_hal_exti.o
LOAD ./Drivers/STM32F4xx_HAL_Driver/Src/stm32f4xx_hal_flash.o
LOAD ./Drivers/STM32F4xx_HAL_Driver/Src/stm32f4xx_hal_flash_ex.o
LOAD ./Drivers/STM32F4xx_HAL_Driver/Src/stm32f4xx_hal_flash_ramfunc.o
LOAD ./Drivers/STM32F4xx_HAL_Driver/Src/stm32f4xx_hal_gpio.o
LOAD ./Drivers/STM32F4xx_HAL_Driver/Src/stm32f4xx_hal_i2c.o
LOAD ./Drivers/STM32F4xx_HAL_Driver/Src/stm32f4xx_hal_i2c_ex.o
LOAD ./Drivers/STM32F4xx_HAL_Driver/Src/stm32f4xx_hal_pwr.o
LOAD ./Drivers/STM32F4xx_HAL_Driver/Src/stm32f4xx_hal_pwr_ex.o
LOAD ./Drivers/STM32F4xx_HAL_Driver/Src/stm32f4xx_hal_rcc.o
LOAD ./Drivers/STM32F4xx_HAL_Driver/Src/stm32f4xx_hal_rcc_ex.o
LOAD ./Drivers/STM32F4xx_HAL_Driver/Src/stm32f4xx_hal_sd.o
LOAD ./Drivers/STM32F4xx_HAL_Driver/Src/stm32f4xx_hal_spi.o
LOAD ./Drivers/STM32F4xx_HAL_Driver/Src/stm32f4xx_hal_tim.o
LOAD ./Drivers/STM32F4xx_HAL_Driver/Src/stm32f4xx_hal_tim_ex.o
LOAD ./Drivers/STM32F4xx_HAL_Driver/Src/stm32f4xx_hal_uart.o
LOAD ./Drivers/STM32F4xx_HAL_Driver/Src/stm32f4xx_ll_sdmmc.o
LOAD ./FATFS/App/fatfs.o
LOAD ./FATFS/Target/bsp_driver_sd.o
LOAD ./FATFS/Target/sd_diskio.o
LOAD ./Middlewares/Third_Party/FatFs/src/diskio.o
LOAD ./Middlewares/Third_Party/FatFs/src/ff.o
LOAD ./Middlewares/Third_Party/FatFs/src/ff_gen_drv.o
LOAD ./Middlewares/Third_Party/FatFs/src/option/ccsbcs.o
LOAD ./Middlewares/Third_Party/FatFs/src/option/syscall.o
LOAD ./stm32f4/stm32f4/AD5593/ad5593.o
LOAD ./stm32f4/stm32f4/AD5593/ad5593_board_stm32f4.o
LOAD ./stm32f4/stm32f4/ATGM336H/minmea/example.o
LOAD ./stm32f4/stm32f4/ATGM336H/minmea/minmea.o
LOAD ./stm32f4/stm32f4/ATGM336H/src/nmea_gps.o
LOAD ./stm32f4/stm32f4/DWT_Delay/src/dwt_delay.o
LOAD ./stm32f4/stm32f4/LIS3MDL/src/DLIS3.o
LOAD ./stm32f4/stm32f4/LIS3MDL/src/lis3mdl_reg.o
LOAD ./stm32f4/stm32f4/LSM6DS3/src/DLSM.o
LOAD ./stm32f4/stm32f4/LSM6DS3/src/lsm6ds3_reg.o
LOAD ./stm32f4/stm32f4/Photorezistor/src/photorezistor.o
LOAD ./stm32f4/stm32f4/Shift_Register/src/shift_reg.o
LOAD ./stm32f4/stm32f4/nRF24L01_PL/src/nrf24_lower_api_stm32.o
LOAD ./stm32f4/stm32f4/nRF24L01_PL/src/nrf24_upper_api.o
START GROUP
LOAD c:/huinya/stm32cubeide_1.8.0/stm32cubeide/plugins/com.st.stm32cube.ide.mcu.externaltools.gnu-tools-for-stm32.9-2020-q2-update.win32_2.0.0.202105311346/tools/bin/../lib/gcc/arm-none-eabi/9.3.1/../../../../arm-none-eabi/lib/thumb/v7e-m+fp/hard\libc_nano.a
LOAD c:/huinya/stm32cubeide_1.8.0/stm32cubeide/plugins/com.st.stm32cube.ide.mcu.externaltools.gnu-tools-for-stm32.9-2020-q2-update.win32_2.0.0.202105311346/tools/bin/../lib/gcc/arm-none-eabi/9.3.1/../../../../arm-none-eabi/lib/thumb/v7e-m+fp/hard\libm.a
END GROUP
START GROUP
LOAD c:/huinya/stm32cubeide_1.8.0/stm32cubeide/plugins/com.st.stm32cube.ide.mcu.externaltools.gnu-tools-for-stm32.9-2020-q2-update.win32_2.0.0.202105311346/tools/bin/../lib/gcc/arm-none-eabi/9.3.1/thumb/v7e-m+fp/hard\libgcc.a
LOAD c:/huinya/stm32cubeide_1.8.0/stm32cubeide/plugins/com.st.stm32cube.ide.mcu.externaltools.gnu-tools-for-stm32.9-2020-q2-update.win32_2.0.0.202105311346/tools/bin/../lib/gcc/arm-none-eabi/9.3.1/../../../../arm-none-eabi/lib/thumb/v7e-m+fp/hard\libc_nano.a
END GROUP
START GROUP
LOAD c:/huinya/stm32cubeide_1.8.0/stm32cubeide/plugins/com.st.stm32cube.ide.mcu.externaltools.gnu-tools-for-stm32.9-2020-q2-update.win32_2.0.0.202105311346/tools/bin/../lib/gcc/arm-none-eabi/9.3.1/thumb/v7e-m+fp/hard\libgcc.a
LOAD c:/huinya/stm32cubeide_1.8.0/stm32cubeide/plugins/com.st.stm32cube.ide.mcu.externaltools.gnu-tools-for-stm32.9-2020-q2-update.win32_2.0.0.202105311346/tools/bin/../lib/gcc/arm-none-eabi/9.3.1/../../../../arm-none-eabi/lib/thumb/v7e-m+fp/hard\libc_nano.a
LOAD c:/huinya/stm32cubeide_1.8.0/stm32cubeide/plugins/com.st.stm32cube.ide.mcu.externaltools.gnu-tools-for-stm32.9-2020-q2-update.win32_2.0.0.202105311346/tools/bin/../lib/gcc/arm-none-eabi/9.3.1/../../../../arm-none-eabi/lib/thumb/v7e-m+fp/hard\libnosys.a
END GROUP
START GROUP
LOAD c:/huinya/stm32cubeide_1.8.0/stm32cubeide/plugins/com.st.stm32cube.ide.mcu.externaltools.gnu-tools-for-stm32.9-2020-q2-update.win32_2.0.0.202105311346/tools/bin/../lib/gcc/arm-none-eabi/9.3.1/thumb/v7e-m+fp/hard\libgcc.a
LOAD c:/huinya/stm32cubeide_1.8.0/stm32cubeide/plugins/com.st.stm32cube.ide.mcu.externaltools.gnu-tools-for-stm32.9-2020-q2-update.win32_2.0.0.202105311346/tools/bin/../lib/gcc/arm-none-eabi/9.3.1/../../../../arm-none-eabi/lib/thumb/v7e-m+fp/hard\libc_nano.a
LOAD c:/huinya/stm32cubeide_1.8.0/stm32cubeide/plugins/com.st.stm32cube.ide.mcu.externaltools.gnu-tools-for-stm32.9-2020-q2-update.win32_2.0.0.202105311346/tools/bin/../lib/gcc/arm-none-eabi/9.3.1/../../../../arm-none-eabi/lib/thumb/v7e-m+fp/hard\libnosys.a
END GROUP
LOAD c:/huinya/stm32cubeide_1.8.0/stm32cubeide/plugins/com.st.stm32cube.ide.mcu.externaltools.gnu-tools-for-stm32.9-2020-q2-update.win32_2.0.0.202105311346/tools/bin/../lib/gcc/arm-none-eabi/9.3.1/thumb/v7e-m+fp/hard/crtend.o
LOAD c:/huinya/stm32cubeide_1.8.0/stm32cubeide/plugins/com.st.stm32cube.ide.mcu.externaltools.gnu-tools-for-stm32.9-2020-q2-update.win32_2.0.0.202105311346/tools/bin/../lib/gcc/arm-none-eabi/9.3.1/thumb/v7e-m+fp/hard/crtn.o
                0x0000000020020000                _estack = (ORIGIN (RAM) + LENGTH (RAM))
                0x0000000000000200                _Min_Heap_Size = 0x200
                0x0000000000000400                _Min_Stack_Size = 0x400

.isr_vector     0x0000000008000000      0x198
                0x0000000008000000                . = ALIGN (0x4)
 *(.isr_vector)
 .isr_vector    0x0000000008000000      0x198 ./Core/Startup/startup_stm32f411ceux.o
                0x0000000008000000                g_pfnVectors
                0x0000000008000198                . = ALIGN (0x4)

.text           0x00000000080001a0    0x148ac
                0x00000000080001a0                . = ALIGN (0x4)
 *(.text)
 .text          0x00000000080001a0       0x40 c:/huinya/stm32cubeide_1.8.0/stm32cubeide/plugins/com.st.stm32cube.ide.mcu.externaltools.gnu-tools-for-stm32.9-2020-q2-update.win32_2.0.0.202105311346/tools/bin/../lib/gcc/arm-none-eabi/9.3.1/thumb/v7e-m+fp/hard/crtbegin.o
 .text          0x00000000080001e0       0x14 c:/huinya/stm32cubeide_1.8.0/stm32cubeide/plugins/com.st.stm32cube.ide.mcu.externaltools.gnu-tools-for-stm32.9-2020-q2-update.win32_2.0.0.202105311346/tools/bin/../lib/gcc/arm-none-eabi/9.3.1/../../../../arm-none-eabi/lib/thumb/v7e-m+fp/hard\libc_nano.a(lib_a-strcmp.o)
                0x00000000080001e0                strcmp
 .text          0x00000000080001f4       0x10 c:/huinya/stm32cubeide_1.8.0/stm32cubeide/plugins/com.st.stm32cube.ide.mcu.externaltools.gnu-tools-for-stm32.9-2020-q2-update.win32_2.0.0.202105311346/tools/bin/../lib/gcc/arm-none-eabi/9.3.1/../../../../arm-none-eabi/lib/thumb/v7e-m+fp/hard\libc_nano.a(lib_a-strlen.o)
                0x00000000080001f4                strlen
 *fill*         0x0000000008000204        0xc 
 .text          0x0000000008000210       0xa0 c:/huinya/stm32cubeide_1.8.0/stm32cubeide/plugins/com.st.stm32cube.ide.mcu.externaltools.gnu-tools-for-stm32.9-2020-q2-update.win32_2.0.0.202105311346/tools/bin/../lib/gcc/arm-none-eabi/9.3.1/../../../../arm-none-eabi/lib/thumb/v7e-m+fp/hard\libc_nano.a(lib_a-memchr.o)
                0x0000000008000210                memchr
 .text          0x00000000080002b0      0x378 c:/huinya/stm32cubeide_1.8.0/stm32cubeide/plugins/com.st.stm32cube.ide.mcu.externaltools.gnu-tools-for-stm32.9-2020-q2-update.win32_2.0.0.202105311346/tools/bin/../lib/gcc/arm-none-eabi/9.3.1/thumb/v7e-m+fp/hard\libgcc.a(_arm_addsubdf3.o)
                0x00000000080002b0                __aeabi_drsub
                0x00000000080002b8                __aeabi_dsub
                0x00000000080002b8                __subdf3
                0x00000000080002bc                __aeabi_dadd
                0x00000000080002bc                __adddf3
                0x0000000008000534                __floatunsidf
                0x0000000008000534                __aeabi_ui2d
                0x0000000008000554                __floatsidf
                0x0000000008000554                __aeabi_i2d
                0x0000000008000578                __aeabi_f2d
                0x0000000008000578                __extendsfdf2
                0x00000000080005bc                __floatundidf
                0x00000000080005bc                __aeabi_ul2d
                0x00000000080005cc                __floatdidf
                0x00000000080005cc                __aeabi_l2d
 .text          0x0000000008000628      0x424 c:/huinya/stm32cubeide_1.8.0/stm32cubeide/plugins/com.st.stm32cube.ide.mcu.externaltools.gnu-tools-for-stm32.9-2020-q2-update.win32_2.0.0.202105311346/tools/bin/../lib/gcc/arm-none-eabi/9.3.1/thumb/v7e-m+fp/hard\libgcc.a(_arm_muldivdf3.o)
                0x0000000008000628                __aeabi_dmul
                0x0000000008000628                __muldf3
                0x000000000800087c                __divdf3
                0x000000000800087c                __aeabi_ddiv
 .text          0x0000000008000a4c      0x110 c:/huinya/stm32cubeide_1.8.0/stm32cubeide/plugins/com.st.stm32cube.ide.mcu.externaltools.gnu-tools-for-stm32.9-2020-q2-update.win32_2.0.0.202105311346/tools/bin/../lib/gcc/arm-none-eabi/9.3.1/thumb/v7e-m+fp/hard\libgcc.a(_arm_cmpdf2.o)
                0x0000000008000a4c                __gtdf2
                0x0000000008000a4c                __gedf2
                0x0000000008000a54                __ltdf2
                0x0000000008000a54                __ledf2
                0x0000000008000a5c                __nedf2
                0x0000000008000a5c                __eqdf2
                0x0000000008000a5c                __cmpdf2
                0x0000000008000ad8                __aeabi_cdrcmple
                0x0000000008000ae8                __aeabi_cdcmpeq
                0x0000000008000ae8                __aeabi_cdcmple
                0x0000000008000af8                __aeabi_dcmpeq
                0x0000000008000b0c                __aeabi_dcmplt
                0x0000000008000b20                __aeabi_dcmple
                0x0000000008000b34                __aeabi_dcmpge
                0x0000000008000b48                __aeabi_dcmpgt
 .text          0x0000000008000b5c       0x2c c:/huinya/stm32cubeide_1.8.0/stm32cubeide/plugins/com.st.stm32cube.ide.mcu.externaltools.gnu-tools-for-stm32.9-2020-q2-update.win32_2.0.0.202105311346/tools/bin/../lib/gcc/arm-none-eabi/9.3.1/thumb/v7e-m+fp/hard\libgcc.a(_arm_unorddf2.o)
                0x0000000008000b5c                __unorddf2
                0x0000000008000b5c                __aeabi_dcmpun
 .text          0x0000000008000b88       0x50 c:/huinya/stm32cubeide_1.8.0/stm32cubeide/plugins/com.st.stm32cube.ide.mcu.externaltools.gnu-tools-for-stm32.9-2020-q2-update.win32_2.0.0.202105311346/tools/bin/../lib/gcc/arm-none-eabi/9.3.1/thumb/v7e-m+fp/hard\libgcc.a(_arm_fixdfsi.o)
                0x0000000008000b88                __aeabi_d2iz
                0x0000000008000b88                __fixdfsi
 .text          0x0000000008000bd8       0x40 c:/huinya/stm32cubeide_1.8.0/stm32cubeide/plugins/com.st.stm32cube.ide.mcu.externaltools.gnu-tools-for-stm32.9-2020-q2-update.win32_2.0.0.202105311346/tools/bin/../lib/gcc/arm-none-eabi/9.3.1/thumb/v7e-m+fp/hard\libgcc.a(_arm_fixunsdfsi.o)
                0x0000000008000bd8                __aeabi_d2uiz
                0x0000000008000bd8                __fixunsdfsi
 .text          0x0000000008000c18       0xa0 c:/huinya/stm32cubeide_1.8.0/stm32cubeide/plugins/com.st.stm32cube.ide.mcu.externaltools.gnu-tools-for-stm32.9-2020-q2-update.win32_2.0.0.202105311346/tools/bin/../lib/gcc/arm-none-eabi/9.3.1/thumb/v7e-m+fp/hard\libgcc.a(_arm_truncdfsf2.o)
                0x0000000008000c18                __truncdfsf2
                0x0000000008000c18                __aeabi_d2f
 .text          0x0000000008000cb8       0x30 c:/huinya/stm32cubeide_1.8.0/stm32cubeide/plugins/com.st.stm32cube.ide.mcu.externaltools.gnu-tools-for-stm32.9-2020-q2-update.win32_2.0.0.202105311346/tools/bin/../lib/gcc/arm-none-eabi/9.3.1/thumb/v7e-m+fp/hard\libgcc.a(_aeabi_uldivmod.o)
                0x0000000008000cb8                __aeabi_uldivmod
 .text          0x0000000008000ce8       0x30 c:/huinya/stm32cubeide_1.8.0/stm32cubeide/plugins/com.st.stm32cube.ide.mcu.externaltools.gnu-tools-for-stm32.9-2020-q2-update.win32_2.0.0.202105311346/tools/bin/../lib/gcc/arm-none-eabi/9.3.1/thumb/v7e-m+fp/hard\libgcc.a(_fixdfdi.o)
                0x0000000008000ce8                __fixdfdi
                0x0000000008000ce8                __aeabi_d2lz
 .text          0x0000000008000d18       0x3c c:/huinya/stm32cubeide_1.8.0/stm32cubeide/plugins/com.st.stm32cube.ide.mcu.externaltools.gnu-tools-for-stm32.9-2020-q2-update.win32_2.0.0.202105311346/tools/bin/../lib/gcc/arm-none-eabi/9.3.1/thumb/v7e-m+fp/hard\libgcc.a(_fixunsdfdi.o)
                0x0000000008000d18                __fixunsdfdi
                0x0000000008000d18                __aeabi_d2ulz
 .text          0x0000000008000d54      0x2c4 c:/huinya/stm32cubeide_1.8.0/stm32cubeide/plugins/com.st.stm32cube.ide.mcu.externaltools.gnu-tools-for-stm32.9-2020-q2-update.win32_2.0.0.202105311346/tools/bin/../lib/gcc/arm-none-eabi/9.3.1/thumb/v7e-m+fp/hard\libgcc.a(_udivmoddi4.o)
                0x0000000008000d54                __udivmoddi4
 .text          0x0000000008001018        0x4 c:/huinya/stm32cubeide_1.8.0/stm32cubeide/plugins/com.st.stm32cube.ide.mcu.externaltools.gnu-tools-for-stm32.9-2020-q2-update.win32_2.0.0.202105311346/tools/bin/../lib/gcc/arm-none-eabi/9.3.1/thumb/v7e-m+fp/hard\libgcc.a(_dvmd_tls.o)
                0x0000000008001018                __aeabi_idiv0
                0x0000000008001018                __aeabi_ldiv0
 *(.text*)
 .text._write   0x000000000800101c       0x2c ./Application/app_main.o
                0x000000000800101c                _write
 .text.super_smart_write
                0x0000000008001048      0x168 ./Application/app_main.o
                0x0000000008001048                super_smart_write
 .text.app_main
                0x00000000080011b0      0x4b0 ./Application/app_main.o
                0x00000000080011b0                app_main
 .text.invSqrt  0x0000000008001660       0x4c ./Application/sebastian.o
 .text.MadgwickAHRSupdate
                0x00000000080016ac     0x13c0 ./Application/sebastian.o
                0x00000000080016ac                MadgwickAHRSupdate
 .text.MadgwickAHRSupdateIMU
                0x0000000008002a6c      0x698 ./Application/sebastian.o
                0x0000000008002a6c                MadgwickAHRSupdateIMU
 .text.main     0x0000000008003104       0x36 ./Core/Src/main.o
                0x0000000008003104                main
 *fill*         0x000000000800313a        0x2 
 .text.SystemClock_Config
                0x000000000800313c       0xd4 ./Core/Src/main.o
                0x000000000800313c                SystemClock_Config
 .text.MX_I2C1_Init
                0x0000000008003210       0x5c ./Core/Src/main.o
 .text.MX_SDIO_SD_Init
                0x000000000800326c       0x48 ./Core/Src/main.o
 .text.MX_SPI1_Init
                0x00000000080032b4       0x6c ./Core/Src/main.o
 .text.MX_SPI4_Init
                0x0000000008003320       0x6c ./Core/Src/main.o
 .text.MX_SPI5_Init
                0x000000000800338c       0x6c ./Core/Src/main.o
 .text.MX_USART1_UART_Init
                0x00000000080033f8       0x54 ./Core/Src/main.o
 .text.MX_USART2_UART_Init
                0x000000000800344c       0x54 ./Core/Src/main.o
 .text.MX_GPIO_Init
                0x00000000080034a0       0xfc ./Core/Src/main.o
 .text.Error_Handler
                0x000000000800359c        0xa ./Core/Src/main.o
                0x000000000800359c                Error_Handler
 *fill*         0x00000000080035a6        0x2 
 .text.HAL_MspInit
                0x00000000080035a8       0x50 ./Core/Src/stm32f4xx_hal_msp.o
                0x00000000080035a8                HAL_MspInit
 .text.HAL_I2C_MspInit
                0x00000000080035f8       0x90 ./Core/Src/stm32f4xx_hal_msp.o
                0x00000000080035f8                HAL_I2C_MspInit
 .text.HAL_I2C_MspDeInit
                0x0000000008003688       0x44 ./Core/Src/stm32f4xx_hal_msp.o
                0x0000000008003688                HAL_I2C_MspDeInit
 .text.HAL_SD_MspInit
                0x00000000080036cc       0xd4 ./Core/Src/stm32f4xx_hal_msp.o
                0x00000000080036cc                HAL_SD_MspInit
 .text.HAL_SPI_MspInit
                0x00000000080037a0      0x23c ./Core/Src/stm32f4xx_hal_msp.o
                0x00000000080037a0                HAL_SPI_MspInit
 .text.HAL_UART_MspInit
                0x00000000080039dc      0x148 ./Core/Src/stm32f4xx_hal_msp.o
                0x00000000080039dc                HAL_UART_MspInit
 .text.NMI_Handler
                0x0000000008003b24        0x6 ./Core/Src/stm32f4xx_it.o
                0x0000000008003b24                NMI_Handler
 .text.HardFault_Handler
                0x0000000008003b2a        0x6 ./Core/Src/stm32f4xx_it.o
                0x0000000008003b2a                HardFault_Handler
 .text.MemManage_Handler
                0x0000000008003b30        0x6 ./Core/Src/stm32f4xx_it.o
                0x0000000008003b30                MemManage_Handler
 .text.BusFault_Handler
                0x0000000008003b36        0x6 ./Core/Src/stm32f4xx_it.o
                0x0000000008003b36                BusFault_Handler
 .text.UsageFault_Handler
                0x0000000008003b3c        0x6 ./Core/Src/stm32f4xx_it.o
                0x0000000008003b3c                UsageFault_Handler
 .text.SVC_Handler
                0x0000000008003b42        0xe ./Core/Src/stm32f4xx_it.o
                0x0000000008003b42                SVC_Handler
 .text.DebugMon_Handler
                0x0000000008003b50        0xe ./Core/Src/stm32f4xx_it.o
                0x0000000008003b50                DebugMon_Handler
 .text.PendSV_Handler
                0x0000000008003b5e        0xe ./Core/Src/stm32f4xx_it.o
                0x0000000008003b5e                PendSV_Handler
 .text.SysTick_Handler
                0x0000000008003b6c        0xc ./Core/Src/stm32f4xx_it.o
                0x0000000008003b6c                SysTick_Handler
 .text.USART1_IRQHandler
                0x0000000008003b78       0x2c ./Core/Src/stm32f4xx_it.o
                0x0000000008003b78                USART1_IRQHandler
 .text._getpid  0x0000000008003ba4       0x10 ./Core/Src/syscalls.o
                0x0000000008003ba4                _getpid
 .text._kill    0x0000000008003bb4       0x20 ./Core/Src/syscalls.o
                0x0000000008003bb4                _kill
 .text._exit    0x0000000008003bd4       0x14 ./Core/Src/syscalls.o
                0x0000000008003bd4                _exit
 .text._read    0x0000000008003be8       0x3a ./Core/Src/syscalls.o
                0x0000000008003be8                _read
 .text._close   0x0000000008003c22       0x18 ./Core/Src/syscalls.o
                0x0000000008003c22                _close
 .text._fstat   0x0000000008003c3a       0x20 ./Core/Src/syscalls.o
                0x0000000008003c3a                _fstat
 .text._isatty  0x0000000008003c5a       0x16 ./Core/Src/syscalls.o
                0x0000000008003c5a                _isatty
 .text._lseek   0x0000000008003c70       0x1a ./Core/Src/syscalls.o
                0x0000000008003c70                _lseek
 *fill*         0x0000000008003c8a        0x2 
 .text._sbrk    0x0000000008003c8c       0x6c ./Core/Src/sysmem.o
                0x0000000008003c8c                _sbrk
 .text.SystemInit
                0x0000000008003cf8       0x24 ./Core/Src/system_stm32f4xx.o
                0x0000000008003cf8                SystemInit
 .text.Reset_Handler
                0x0000000008003d1c       0x50 ./Core/Startup/startup_stm32f411ceux.o
                0x0000000008003d1c                Reset_Handler
 .text.Default_Handler
                0x0000000008003d6c        0x2 ./Core/Startup/startup_stm32f411ceux.o
                0x0000000008003d6c                RTC_Alarm_IRQHandler
                0x0000000008003d6c                EXTI2_IRQHandler
                0x0000000008003d6c                SPI4_IRQHandler
                0x0000000008003d6c                TIM1_CC_IRQHandler
                0x0000000008003d6c                DMA2_Stream5_IRQHandler
                0x0000000008003d6c                DMA1_Stream5_IRQHandler
                0x0000000008003d6c                PVD_IRQHandler
                0x0000000008003d6c                SDIO_IRQHandler
                0x0000000008003d6c                TAMP_STAMP_IRQHandler
                0x0000000008003d6c                EXTI3_IRQHandler
                0x0000000008003d6c                TIM1_UP_TIM10_IRQHandler
                0x0000000008003d6c                I2C3_ER_IRQHandler
                0x0000000008003d6c                EXTI0_IRQHandler
                0x0000000008003d6c                I2C2_EV_IRQHandler
                0x0000000008003d6c                DMA1_Stream2_IRQHandler
                0x0000000008003d6c                FPU_IRQHandler
                0x0000000008003d6c                DMA2_Stream2_IRQHandler
                0x0000000008003d6c                SPI1_IRQHandler
                0x0000000008003d6c                TIM1_BRK_TIM9_IRQHandler
                0x0000000008003d6c                DMA2_Stream3_IRQHandler
                0x0000000008003d6c                USART6_IRQHandler
                0x0000000008003d6c                DMA2_Stream0_IRQHandler
                0x0000000008003d6c                TIM4_IRQHandler
                0x0000000008003d6c                I2C1_EV_IRQHandler
                0x0000000008003d6c                DMA1_Stream6_IRQHandler
                0x0000000008003d6c                DMA1_Stream1_IRQHandler
                0x0000000008003d6c                TIM3_IRQHandler
                0x0000000008003d6c                RCC_IRQHandler
                0x0000000008003d6c                Default_Handler
                0x0000000008003d6c                EXTI15_10_IRQHandler
                0x0000000008003d6c                ADC_IRQHandler
                0x0000000008003d6c                DMA1_Stream7_IRQHandler
                0x0000000008003d6c                SPI5_IRQHandler
                0x0000000008003d6c                TIM5_IRQHandler
                0x0000000008003d6c                DMA2_Stream7_IRQHandler
                0x0000000008003d6c                I2C3_EV_IRQHandler
                0x0000000008003d6c                EXTI9_5_IRQHandler
                0x0000000008003d6c                RTC_WKUP_IRQHandler
                0x0000000008003d6c                SPI2_IRQHandler
                0x0000000008003d6c                DMA1_Stream0_IRQHandler
                0x0000000008003d6c                EXTI4_IRQHandler
                0x0000000008003d6c                WWDG_IRQHandler
                0x0000000008003d6c                TIM2_IRQHandler
                0x0000000008003d6c                OTG_FS_WKUP_IRQHandler
                0x0000000008003d6c                TIM1_TRG_COM_TIM11_IRQHandler
                0x0000000008003d6c                EXTI1_IRQHandler
                0x0000000008003d6c                USART2_IRQHandler
                0x0000000008003d6c                I2C2_ER_IRQHandler
                0x0000000008003d6c                DMA2_Stream1_IRQHandler
                0x0000000008003d6c                FLASH_IRQHandler
                0x0000000008003d6c                DMA2_Stream4_IRQHandler
                0x0000000008003d6c                OTG_FS_IRQHandler
                0x0000000008003d6c                SPI3_IRQHandler
                0x0000000008003d6c                DMA1_Stream4_IRQHandler
                0x0000000008003d6c                I2C1_ER_IRQHandler
                0x0000000008003d6c                DMA2_Stream6_IRQHandler
                0x0000000008003d6c                DMA1_Stream3_IRQHandler
 .text.bme280_init
                0x0000000008003d6e       0x90 ./Drivers/BME280_I2C/bme280.o
                0x0000000008003d6e                bme280_init
 .text.bme280_get_regs
                0x0000000008003dfe       0x60 ./Drivers/BME280_I2C/bme280.o
                0x0000000008003dfe                bme280_get_regs
 .text.bme280_set_regs
                0x0000000008003e5e       0xf2 ./Drivers/BME280_I2C/bme280.o
                0x0000000008003e5e                bme280_set_regs
 .text.bme280_set_sensor_settings
                0x0000000008003f50       0xaa ./Drivers/BME280_I2C/bme280.o
                0x0000000008003f50                bme280_set_sensor_settings
 .text.bme280_set_sensor_mode
                0x0000000008003ffa       0x68 ./Drivers/BME280_I2C/bme280.o
                0x0000000008003ffa                bme280_set_sensor_mode
 .text.bme280_get_sensor_mode
                0x0000000008004062       0x46 ./Drivers/BME280_I2C/bme280.o
                0x0000000008004062                bme280_get_sensor_mode
 .text.bme280_soft_reset
                0x00000000080040a8       0x96 ./Drivers/BME280_I2C/bme280.o
                0x00000000080040a8                bme280_soft_reset
 .text.bme280_get_sensor_data
                0x000000000800413e       0x92 ./Drivers/BME280_I2C/bme280.o
                0x000000000800413e                bme280_get_sensor_data
 .text.bme280_parse_sensor_data
                0x00000000080041d0       0x8c ./Drivers/BME280_I2C/bme280.o
                0x00000000080041d0                bme280_parse_sensor_data
 .text.bme280_compensate_data
                0x000000000800425c       0xc2 ./Drivers/BME280_I2C/bme280.o
                0x000000000800425c                bme280_compensate_data
 .text.set_osr_settings
                0x000000000800431e       0x4e ./Drivers/BME280_I2C/bme280.o
 .text.set_osr_humidity_settings
                0x000000000800436c       0x74 ./Drivers/BME280_I2C/bme280.o
 .text.set_osr_press_temp_settings
                0x00000000080043e0       0x78 ./Drivers/BME280_I2C/bme280.o
 .text.set_filter_standby_settings
                0x0000000008004458       0x78 ./Drivers/BME280_I2C/bme280.o
 .text.fill_filter_settings
                0x00000000080044d0       0x3a ./Drivers/BME280_I2C/bme280.o
 .text.fill_standby_settings
                0x000000000800450a       0x34 ./Drivers/BME280_I2C/bme280.o
 .text.fill_osr_press_settings
                0x000000000800453e       0x3a ./Drivers/BME280_I2C/bme280.o
 .text.fill_osr_temp_settings
                0x0000000008004578       0x34 ./Drivers/BME280_I2C/bme280.o
 .text.parse_device_settings
                0x00000000080045ac       0x68 ./Drivers/BME280_I2C/bme280.o
 .text.write_power_mode
                0x0000000008004614       0x66 ./Drivers/BME280_I2C/bme280.o
 .text.put_device_to_sleep
                0x000000000800467a       0x60 ./Drivers/BME280_I2C/bme280.o
 .text.reload_device_settings
                0x00000000080046da       0x3a ./Drivers/BME280_I2C/bme280.o
 .text.compensate_temperature
                0x0000000008004714      0x1a4 ./Drivers/BME280_I2C/bme280.o
 .text.compensate_pressure
                0x00000000080048b8      0x3a0 ./Drivers/BME280_I2C/bme280.o
 .text.compensate_humidity
                0x0000000008004c58      0x240 ./Drivers/BME280_I2C/bme280.o
 .text.get_calib_data
                0x0000000008004e98       0x8a ./Drivers/BME280_I2C/bme280.o
 .text.interleave_reg_addr
                0x0000000008004f22       0x58 ./Drivers/BME280_I2C/bme280.o
 .text.parse_temp_press_calib_data
                0x0000000008004f7a      0x15e ./Drivers/BME280_I2C/bme280.o
 .text.parse_humidity_calib_data
                0x00000000080050d8       0x9c ./Drivers/BME280_I2C/bme280.o
 .text.are_settings_changed
                0x0000000008005174       0x38 ./Drivers/BME280_I2C/bme280.o
 .text.null_ptr_check
                0x00000000080051ac       0x40 ./Drivers/BME280_I2C/bme280.o
 .text._dev_by_id
                0x00000000080051ec       0x48 ./Drivers/BME280_I2C/its_bme280.o
 .text._i2c_read
                0x0000000008005234       0x70 ./Drivers/BME280_I2C/its_bme280.o
 .text._i2c_write
                0x00000000080052a4       0x70 ./Drivers/BME280_I2C/its_bme280.o
 .text._delay_ms
                0x0000000008005314       0x16 ./Drivers/BME280_I2C/its_bme280.o
 .text.its_bme280_init
                0x000000000800532a       0x88 ./Drivers/BME280_I2C/its_bme280.o
                0x000000000800532a                its_bme280_init
 *fill*         0x00000000080053b2        0x6 
 .text.its_bme280_read
                0x00000000080053b8       0xdc ./Drivers/BME280_I2C/its_bme280.o
                0x00000000080053b8                its_bme280_read
 .text.wait_for_gpio_state_timeout
                0x0000000008005494       0x66 ./Drivers/I2C_crutch/i2c-crutch.o
 *fill*         0x00000000080054fa        0x2 
 .text.I2C_ClearBusyFlagErratum
                0x00000000080054fc      0x168 ./Drivers/I2C_crutch/i2c-crutch.o
                0x00000000080054fc                I2C_ClearBusyFlagErratum
 .text.HAL_Init
                0x0000000008005664       0x44 ./Drivers/STM32F4xx_HAL_Driver/Src/stm32f4xx_hal.o
                0x0000000008005664                HAL_Init
 .text.HAL_InitTick
                0x00000000080056a8       0x60 ./Drivers/STM32F4xx_HAL_Driver/Src/stm32f4xx_hal.o
                0x00000000080056a8                HAL_InitTick
 .text.HAL_IncTick
                0x0000000008005708       0x28 ./Drivers/STM32F4xx_HAL_Driver/Src/stm32f4xx_hal.o
                0x0000000008005708                HAL_IncTick
 .text.HAL_GetTick
                0x0000000008005730       0x18 ./Drivers/STM32F4xx_HAL_Driver/Src/stm32f4xx_hal.o
                0x0000000008005730                HAL_GetTick
 .text.HAL_Delay
                0x0000000008005748       0x48 ./Drivers/STM32F4xx_HAL_Driver/Src/stm32f4xx_hal.o
                0x0000000008005748                HAL_Delay
 .text.__NVIC_SetPriorityGrouping
                0x0000000008005790       0x48 ./Drivers/STM32F4xx_HAL_Driver/Src/stm32f4xx_hal_cortex.o
 .text.__NVIC_GetPriorityGrouping
                0x00000000080057d8       0x1c ./Drivers/STM32F4xx_HAL_Driver/Src/stm32f4xx_hal_cortex.o
 .text.__NVIC_EnableIRQ
                0x00000000080057f4       0x3c ./Drivers/STM32F4xx_HAL_Driver/Src/stm32f4xx_hal_cortex.o
 .text.__NVIC_SetPriority
                0x0000000008005830       0x54 ./Drivers/STM32F4xx_HAL_Driver/Src/stm32f4xx_hal_cortex.o
 .text.NVIC_EncodePriority
                0x0000000008005884       0x66 ./Drivers/STM32F4xx_HAL_Driver/Src/stm32f4xx_hal_cortex.o
 *fill*         0x00000000080058ea        0x2 
 .text.SysTick_Config
                0x00000000080058ec       0x44 ./Drivers/STM32F4xx_HAL_Driver/Src/stm32f4xx_hal_cortex.o
 .text.HAL_NVIC_SetPriorityGrouping
                0x0000000008005930       0x16 ./Drivers/STM32F4xx_HAL_Driver/Src/stm32f4xx_hal_cortex.o
                0x0000000008005930                HAL_NVIC_SetPriorityGrouping
 .text.HAL_NVIC_SetPriority
                0x0000000008005946       0x38 ./Drivers/STM32F4xx_HAL_Driver/Src/stm32f4xx_hal_cortex.o
                0x0000000008005946                HAL_NVIC_SetPriority
 .text.HAL_NVIC_EnableIRQ
                0x000000000800597e       0x1c ./Drivers/STM32F4xx_HAL_Driver/Src/stm32f4xx_hal_cortex.o
                0x000000000800597e                HAL_NVIC_EnableIRQ
 .text.HAL_SYSTICK_Config
                0x000000000800599a       0x18 ./Drivers/STM32F4xx_HAL_Driver/Src/stm32f4xx_hal_cortex.o
                0x000000000800599a                HAL_SYSTICK_Config
 *fill*         0x00000000080059b2        0x2 
 .text.HAL_GPIO_Init
                0x00000000080059b4      0x308 ./Drivers/STM32F4xx_HAL_Driver/Src/stm32f4xx_hal_gpio.o
                0x00000000080059b4                HAL_GPIO_Init
 .text.HAL_GPIO_DeInit
                0x0000000008005cbc      0x1c8 ./Drivers/STM32F4xx_HAL_Driver/Src/stm32f4xx_hal_gpio.o
                0x0000000008005cbc                HAL_GPIO_DeInit
 .text.HAL_GPIO_ReadPin
                0x0000000008005e84       0x30 ./Drivers/STM32F4xx_HAL_Driver/Src/stm32f4xx_hal_gpio.o
                0x0000000008005e84                HAL_GPIO_ReadPin
 .text.HAL_GPIO_WritePin
                0x0000000008005eb4       0x32 ./Drivers/STM32F4xx_HAL_Driver/Src/stm32f4xx_hal_gpio.o
                0x0000000008005eb4                HAL_GPIO_WritePin
 *fill*         0x0000000008005ee6        0x2 
 .text.HAL_I2C_Init
                0x0000000008005ee8      0x288 ./Drivers/STM32F4xx_HAL_Driver/Src/stm32f4xx_hal_i2c.o
                0x0000000008005ee8                HAL_I2C_Init
 .text.HAL_I2C_DeInit
                0x0000000008006170       0x5e ./Drivers/STM32F4xx_HAL_Driver/Src/stm32f4xx_hal_i2c.o
                0x0000000008006170                HAL_I2C_DeInit
 *fill*         0x00000000080061ce        0x2 
 .text.HAL_I2C_Mem_Write
                0x00000000080061d0      0x1f4 ./Drivers/STM32F4xx_HAL_Driver/Src/stm32f4xx_hal_i2c.o
                0x00000000080061d0                HAL_I2C_Mem_Write
 .text.HAL_I2C_Mem_Read
                0x00000000080063c4      0x44c ./Drivers/STM32F4xx_HAL_Driver/Src/stm32f4xx_hal_i2c.o
                0x00000000080063c4                HAL_I2C_Mem_Read
 .text.I2C_RequestMemoryWrite
                0x0000000008006810      0x12c ./Drivers/STM32F4xx_HAL_Driver/Src/stm32f4xx_hal_i2c.o
 .text.I2C_RequestMemoryRead
                0x000000000800693c      0x1d0 ./Drivers/STM32F4xx_HAL_Driver/Src/stm32f4xx_hal_i2c.o
 .text.I2C_WaitOnFlagUntilTimeout
                0x0000000008006b0c       0xae ./Drivers/STM32F4xx_HAL_Driver/Src/stm32f4xx_hal_i2c.o
 .text.I2C_WaitOnMasterAddressFlagUntilTimeout
                0x0000000008006bba       0xfe ./Drivers/STM32F4xx_HAL_Driver/Src/stm32f4xx_hal_i2c.o
 .text.I2C_WaitOnTXEFlagUntilTimeout
                0x0000000008006cb8       0x82 ./Drivers/STM32F4xx_HAL_Driver/Src/stm32f4xx_hal_i2c.o
 .text.I2C_WaitOnBTFFlagUntilTimeout
                0x0000000008006d3a       0x82 ./Drivers/STM32F4xx_HAL_Driver/Src/stm32f4xx_hal_i2c.o
 .text.I2C_WaitOnRXNEFlagUntilTimeout
                0x0000000008006dbc       0xac ./Drivers/STM32F4xx_HAL_Driver/Src/stm32f4xx_hal_i2c.o
 .text.I2C_IsAcknowledgeFailed
                0x0000000008006e68       0x5e ./Drivers/STM32F4xx_HAL_Driver/Src/stm32f4xx_hal_i2c.o
 *fill*         0x0000000008006ec6        0x2 
 .text.HAL_RCC_OscConfig
                0x0000000008006ec8      0x4f0 ./Drivers/STM32F4xx_HAL_Driver/Src/stm32f4xx_hal_rcc.o
                0x0000000008006ec8                HAL_RCC_OscConfig
 .text.HAL_RCC_ClockConfig
                0x00000000080073b8      0x1cc ./Drivers/STM32F4xx_HAL_Driver/Src/stm32f4xx_hal_rcc.o
                0x00000000080073b8                HAL_RCC_ClockConfig
 .text.HAL_RCC_GetSysClockFreq
                0x0000000008007584      0x16c ./Drivers/STM32F4xx_HAL_Driver/Src/stm32f4xx_hal_rcc.o
                0x0000000008007584                HAL_RCC_GetSysClockFreq
 .text.HAL_RCC_GetHCLKFreq
                0x00000000080076f0       0x18 ./Drivers/STM32F4xx_HAL_Driver/Src/stm32f4xx_hal_rcc.o
                0x00000000080076f0                HAL_RCC_GetHCLKFreq
 .text.HAL_RCC_GetPCLK1Freq
                0x0000000008007708       0x28 ./Drivers/STM32F4xx_HAL_Driver/Src/stm32f4xx_hal_rcc.o
                0x0000000008007708                HAL_RCC_GetPCLK1Freq
 .text.HAL_RCC_GetPCLK2Freq
                0x0000000008007730       0x28 ./Drivers/STM32F4xx_HAL_Driver/Src/stm32f4xx_hal_rcc.o
                0x0000000008007730                HAL_RCC_GetPCLK2Freq
 .text.HAL_SD_Init
                0x0000000008007758       0x60 ./Drivers/STM32F4xx_HAL_Driver/Src/stm32f4xx_hal_sd.o
                0x0000000008007758                HAL_SD_Init
 .text.HAL_SD_InitCard
                0x00000000080077b8       0xfc ./Drivers/STM32F4xx_HAL_Driver/Src/stm32f4xx_hal_sd.o
                0x00000000080077b8                HAL_SD_InitCard
 .text.HAL_SD_ReadBlocks
                0x00000000080078b4      0x3bc ./Drivers/STM32F4xx_HAL_Driver/Src/stm32f4xx_hal_sd.o
                0x00000000080078b4                HAL_SD_ReadBlocks
 .text.HAL_SD_WriteBlocks
                0x0000000008007c70      0x30c ./Drivers/STM32F4xx_HAL_Driver/Src/stm32f4xx_hal_sd.o
                0x0000000008007c70                HAL_SD_WriteBlocks
 .text.HAL_SD_GetCardCSD
                0x0000000008007f7c      0x348 ./Drivers/STM32F4xx_HAL_Driver/Src/stm32f4xx_hal_sd.o
                0x0000000008007f7c                HAL_SD_GetCardCSD
 .text.HAL_SD_GetCardInfo
                0x00000000080082c4       0x58 ./Drivers/STM32F4xx_HAL_Driver/Src/stm32f4xx_hal_sd.o
                0x00000000080082c4                HAL_SD_GetCardInfo
 .text.HAL_SD_ConfigWideBusOperation
                0x000000000800831c      0x134 ./Drivers/STM32F4xx_HAL_Driver/Src/stm32f4xx_hal_sd.o
                0x000000000800831c                HAL_SD_ConfigWideBusOperation
 .text.HAL_SD_GetCardState
                0x0000000008008450       0x40 ./Drivers/STM32F4xx_HAL_Driver/Src/stm32f4xx_hal_sd.o
                0x0000000008008450                HAL_SD_GetCardState
 .text.SD_InitCard
                0x0000000008008490      0x198 ./Drivers/STM32F4xx_HAL_Driver/Src/stm32f4xx_hal_sd.o
 .text.SD_PowerON
                0x0000000008008628      0x11c ./Drivers/STM32F4xx_HAL_Driver/Src/stm32f4xx_hal_sd.o
 .text.SD_SendStatus
                0x0000000008008744       0x50 ./Drivers/STM32F4xx_HAL_Driver/Src/stm32f4xx_hal_sd.o
 .text.SD_WideBus_Enable
                0x0000000008008794       0x96 ./Drivers/STM32F4xx_HAL_Driver/Src/stm32f4xx_hal_sd.o
 .text.SD_WideBus_Disable
                0x000000000800882a       0x96 ./Drivers/STM32F4xx_HAL_Driver/Src/stm32f4xx_hal_sd.o
 .text.SD_FindSCR
                0x00000000080088c0      0x1a6 ./Drivers/STM32F4xx_HAL_Driver/Src/stm32f4xx_hal_sd.o
 .text.HAL_SPI_Init
                0x0000000008008a66      0x112 ./Drivers/STM32F4xx_HAL_Driver/Src/stm32f4xx_hal_spi.o
                0x0000000008008a66                HAL_SPI_Init
 .text.HAL_SPI_Transmit
                0x0000000008008b78      0x278 ./Drivers/STM32F4xx_HAL_Driver/Src/stm32f4xx_hal_spi.o
                0x0000000008008b78                HAL_SPI_Transmit
 .text.HAL_SPI_Receive
                0x0000000008008df0      0x222 ./Drivers/STM32F4xx_HAL_Driver/Src/stm32f4xx_hal_spi.o
                0x0000000008008df0                HAL_SPI_Receive
 .text.HAL_SPI_TransmitReceive
                0x0000000008009012      0x344 ./Drivers/STM32F4xx_HAL_Driver/Src/stm32f4xx_hal_spi.o
                0x0000000008009012                HAL_SPI_TransmitReceive
 *fill*         0x0000000008009356        0x2 
 .text.SPI_WaitFlagStateUntilTimeout
                0x0000000008009358      0x110 ./Drivers/STM32F4xx_HAL_Driver/Src/stm32f4xx_hal_spi.o
 .text.SPI_EndRxTransaction
                0x0000000008009468       0xca ./Drivers/STM32F4xx_HAL_Driver/Src/stm32f4xx_hal_spi.o
 *fill*         0x0000000008009532        0x2 
 .text.SPI_EndRxTxTransaction
                0x0000000008009534       0x84 ./Drivers/STM32F4xx_HAL_Driver/Src/stm32f4xx_hal_spi.o
 .text.HAL_UART_Init
                0x00000000080095b8       0x9a ./Drivers/STM32F4xx_HAL_Driver/Src/stm32f4xx_hal_uart.o
                0x00000000080095b8                HAL_UART_Init
 .text.HAL_UART_Transmit
                0x0000000008009652      0x124 ./Drivers/STM32F4xx_HAL_Driver/Src/stm32f4xx_hal_uart.o
                0x0000000008009652                HAL_UART_Transmit
 .text.UART_WaitOnFlagUntilTimeout
                0x0000000008009776       0xdc ./Drivers/STM32F4xx_HAL_Driver/Src/stm32f4xx_hal_uart.o
 *fill*         0x0000000008009852        0x2 
 .text.UART_SetConfig
                0x0000000008009854      0x390 ./Drivers/STM32F4xx_HAL_Driver/Src/stm32f4xx_hal_uart.o
 .text.SDIO_Init
                0x0000000008009be4       0x56 ./Drivers/STM32F4xx_HAL_Driver/Src/stm32f4xx_ll_sdmmc.o
                0x0000000008009be4                SDIO_Init
 .text.SDIO_ReadFIFO
                0x0000000008009c3a       0x1a ./Drivers/STM32F4xx_HAL_Driver/Src/stm32f4xx_ll_sdmmc.o
                0x0000000008009c3a                SDIO_ReadFIFO
 .text.SDIO_WriteFIFO
                0x0000000008009c54       0x22 ./Drivers/STM32F4xx_HAL_Driver/Src/stm32f4xx_ll_sdmmc.o
                0x0000000008009c54                SDIO_WriteFIFO
 .text.SDIO_PowerState_ON
                0x0000000008009c76       0x1e ./Drivers/STM32F4xx_HAL_Driver/Src/stm32f4xx_ll_sdmmc.o
                0x0000000008009c76                SDIO_PowerState_ON
 .text.SDIO_GetPowerState
                0x0000000008009c94       0x1c ./Drivers/STM32F4xx_HAL_Driver/Src/stm32f4xx_ll_sdmmc.o
                0x0000000008009c94                SDIO_GetPowerState
 .text.SDIO_SendCommand
                0x0000000008009cb0       0x54 ./Drivers/STM32F4xx_HAL_Driver/Src/stm32f4xx_ll_sdmmc.o
                0x0000000008009cb0                SDIO_SendCommand
 .text.SDIO_GetCommandResponse
                0x0000000008009d04       0x1a ./Drivers/STM32F4xx_HAL_Driver/Src/stm32f4xx_ll_sdmmc.o
                0x0000000008009d04                SDIO_GetCommandResponse
 .text.SDIO_GetResponse
                0x0000000008009d1e       0x26 ./Drivers/STM32F4xx_HAL_Driver/Src/stm32f4xx_ll_sdmmc.o
                0x0000000008009d1e                SDIO_GetResponse
 .text.SDIO_ConfigData
                0x0000000008009d44       0x58 ./Drivers/STM32F4xx_HAL_Driver/Src/stm32f4xx_ll_sdmmc.o
                0x0000000008009d44                SDIO_ConfigData
 .text.SDMMC_CmdBlockLength
                0x0000000008009d9c       0x44 ./Drivers/STM32F4xx_HAL_Driver/Src/stm32f4xx_ll_sdmmc.o
                0x0000000008009d9c                SDMMC_CmdBlockLength
 .text.SDMMC_CmdReadSingleBlock
                0x0000000008009de0       0x44 ./Drivers/STM32F4xx_HAL_Driver/Src/stm32f4xx_ll_sdmmc.o
                0x0000000008009de0                SDMMC_CmdReadSingleBlock
 .text.SDMMC_CmdReadMultiBlock
                0x0000000008009e24       0x44 ./Drivers/STM32F4xx_HAL_Driver/Src/stm32f4xx_ll_sdmmc.o
                0x0000000008009e24                SDMMC_CmdReadMultiBlock
 .text.SDMMC_CmdWriteSingleBlock
                0x0000000008009e68       0x44 ./Drivers/STM32F4xx_HAL_Driver/Src/stm32f4xx_ll_sdmmc.o
                0x0000000008009e68                SDMMC_CmdWriteSingleBlock
 .text.SDMMC_CmdWriteMultiBlock
                0x0000000008009eac       0x44 ./Drivers/STM32F4xx_HAL_Driver/Src/stm32f4xx_ll_sdmmc.o
                0x0000000008009eac                SDMMC_CmdWriteMultiBlock
 .text.SDMMC_CmdStopTransfer
                0x0000000008009ef0       0x44 ./Drivers/STM32F4xx_HAL_Driver/Src/stm32f4xx_ll_sdmmc.o
                0x0000000008009ef0                SDMMC_CmdStopTransfer
 .text.SDMMC_CmdSelDesel
                0x0000000008009f34       0x46 ./Drivers/STM32F4xx_HAL_Driver/Src/stm32f4xx_ll_sdmmc.o
                0x0000000008009f34                SDMMC_CmdSelDesel
 .text.SDMMC_CmdGoIdleState
                0x0000000008009f7a       0x3c ./Drivers/STM32F4xx_HAL_Driver/Src/stm32f4xx_ll_sdmmc.o
                0x0000000008009f7a                SDMMC_CmdGoIdleState
 .text.SDMMC_CmdOperCond
                0x0000000008009fb6       0x3e ./Drivers/STM32F4xx_HAL_Driver/Src/stm32f4xx_ll_sdmmc.o
                0x0000000008009fb6                SDMMC_CmdOperCond
 .text.SDMMC_CmdAppCommand
                0x0000000008009ff4       0x44 ./Drivers/STM32F4xx_HAL_Driver/Src/stm32f4xx_ll_sdmmc.o
                0x0000000008009ff4                SDMMC_CmdAppCommand
 .text.SDMMC_CmdAppOperCommand
                0x000000000800a038       0x46 ./Drivers/STM32F4xx_HAL_Driver/Src/stm32f4xx_ll_sdmmc.o
                0x000000000800a038                SDMMC_CmdAppOperCommand
 .text.SDMMC_CmdBusWidth
                0x000000000800a07e       0x44 ./Drivers/STM32F4xx_HAL_Driver/Src/stm32f4xx_ll_sdmmc.o
                0x000000000800a07e                SDMMC_CmdBusWidth
 .text.SDMMC_CmdSendSCR
                0x000000000800a0c2       0x42 ./Drivers/STM32F4xx_HAL_Driver/Src/stm32f4xx_ll_sdmmc.o
                0x000000000800a0c2                SDMMC_CmdSendSCR
 .text.SDMMC_CmdSendCID
                0x000000000800a104       0x3c ./Drivers/STM32F4xx_HAL_Driver/Src/stm32f4xx_ll_sdmmc.o
                0x000000000800a104                SDMMC_CmdSendCID
 .text.SDMMC_CmdSendCSD
                0x000000000800a140       0x3e ./Drivers/STM32F4xx_HAL_Driver/Src/stm32f4xx_ll_sdmmc.o
                0x000000000800a140                SDMMC_CmdSendCSD
 .text.SDMMC_CmdSetRelAdd
                0x000000000800a17e       0x42 ./Drivers/STM32F4xx_HAL_Driver/Src/stm32f4xx_ll_sdmmc.o
                0x000000000800a17e                SDMMC_CmdSetRelAdd
 .text.SDMMC_CmdSendStatus
                0x000000000800a1c0       0x44 ./Drivers/STM32F4xx_HAL_Driver/Src/stm32f4xx_ll_sdmmc.o
                0x000000000800a1c0                SDMMC_CmdSendStatus
 .text.SDMMC_GetCmdError
                0x000000000800a204       0x58 ./Drivers/STM32F4xx_HAL_Driver/Src/stm32f4xx_ll_sdmmc.o
 .text.SDMMC_GetCmdResp1
                0x000000000800a25c      0x1dc ./Drivers/STM32F4xx_HAL_Driver/Src/stm32f4xx_ll_sdmmc.o
 .text.SDMMC_GetCmdResp2
                0x000000000800a438       0x90 ./Drivers/STM32F4xx_HAL_Driver/Src/stm32f4xx_ll_sdmmc.o
 .text.SDMMC_GetCmdResp3
                0x000000000800a4c8       0x7c ./Drivers/STM32F4xx_HAL_Driver/Src/stm32f4xx_ll_sdmmc.o
 .text.SDMMC_GetCmdResp6
                0x000000000800a544       0xec ./Drivers/STM32F4xx_HAL_Driver/Src/stm32f4xx_ll_sdmmc.o
 .text.SDMMC_GetCmdResp7
                0x000000000800a630       0x9c ./Drivers/STM32F4xx_HAL_Driver/Src/stm32f4xx_ll_sdmmc.o
 .text.MX_FATFS_Init
                0x000000000800a6cc       0x24 ./FATFS/App/fatfs.o
                0x000000000800a6cc                MX_FATFS_Init
 .text.get_fattime
                0x000000000800a6f0       0x10 ./FATFS/App/fatfs.o
                0x000000000800a6f0                get_fattime
 .text.BSP_SD_Init
                0x000000000800a700       0x4c ./FATFS/Target/bsp_driver_sd.o
                0x000000000800a700                BSP_SD_Init
 .text.BSP_SD_ReadBlocks
                0x000000000800a74c       0x3c ./FATFS/Target/bsp_driver_sd.o
                0x000000000800a74c                BSP_SD_ReadBlocks
 .text.BSP_SD_WriteBlocks
                0x000000000800a788       0x3c ./FATFS/Target/bsp_driver_sd.o
                0x000000000800a788                BSP_SD_WriteBlocks
 .text.BSP_SD_GetCardState
                0x000000000800a7c4       0x20 ./FATFS/Target/bsp_driver_sd.o
                0x000000000800a7c4                BSP_SD_GetCardState
 .text.BSP_SD_GetCardInfo
                0x000000000800a7e4       0x1c ./FATFS/Target/bsp_driver_sd.o
                0x000000000800a7e4                BSP_SD_GetCardInfo
 .text.BSP_SD_IsDetected
                0x000000000800a800       0x1a ./FATFS/Target/bsp_driver_sd.o
                0x000000000800a800                BSP_SD_IsDetected
 *fill*         0x000000000800a81a        0x2 
 .text.SD_CheckStatus
                0x000000000800a81c       0x3c ./FATFS/Target/sd_diskio.o
 .text.SD_initialize
                0x000000000800a858       0x3c ./FATFS/Target/sd_diskio.o
                0x000000000800a858                SD_initialize
 .text.SD_status
                0x000000000800a894       0x1c ./FATFS/Target/sd_diskio.o
                0x000000000800a894                SD_status
 .text.SD_read  0x000000000800a8b0       0x42 ./FATFS/Target/sd_diskio.o
                0x000000000800a8b0                SD_read
 .text.SD_write
                0x000000000800a8f2       0x42 ./FATFS/Target/sd_diskio.o
                0x000000000800a8f2                SD_write
 .text.SD_ioctl
                0x000000000800a934       0xb0 ./FATFS/Target/sd_diskio.o
                0x000000000800a934                SD_ioctl
 .text.disk_status
                0x000000000800a9e4       0x34 ./Middlewares/Third_Party/FatFs/src/diskio.o
                0x000000000800a9e4                disk_status
 .text.disk_initialize
                0x000000000800aa18       0x4c ./Middlewares/Third_Party/FatFs/src/diskio.o
                0x000000000800aa18                disk_initialize
 .text.disk_read
                0x000000000800aa64       0x40 ./Middlewares/Third_Party/FatFs/src/diskio.o
                0x000000000800aa64                disk_read
 .text.disk_write
                0x000000000800aaa4       0x40 ./Middlewares/Third_Party/FatFs/src/diskio.o
                0x000000000800aaa4                disk_write
 .text.disk_ioctl
                0x000000000800aae4       0x3c ./Middlewares/Third_Party/FatFs/src/diskio.o
                0x000000000800aae4                disk_ioctl
 .text.ld_word  0x000000000800ab20       0x30 ./Middlewares/Third_Party/FatFs/src/ff.o
 .text.ld_dword
                0x000000000800ab50       0x46 ./Middlewares/Third_Party/FatFs/src/ff.o
 .text.st_word  0x000000000800ab96       0x36 ./Middlewares/Third_Party/FatFs/src/ff.o
 .text.st_dword
                0x000000000800abcc       0x58 ./Middlewares/Third_Party/FatFs/src/ff.o
 .text.mem_cpy  0x000000000800ac24       0x42 ./Middlewares/Third_Party/FatFs/src/ff.o
 .text.mem_set  0x000000000800ac66       0x36 ./Middlewares/Third_Party/FatFs/src/ff.o
 .text.mem_cmp  0x000000000800ac9c       0x4e ./Middlewares/Third_Party/FatFs/src/ff.o
 .text.chk_chr  0x000000000800acea       0x36 ./Middlewares/Third_Party/FatFs/src/ff.o
 .text.chk_lock
                0x000000000800ad20       0xb8 ./Middlewares/Third_Party/FatFs/src/ff.o
 .text.enq_lock
                0x000000000800add8       0x44 ./Middlewares/Third_Party/FatFs/src/ff.o
 .text.inc_lock
                0x000000000800ae1c      0x11c ./Middlewares/Third_Party/FatFs/src/ff.o
 .text.dec_lock
                0x000000000800af38       0x78 ./Middlewares/Third_Party/FatFs/src/ff.o
 .text.clear_lock
                0x000000000800afb0       0x48 ./Middlewares/Third_Party/FatFs/src/ff.o
 .text.sync_window
                0x000000000800aff8       0x88 ./Middlewares/Third_Party/FatFs/src/ff.o
 .text.move_window
                0x000000000800b080       0x5a ./Middlewares/Third_Party/FatFs/src/ff.o
 *fill*         0x000000000800b0da        0x2 
 .text.sync_fs  0x000000000800b0dc       0xe0 ./Middlewares/Third_Party/FatFs/src/ff.o
 .text.clust2sect
                0x000000000800b1bc       0x3e ./Middlewares/Third_Party/FatFs/src/ff.o
 .text.get_fat  0x000000000800b1fa      0x1a8 ./Middlewares/Third_Party/FatFs/src/ff.o
 .text.put_fat  0x000000000800b3a2      0x238 ./Middlewares/Third_Party/FatFs/src/ff.o
 .text.remove_chain
                0x000000000800b5da       0xca ./Middlewares/Third_Party/FatFs/src/ff.o
 .text.create_chain
                0x000000000800b6a4      0x130 ./Middlewares/Third_Party/FatFs/src/ff.o
 .text.clmt_clust
                0x000000000800b7d4       0x70 ./Middlewares/Third_Party/FatFs/src/ff.o
 .text.dir_sdi  0x000000000800b844      0x112 ./Middlewares/Third_Party/FatFs/src/ff.o
 .text.dir_next
                0x000000000800b956      0x1ac ./Middlewares/Third_Party/FatFs/src/ff.o
 .text.dir_alloc
                0x000000000800bb02       0x8e ./Middlewares/Third_Party/FatFs/src/ff.o
 .text.ld_clust
                0x000000000800bb90       0x3e ./Middlewares/Third_Party/FatFs/src/ff.o
 .text.st_clust
                0x000000000800bbce       0x40 ./Middlewares/Third_Party/FatFs/src/ff.o
 *fill*         0x000000000800bc0e        0x2 
 .text.cmp_lfn  0x000000000800bc10       0xe0 ./Middlewares/Third_Party/FatFs/src/ff.o
 .text.put_lfn  0x000000000800bcf0       0xd0 ./Middlewares/Third_Party/FatFs/src/ff.o
 .text.gen_numname
                0x000000000800bdc0      0x120 ./Middlewares/Third_Party/FatFs/src/ff.o
 .text.sum_sfn  0x000000000800bee0       0x42 ./Middlewares/Third_Party/FatFs/src/ff.o
 .text.dir_find
                0x000000000800bf22      0x180 ./Middlewares/Third_Party/FatFs/src/ff.o
 *fill*         0x000000000800c0a2        0x2 
 .text.dir_register
                0x000000000800c0a4      0x1f0 ./Middlewares/Third_Party/FatFs/src/ff.o
 .text.create_name
                0x000000000800c294      0x370 ./Middlewares/Third_Party/FatFs/src/ff.o
 .text.follow_path
                0x000000000800c604       0xec ./Middlewares/Third_Party/FatFs/src/ff.o
 .text.get_ldnumber
                0x000000000800c6f0       0x88 ./Middlewares/Third_Party/FatFs/src/ff.o
 .text.check_fs
                0x000000000800c778       0xac ./Middlewares/Third_Party/FatFs/src/ff.o
 .text.find_volume
                0x000000000800c824      0x510 ./Middlewares/Third_Party/FatFs/src/ff.o
 .text.validate
                0x000000000800cd34       0x6a ./Middlewares/Third_Party/FatFs/src/ff.o
 *fill*         0x000000000800cd9e        0x2 
 .text.f_mount  0x000000000800cda0       0x8c ./Middlewares/Third_Party/FatFs/src/ff.o
                0x000000000800cda0                f_mount
 .text.f_open   0x000000000800ce2c      0x398 ./Middlewares/Third_Party/FatFs/src/ff.o
                0x000000000800ce2c                f_open
 .text.f_write  0x000000000800d1c4      0x328 ./Middlewares/Third_Party/FatFs/src/ff.o
                0x000000000800d1c4                f_write
 .text.f_sync   0x000000000800d4ec       0xfc ./Middlewares/Third_Party/FatFs/src/ff.o
                0x000000000800d4ec                f_sync
 .text.f_close  0x000000000800d5e8       0x54 ./Middlewares/Third_Party/FatFs/src/ff.o
                0x000000000800d5e8                f_close
 .text.FATFS_LinkDriverEx
                0x000000000800d63c       0x98 ./Middlewares/Third_Party/FatFs/src/ff_gen_drv.o
                0x000000000800d63c                FATFS_LinkDriverEx
 .text.FATFS_LinkDriver
                0x000000000800d6d4       0x1e ./Middlewares/Third_Party/FatFs/src/ff_gen_drv.o
                0x000000000800d6d4                FATFS_LinkDriver
 *fill*         0x000000000800d6f2        0x2 
 .text.ff_convert
                0x000000000800d6f4       0x78 ./Middlewares/Third_Party/FatFs/src/option/ccsbcs.o
                0x000000000800d6f4                ff_convert
 .text.ff_wtoupper
                0x000000000800d76c      0x114 ./Middlewares/Third_Party/FatFs/src/option/ccsbcs.o
                0x000000000800d76c                ff_wtoupper
 .text.hex2int  0x000000000800d880       0x50 ./stm32f4/stm32f4/ATGM336H/minmea/minmea.o
 .text.minmea_check
                0x000000000800d8d0       0xf8 ./stm32f4/stm32f4/ATGM336H/minmea/minmea.o
                0x000000000800d8d0                minmea_check
 .text.minmea_isfield
                0x000000000800d9c8       0x44 ./stm32f4/stm32f4/ATGM336H/minmea/minmea.o
 .text.minmea_scan
                0x000000000800da0c      0x778 ./stm32f4/stm32f4/ATGM336H/minmea/minmea.o
                0x000000000800da0c                minmea_scan
 .text.minmea_sentence_id
                0x000000000800e184       0xdc ./stm32f4/stm32f4/ATGM336H/minmea/minmea.o
                0x000000000800e184                minmea_sentence_id
 .text.minmea_parse_gga
                0x000000000800e260       0xc8 ./stm32f4/stm32f4/ATGM336H/minmea/minmea.o
                0x000000000800e260                minmea_parse_gga
 .text.minmea_tofloat
                0x000000000800e328       0x48 ./stm32f4/stm32f4/ATGM336H/src/nmea_gps.o
 .text.minmea_tocoord
                0x000000000800e370       0x88 ./stm32f4/stm32f4/ATGM336H/src/nmea_gps.o
 .text.cb_push  0x000000000800e3f8       0x58 ./stm32f4/stm32f4/ATGM336H/src/nmea_gps.o
 .text.cb_pop   0x000000000800e450       0x58 ./stm32f4/stm32f4/ATGM336H/src/nmea_gps.o
 .text.gps_parse
                0x000000000800e4a8       0x88 ./stm32f4/stm32f4/ATGM336H/src/nmea_gps.o
 .text.gps_init
                0x000000000800e530       0x44 ./stm32f4/stm32f4/ATGM336H/src/nmea_gps.o
                0x000000000800e530                gps_init
 .text.gps_push_byte
                0x000000000800e574       0x1c ./stm32f4/stm32f4/ATGM336H/src/nmea_gps.o
                0x000000000800e574                gps_push_byte
 .text.gps_work
                0x000000000800e590      0x17c ./stm32f4/stm32f4/ATGM336H/src/nmea_gps.o
                0x000000000800e590                gps_work
 .text.gps_get_coords
                0x000000000800e70c       0x5c ./stm32f4/stm32f4/ATGM336H/src/nmea_gps.o
                0x000000000800e70c                gps_get_coords
 .text.lis3mdl_write
                0x000000000800e768       0x78 ./stm32f4/stm32f4/LIS3MDL/src/DLIS3.o
 .text.lis3mdl_read
                0x000000000800e7e0       0x78 ./stm32f4/stm32f4/LIS3MDL/src/DLIS3.o
 .text.lisset   0x000000000800e858       0x84 ./stm32f4/stm32f4/LIS3MDL/src/DLIS3.o
                0x000000000800e858                lisset
 .text.lis3mdl_read_reg
                0x000000000800e8dc       0x30 ./stm32f4/stm32f4/LIS3MDL/src/lis3mdl_reg.o
                0x000000000800e8dc                lis3mdl_read_reg
 .text.lis3mdl_write_reg
                0x000000000800e90c       0x30 ./stm32f4/stm32f4/LIS3MDL/src/lis3mdl_reg.o
                0x000000000800e90c                lis3mdl_write_reg
 .text.lis3mdl_data_rate_set
                0x000000000800e93c       0x8c ./stm32f4/stm32f4/LIS3MDL/src/lis3mdl_reg.o
                0x000000000800e93c                lis3mdl_data_rate_set
 .text.lis3mdl_temperature_meas_set
                0x000000000800e9c8       0x4c ./stm32f4/stm32f4/LIS3MDL/src/lis3mdl_reg.o
                0x000000000800e9c8                lis3mdl_temperature_meas_set
 .text.lis3mdl_full_scale_set
                0x000000000800ea14       0x4c ./stm32f4/stm32f4/LIS3MDL/src/lis3mdl_reg.o
                0x000000000800ea14                lis3mdl_full_scale_set
 .text.lis3mdl_operating_mode_set
                0x000000000800ea60       0x4c ./stm32f4/stm32f4/LIS3MDL/src/lis3mdl_reg.o
                0x000000000800ea60                lis3mdl_operating_mode_set
 .text.lis3mdl_fast_low_power_set
                0x000000000800eaac       0x4c ./stm32f4/stm32f4/LIS3MDL/src/lis3mdl_reg.o
                0x000000000800eaac                lis3mdl_fast_low_power_set
 .text.lis3mdl_block_data_update_set
                0x000000000800eaf8       0x4c ./stm32f4/stm32f4/LIS3MDL/src/lis3mdl_reg.o
                0x000000000800eaf8                lis3mdl_block_data_update_set
 .text.lis3mdl_magnetic_raw_get
                0x000000000800eb44       0x96 ./stm32f4/stm32f4/LIS3MDL/src/lis3mdl_reg.o
                0x000000000800eb44                lis3mdl_magnetic_raw_get
 .text.lis3mdl_temperature_raw_get
                0x000000000800ebda       0x46 ./stm32f4/stm32f4/LIS3MDL/src/lis3mdl_reg.o
                0x000000000800ebda                lis3mdl_temperature_raw_get
 .text.lis3mdl_device_id_get
                0x000000000800ec20       0x22 ./stm32f4/stm32f4/LIS3MDL/src/lis3mdl_reg.o
                0x000000000800ec20                lis3mdl_device_id_get
 .text.lis3mdl_reset_set
                0x000000000800ec42       0x4c ./stm32f4/stm32f4/LIS3MDL/src/lis3mdl_reg.o
                0x000000000800ec42                lis3mdl_reset_set
 .text.lis3mdl_spi_mode_set
                0x000000000800ec8e       0x4c ./stm32f4/stm32f4/LIS3MDL/src/lis3mdl_reg.o
                0x000000000800ec8e                lis3mdl_spi_mode_set
 .text.lsmd6s3_write
                0x000000000800ecda       0x6e ./stm32f4/stm32f4/LSM6DS3/src/DLSM.o
                0x000000000800ecda                lsmd6s3_write
 .text.lsm6ds3_read
                0x000000000800ed48       0x6e ./stm32f4/stm32f4/LSM6DS3/src/DLSM.o
                0x000000000800ed48                lsm6ds3_read
 *fill*         0x000000000800edb6        0x2 
 .text.lsmset   0x000000000800edb8       0x6c ./stm32f4/stm32f4/LSM6DS3/src/DLSM.o
                0x000000000800edb8                lsmset
 .text.lsm6ds3_read_reg
                0x000000000800ee24       0x30 ./stm32f4/stm32f4/LSM6DS3/src/lsm6ds3_reg.o
                0x000000000800ee24                lsm6ds3_read_reg
 .text.lsm6ds3_write_reg
                0x000000000800ee54       0x30 ./stm32f4/stm32f4/LSM6DS3/src/lsm6ds3_reg.o
                0x000000000800ee54                lsm6ds3_write_reg
 .text.lsm6ds3_xl_full_scale_set
                0x000000000800ee84       0x4c ./stm32f4/stm32f4/LSM6DS3/src/lsm6ds3_reg.o
                0x000000000800ee84                lsm6ds3_xl_full_scale_set
 .text.lsm6ds3_xl_data_rate_set
                0x000000000800eed0       0x4c ./stm32f4/stm32f4/LSM6DS3/src/lsm6ds3_reg.o
                0x000000000800eed0                lsm6ds3_xl_data_rate_set
 .text.lsm6ds3_gy_full_scale_set
                0x000000000800ef1c       0x4c ./stm32f4/stm32f4/LSM6DS3/src/lsm6ds3_reg.o
                0x000000000800ef1c                lsm6ds3_gy_full_scale_set
 .text.lsm6ds3_gy_data_rate_set
                0x000000000800ef68       0x4c ./stm32f4/stm32f4/LSM6DS3/src/lsm6ds3_reg.o
                0x000000000800ef68                lsm6ds3_gy_data_rate_set
 .text.lsm6ds3_temperature_raw_get
                0x000000000800efb4       0x46 ./stm32f4/stm32f4/LSM6DS3/src/lsm6ds3_reg.o
                0x000000000800efb4                lsm6ds3_temperature_raw_get
 .text.lsm6ds3_angular_rate_raw_get
                0x000000000800effa       0x96 ./stm32f4/stm32f4/LSM6DS3/src/lsm6ds3_reg.o
                0x000000000800effa                lsm6ds3_angular_rate_raw_get
 .text.lsm6ds3_acceleration_raw_get
                0x000000000800f090       0x96 ./stm32f4/stm32f4/LSM6DS3/src/lsm6ds3_reg.o
                0x000000000800f090                lsm6ds3_acceleration_raw_get
 .text.lsm6ds3_device_id_get
                0x000000000800f126       0x22 ./stm32f4/stm32f4/LSM6DS3/src/lsm6ds3_reg.o
                0x000000000800f126                lsm6ds3_device_id_get
 .text.lsm6ds3_reset_set
                0x000000000800f148       0x4c ./stm32f4/stm32f4/LSM6DS3/src/lsm6ds3_reg.o
                0x000000000800f148                lsm6ds3_reset_set
 .text.__assert_func
                0x000000000800f194       0x3c c:/huinya/stm32cubeide_1.8.0/stm32cubeide/plugins/com.st.stm32cube.ide.mcu.externaltools.gnu-tools-for-stm32.9-2020-q2-update.win32_2.0.0.202105311346/tools/bin/../lib/gcc/arm-none-eabi/9.3.1/../../../../arm-none-eabi/lib/thumb/v7e-m+fp/hard\libc_nano.a(lib_a-assert.o)
                0x000000000800f194                __assert_func
 .text.__errno  0x000000000800f1d0        0xc c:/huinya/stm32cubeide_1.8.0/stm32cubeide/plugins/com.st.stm32cube.ide.mcu.externaltools.gnu-tools-for-stm32.9-2020-q2-update.win32_2.0.0.202105311346/tools/bin/../lib/gcc/arm-none-eabi/9.3.1/../../../../arm-none-eabi/lib/thumb/v7e-m+fp/hard\libc_nano.a(lib_a-errno.o)
                0x000000000800f1d0                __errno
 .text.fprintf  0x000000000800f1dc       0x24 c:/huinya/stm32cubeide_1.8.0/stm32cubeide/plugins/com.st.stm32cube.ide.mcu.externaltools.gnu-tools-for-stm32.9-2020-q2-update.win32_2.0.0.202105311346/tools/bin/../lib/gcc/arm-none-eabi/9.3.1/../../../../arm-none-eabi/lib/thumb/v7e-m+fp/hard\libc_nano.a(lib_a-fprintf.o)
                0x000000000800f1dc                fiprintf
                0x000000000800f1dc                fprintf
 .text.__libc_init_array
                0x000000000800f200       0x48 c:/huinya/stm32cubeide_1.8.0/stm32cubeide/plugins/com.st.stm32cube.ide.mcu.externaltools.gnu-tools-for-stm32.9-2020-q2-update.win32_2.0.0.202105311346/tools/bin/../lib/gcc/arm-none-eabi/9.3.1/../../../../arm-none-eabi/lib/thumb/v7e-m+fp/hard\libc_nano.a(lib_a-init.o)
                0x000000000800f200                __libc_init_array
 .text.memcpy   0x000000000800f248       0x1c c:/huinya/stm32cubeide_1.8.0/stm32cubeide/plugins/com.st.stm32cube.ide.mcu.externaltools.gnu-tools-for-stm32.9-2020-q2-update.win32_2.0.0.202105311346/tools/bin/../lib/gcc/arm-none-eabi/9.3.1/../../../../arm-none-eabi/lib/thumb/v7e-m+fp/hard\libc_nano.a(lib_a-memcpy-stub.o)
                0x000000000800f248                memcpy
 .text.memset   0x000000000800f264       0x10 c:/huinya/stm32cubeide_1.8.0/stm32cubeide/plugins/com.st.stm32cube.ide.mcu.externaltools.gnu-tools-for-stm32.9-2020-q2-update.win32_2.0.0.202105311346/tools/bin/../lib/gcc/arm-none-eabi/9.3.1/../../../../arm-none-eabi/lib/thumb/v7e-m+fp/hard\libc_nano.a(lib_a-memset.o)
                0x000000000800f264                memset
 .text.__sfputc_r
                0x000000000800f274       0x2e c:/huinya/stm32cubeide_1.8.0/stm32cubeide/plugins/com.st.stm32cube.ide.mcu.externaltools.gnu-tools-for-stm32.9-2020-q2-update.win32_2.0.0.202105311346/tools/bin/../lib/gcc/arm-none-eabi/9.3.1/../../../../arm-none-eabi/lib/thumb/v7e-m+fp/hard\libc_nano.a(lib_a-nano-vfprintf.o)
 .text.__sfputs_r
                0x000000000800f2a2       0x24 c:/huinya/stm32cubeide_1.8.0/stm32cubeide/plugins/com.st.stm32cube.ide.mcu.externaltools.gnu-tools-for-stm32.9-2020-q2-update.win32_2.0.0.202105311346/tools/bin/../lib/gcc/arm-none-eabi/9.3.1/../../../../arm-none-eabi/lib/thumb/v7e-m+fp/hard\libc_nano.a(lib_a-nano-vfprintf.o)
                0x000000000800f2a2                __sfputs_r
 *fill*         0x000000000800f2c6        0x2 
 .text._vfprintf_r
                0x000000000800f2c8      0x260 c:/huinya/stm32cubeide_1.8.0/stm32cubeide/plugins/com.st.stm32cube.ide.mcu.externaltools.gnu-tools-for-stm32.9-2020-q2-update.win32_2.0.0.202105311346/tools/bin/../lib/gcc/arm-none-eabi/9.3.1/../../../../arm-none-eabi/lib/thumb/v7e-m+fp/hard\libc_nano.a(lib_a-nano-vfprintf.o)
                0x000000000800f2c8                _vfprintf_r
                0x000000000800f2c8                _vfiprintf_r
 .text.__cvt    0x000000000800f528       0xc4 c:/huinya/stm32cubeide_1.8.0/stm32cubeide/plugins/com.st.stm32cube.ide.mcu.externaltools.gnu-tools-for-stm32.9-2020-q2-update.win32_2.0.0.202105311346/tools/bin/../lib/gcc/arm-none-eabi/9.3.1/../../../../arm-none-eabi/lib/thumb/v7e-m+fp/hard\libc_nano.a(lib_a-nano-vfprintf_float.o)
                0x000000000800f528                __cvt
 .text.__exponent
                0x000000000800f5ec       0x7c c:/huinya/stm32cubeide_1.8.0/stm32cubeide/plugins/com.st.stm32cube.ide.mcu.externaltools.gnu-tools-for-stm32.9-2020-q2-update.win32_2.0.0.202105311346/tools/bin/../lib/gcc/arm-none-eabi/9.3.1/../../../../arm-none-eabi/lib/thumb/v7e-m+fp/hard\libc_nano.a(lib_a-nano-vfprintf_float.o)
                0x000000000800f5ec                __exponent
 .text._printf_float
                0x000000000800f668      0x46c c:/huinya/stm32cubeide_1.8.0/stm32cubeide/plugins/com.st.stm32cube.ide.mcu.externaltools.gnu-tools-for-stm32.9-2020-q2-update.win32_2.0.0.202105311346/tools/bin/../lib/gcc/arm-none-eabi/9.3.1/../../../../arm-none-eabi/lib/thumb/v7e-m+fp/hard\libc_nano.a(lib_a-nano-vfprintf_float.o)
                0x000000000800f668                _printf_float
 .text._printf_common
                0x000000000800fad4       0xda c:/huinya/stm32cubeide_1.8.0/stm32cubeide/plugins/com.st.stm32cube.ide.mcu.externaltools.gnu-tools-for-stm32.9-2020-q2-update.win32_2.0.0.202105311346/tools/bin/../lib/gcc/arm-none-eabi/9.3.1/../../../../arm-none-eabi/lib/thumb/v7e-m+fp/hard\libc_nano.a(lib_a-nano-vfprintf_i.o)
                0x000000000800fad4                _printf_common
 *fill*         0x000000000800fbae        0x2 
 .text._printf_i
                0x000000000800fbb0      0x24c c:/huinya/stm32cubeide_1.8.0/stm32cubeide/plugins/com.st.stm32cube.ide.mcu.externaltools.gnu-tools-for-stm32.9-2020-q2-update.win32_2.0.0.202105311346/tools/bin/../lib/gcc/arm-none-eabi/9.3.1/../../../../arm-none-eabi/lib/thumb/v7e-m+fp/hard\libc_nano.a(lib_a-nano-vfprintf_i.o)
                0x000000000800fbb0                _printf_i
 .text._scanf_float
                0x000000000800fdfc      0x420 c:/huinya/stm32cubeide_1.8.0/stm32cubeide/plugins/com.st.stm32cube.ide.mcu.externaltools.gnu-tools-for-stm32.9-2020-q2-update.win32_2.0.0.202105311346/tools/bin/../lib/gcc/arm-none-eabi/9.3.1/../../../../arm-none-eabi/lib/thumb/v7e-m+fp/hard\libc_nano.a(lib_a-nano-vfscanf_float.o)
                0x000000000800fdfc                _scanf_float
 .text.printf   0x000000000801021c       0x30 c:/huinya/stm32cubeide_1.8.0/stm32cubeide/plugins/com.st.stm32cube.ide.mcu.externaltools.gnu-tools-for-stm32.9-2020-q2-update.win32_2.0.0.202105311346/tools/bin/../lib/gcc/arm-none-eabi/9.3.1/../../../../arm-none-eabi/lib/thumb/v7e-m+fp/hard\libc_nano.a(lib_a-printf.o)
                0x000000000801021c                iprintf
                0x000000000801021c                printf
 .text.nanf     0x000000000801024c        0xc c:/huinya/stm32cubeide_1.8.0/stm32cubeide/plugins/com.st.stm32cube.ide.mcu.externaltools.gnu-tools-for-stm32.9-2020-q2-update.win32_2.0.0.202105311346/tools/bin/../lib/gcc/arm-none-eabi/9.3.1/../../../../arm-none-eabi/lib/thumb/v7e-m+fp/hard\libc_nano.a(lib_a-sf_nan.o)
                0x000000000801024c                nanf
 .text.sprintf  0x0000000008010258       0x40 c:/huinya/stm32cubeide_1.8.0/stm32cubeide/plugins/com.st.stm32cube.ide.mcu.externaltools.gnu-tools-for-stm32.9-2020-q2-update.win32_2.0.0.202105311346/tools/bin/../lib/gcc/arm-none-eabi/9.3.1/../../../../arm-none-eabi/lib/thumb/v7e-m+fp/hard\libc_nano.a(lib_a-sprintf.o)
                0x0000000008010258                siprintf
                0x0000000008010258                sprintf
 .text.sulp     0x0000000008010298       0x38 c:/huinya/stm32cubeide_1.8.0/stm32cubeide/plugins/com.st.stm32cube.ide.mcu.externaltools.gnu-tools-for-stm32.9-2020-q2-update.win32_2.0.0.202105311346/tools/bin/../lib/gcc/arm-none-eabi/9.3.1/../../../../arm-none-eabi/lib/thumb/v7e-m+fp/hard\libc_nano.a(lib_a-strtod.o)
 .text._strtod_l
                0x00000000080102d0      0xc14 c:/huinya/stm32cubeide_1.8.0/stm32cubeide/plugins/com.st.stm32cube.ide.mcu.externaltools.gnu-tools-for-stm32.9-2020-q2-update.win32_2.0.0.202105311346/tools/bin/../lib/gcc/arm-none-eabi/9.3.1/../../../../arm-none-eabi/lib/thumb/v7e-m+fp/hard\libc_nano.a(lib_a-strtod.o)
                0x00000000080102d0                _strtod_l
 .text._strtod_r
                0x0000000008010ee4        0xc c:/huinya/stm32cubeide_1.8.0/stm32cubeide/plugins/com.st.stm32cube.ide.mcu.externaltools.gnu-tools-for-stm32.9-2020-q2-update.win32_2.0.0.202105311346/tools/bin/../lib/gcc/arm-none-eabi/9.3.1/../../../../arm-none-eabi/lib/thumb/v7e-m+fp/hard\libc_nano.a(lib_a-strtod.o)
                0x0000000008010ee4                _strtod_r
 .text._strtol_l.isra.0
                0x0000000008010ef0      0x108 c:/huinya/stm32cubeide_1.8.0/stm32cubeide/plugins/com.st.stm32cube.ide.mcu.externaltools.gnu-tools-for-stm32.9-2020-q2-update.win32_2.0.0.202105311346/tools/bin/../lib/gcc/arm-none-eabi/9.3.1/../../../../arm-none-eabi/lib/thumb/v7e-m+fp/hard\libc_nano.a(lib_a-strtol.o)
 .text._strtol_r
                0x0000000008010ff8        0x4 c:/huinya/stm32cubeide_1.8.0/stm32cubeide/plugins/com.st.stm32cube.ide.mcu.externaltools.gnu-tools-for-stm32.9-2020-q2-update.win32_2.0.0.202105311346/tools/bin/../lib/gcc/arm-none-eabi/9.3.1/../../../../arm-none-eabi/lib/thumb/v7e-m+fp/hard\libc_nano.a(lib_a-strtol.o)
                0x0000000008010ff8                _strtol_r
 .text.strtol   0x0000000008010ffc       0x14 c:/huinya/stm32cubeide_1.8.0/stm32cubeide/plugins/com.st.stm32cube.ide.mcu.externaltools.gnu-tools-for-stm32.9-2020-q2-update.win32_2.0.0.202105311346/tools/bin/../lib/gcc/arm-none-eabi/9.3.1/../../../../arm-none-eabi/lib/thumb/v7e-m+fp/hard\libc_nano.a(lib_a-strtol.o)
                0x0000000008010ffc                strtol
 .text.__swbuf_r
                0x0000000008011010       0xa4 c:/huinya/stm32cubeide_1.8.0/stm32cubeide/plugins/com.st.stm32cube.ide.mcu.externaltools.gnu-tools-for-stm32.9-2020-q2-update.win32_2.0.0.202105311346/tools/bin/../lib/gcc/arm-none-eabi/9.3.1/../../../../arm-none-eabi/lib/thumb/v7e-m+fp/hard\libc_nano.a(lib_a-wbuf.o)
                0x0000000008011010                __swbuf_r
 .text.__swsetup_r
                0x00000000080110b4       0xdc c:/huinya/stm32cubeide_1.8.0/stm32cubeide/plugins/com.st.stm32cube.ide.mcu.externaltools.gnu-tools-for-stm32.9-2020-q2-update.win32_2.0.0.202105311346/tools/bin/../lib/gcc/arm-none-eabi/9.3.1/../../../../arm-none-eabi/lib/thumb/v7e-m+fp/hard\libc_nano.a(lib_a-wsetup.o)
                0x00000000080110b4                __swsetup_r
 .text.abort    0x0000000008011190        0xe c:/huinya/stm32cubeide_1.8.0/stm32cubeide/plugins/com.st.stm32cube.ide.mcu.externaltools.gnu-tools-for-stm32.9-2020-q2-update.win32_2.0.0.202105311346/tools/bin/../lib/gcc/arm-none-eabi/9.3.1/../../../../arm-none-eabi/lib/thumb/v7e-m+fp/hard\libc_nano.a(lib_a-abort.o)
                0x0000000008011190                abort
 .text.quorem   0x000000000801119e      0x116 c:/huinya/stm32cubeide_1.8.0/stm32cubeide/plugins/com.st.stm32cube.ide.mcu.externaltools.gnu-tools-for-stm32.9-2020-q2-update.win32_2.0.0.202105311346/tools/bin/../lib/gcc/arm-none-eabi/9.3.1/../../../../arm-none-eabi/lib/thumb/v7e-m+fp/hard\libc_nano.a(lib_a-dtoa.o)
 *fill*         0x00000000080112b4        0x4 
 .text._dtoa_r  0x00000000080112b8      0xbd8 c:/huinya/stm32cubeide_1.8.0/stm32cubeide/plugins/com.st.stm32cube.ide.mcu.externaltools.gnu-tools-for-stm32.9-2020-q2-update.win32_2.0.0.202105311346/tools/bin/../lib/gcc/arm-none-eabi/9.3.1/../../../../arm-none-eabi/lib/thumb/v7e-m+fp/hard\libc_nano.a(lib_a-dtoa.o)
                0x00000000080112b8                _dtoa_r
 .text.__sflush_r
                0x0000000008011e90      0x10c c:/huinya/stm32cubeide_1.8.0/stm32cubeide/plugins/com.st.stm32cube.ide.mcu.externaltools.gnu-tools-for-stm32.9-2020-q2-update.win32_2.0.0.202105311346/tools/bin/../lib/gcc/arm-none-eabi/9.3.1/../../../../arm-none-eabi/lib/thumb/v7e-m+fp/hard\libc_nano.a(lib_a-fflush.o)
                0x0000000008011e90                __sflush_r
 .text._fflush_r
                0x0000000008011f9c       0x78 c:/huinya/stm32cubeide_1.8.0/stm32cubeide/plugins/com.st.stm32cube.ide.mcu.externaltools.gnu-tools-for-stm32.9-2020-q2-update.win32_2.0.0.202105311346/tools/bin/../lib/gcc/arm-none-eabi/9.3.1/../../../../arm-none-eabi/lib/thumb/v7e-m+fp/hard\libc_nano.a(lib_a-fflush.o)
                0x0000000008011f9c                _fflush_r
 .text.std      0x0000000008012014       0x48 c:/huinya/stm32cubeide_1.8.0/stm32cubeide/plugins/com.st.stm32cube.ide.mcu.externaltools.gnu-tools-for-stm32.9-2020-q2-update.win32_2.0.0.202105311346/tools/bin/../lib/gcc/arm-none-eabi/9.3.1/../../../../arm-none-eabi/lib/thumb/v7e-m+fp/hard\libc_nano.a(lib_a-findfp.o)
 .text._cleanup_r
                0x000000000801205c        0xc c:/huinya/stm32cubeide_1.8.0/stm32cubeide/plugins/com.st.stm32cube.ide.mcu.externaltools.gnu-tools-for-stm32.9-2020-q2-update.win32_2.0.0.202105311346/tools/bin/../lib/gcc/arm-none-eabi/9.3.1/../../../../arm-none-eabi/lib/thumb/v7e-m+fp/hard\libc_nano.a(lib_a-findfp.o)
                0x000000000801205c                _cleanup_r
 .text.__sfmoreglue
                0x0000000008012068       0x2c c:/huinya/stm32cubeide_1.8.0/stm32cubeide/plugins/com.st.stm32cube.ide.mcu.externaltools.gnu-tools-for-stm32.9-2020-q2-update.win32_2.0.0.202105311346/tools/bin/../lib/gcc/arm-none-eabi/9.3.1/../../../../arm-none-eabi/lib/thumb/v7e-m+fp/hard\libc_nano.a(lib_a-findfp.o)
                0x0000000008012068                __sfmoreglue
 .text.__sfp_lock_acquire
                0x0000000008012094        0xc c:/huinya/stm32cubeide_1.8.0/stm32cubeide/plugins/com.st.stm32cube.ide.mcu.externaltools.gnu-tools-for-stm32.9-2020-q2-update.win32_2.0.0.202105311346/tools/bin/../lib/gcc/arm-none-eabi/9.3.1/../../../../arm-none-eabi/lib/thumb/v7e-m+fp/hard\libc_nano.a(lib_a-findfp.o)
                0x0000000008012094                __sfp_lock_acquire
 .text.__sfp_lock_release
                0x00000000080120a0        0xc c:/huinya/stm32cubeide_1.8.0/stm32cubeide/plugins/com.st.stm32cube.ide.mcu.externaltools.gnu-tools-for-stm32.9-2020-q2-update.win32_2.0.0.202105311346/tools/bin/../lib/gcc/arm-none-eabi/9.3.1/../../../../arm-none-eabi/lib/thumb/v7e-m+fp/hard\libc_nano.a(lib_a-findfp.o)
                0x00000000080120a0                __sfp_lock_release
 .text.__sinit_lock_acquire
                0x00000000080120ac        0xc c:/huinya/stm32cubeide_1.8.0/stm32cubeide/plugins/com.st.stm32cube.ide.mcu.externaltools.gnu-tools-for-stm32.9-2020-q2-update.win32_2.0.0.202105311346/tools/bin/../lib/gcc/arm-none-eabi/9.3.1/../../../../arm-none-eabi/lib/thumb/v7e-m+fp/hard\libc_nano.a(lib_a-findfp.o)
                0x00000000080120ac                __sinit_lock_acquire
 .text.__sinit_lock_release
                0x00000000080120b8        0xc c:/huinya/stm32cubeide_1.8.0/stm32cubeide/plugins/com.st.stm32cube.ide.mcu.externaltools.gnu-tools-for-stm32.9-2020-q2-update.win32_2.0.0.202105311346/tools/bin/../lib/gcc/arm-none-eabi/9.3.1/../../../../arm-none-eabi/lib/thumb/v7e-m+fp/hard\libc_nano.a(lib_a-findfp.o)
                0x00000000080120b8                __sinit_lock_release
 .text.__sinit  0x00000000080120c4       0x70 c:/huinya/stm32cubeide_1.8.0/stm32cubeide/plugins/com.st.stm32cube.ide.mcu.externaltools.gnu-tools-for-stm32.9-2020-q2-update.win32_2.0.0.202105311346/tools/bin/../lib/gcc/arm-none-eabi/9.3.1/../../../../arm-none-eabi/lib/thumb/v7e-m+fp/hard\libc_nano.a(lib_a-findfp.o)
                0x00000000080120c4                __sinit
 .text.__sfp    0x0000000008012134       0x8c c:/huinya/stm32cubeide_1.8.0/stm32cubeide/plugins/com.st.stm32cube.ide.mcu.externaltools.gnu-tools-for-stm32.9-2020-q2-update.win32_2.0.0.202105311346/tools/bin/../lib/gcc/arm-none-eabi/9.3.1/../../../../arm-none-eabi/lib/thumb/v7e-m+fp/hard\libc_nano.a(lib_a-findfp.o)
                0x0000000008012134                __sfp
 .text._fwalk_reent
                0x00000000080121c0       0x3e c:/huinya/stm32cubeide_1.8.0/stm32cubeide/plugins/com.st.stm32cube.ide.mcu.externaltools.gnu-tools-for-stm32.9-2020-q2-update.win32_2.0.0.202105311346/tools/bin/../lib/gcc/arm-none-eabi/9.3.1/../../../../arm-none-eabi/lib/thumb/v7e-m+fp/hard\libc_nano.a(lib_a-fwalk.o)
                0x00000000080121c0                _fwalk_reent
 .text.rshift   0x00000000080121fe       0xa4 c:/huinya/stm32cubeide_1.8.0/stm32cubeide/plugins/com.st.stm32cube.ide.mcu.externaltools.gnu-tools-for-stm32.9-2020-q2-update.win32_2.0.0.202105311346/tools/bin/../lib/gcc/arm-none-eabi/9.3.1/../../../../arm-none-eabi/lib/thumb/v7e-m+fp/hard\libc_nano.a(lib_a-gdtoa-gethex.o)
 .text.__hexdig_fun
                0x00000000080122a2       0x2a c:/huinya/stm32cubeide_1.8.0/stm32cubeide/plugins/com.st.stm32cube.ide.mcu.externaltools.gnu-tools-for-stm32.9-2020-q2-update.win32_2.0.0.202105311346/tools/bin/../lib/gcc/arm-none-eabi/9.3.1/../../../../arm-none-eabi/lib/thumb/v7e-m+fp/hard\libc_nano.a(lib_a-gdtoa-gethex.o)
                0x00000000080122a2                __hexdig_fun
 .text.__gethex
                0x00000000080122cc      0x48c c:/huinya/stm32cubeide_1.8.0/stm32cubeide/plugins/com.st.stm32cube.ide.mcu.externaltools.gnu-tools-for-stm32.9-2020-q2-update.win32_2.0.0.202105311346/tools/bin/../lib/gcc/arm-none-eabi/9.3.1/../../../../arm-none-eabi/lib/thumb/v7e-m+fp/hard\libc_nano.a(lib_a-gdtoa-gethex.o)
                0x00000000080122cc                __gethex
 .text.L_shift  0x0000000008012758       0x24 c:/huinya/stm32cubeide_1.8.0/stm32cubeide/plugins/com.st.stm32cube.ide.mcu.externaltools.gnu-tools-for-stm32.9-2020-q2-update.win32_2.0.0.202105311346/tools/bin/../lib/gcc/arm-none-eabi/9.3.1/../../../../arm-none-eabi/lib/thumb/v7e-m+fp/hard\libc_nano.a(lib_a-gdtoa-hexnan.o)
 .text.__match  0x000000000801277c       0x28 c:/huinya/stm32cubeide_1.8.0/stm32cubeide/plugins/com.st.stm32cube.ide.mcu.externaltools.gnu-tools-for-stm32.9-2020-q2-update.win32_2.0.0.202105311346/tools/bin/../lib/gcc/arm-none-eabi/9.3.1/../../../../arm-none-eabi/lib/thumb/v7e-m+fp/hard\libc_nano.a(lib_a-gdtoa-hexnan.o)
                0x000000000801277c                __match
 .text.__hexnan
                0x00000000080127a4      0x138 c:/huinya/stm32cubeide_1.8.0/stm32cubeide/plugins/com.st.stm32cube.ide.mcu.externaltools.gnu-tools-for-stm32.9-2020-q2-update.win32_2.0.0.202105311346/tools/bin/../lib/gcc/arm-none-eabi/9.3.1/../../../../arm-none-eabi/lib/thumb/v7e-m+fp/hard\libc_nano.a(lib_a-gdtoa-hexnan.o)
                0x00000000080127a4                __hexnan
 .text._localeconv_r
                0x00000000080128dc        0x8 c:/huinya/stm32cubeide_1.8.0/stm32cubeide/plugins/com.st.stm32cube.ide.mcu.externaltools.gnu-tools-for-stm32.9-2020-q2-update.win32_2.0.0.202105311346/tools/bin/../lib/gcc/arm-none-eabi/9.3.1/../../../../arm-none-eabi/lib/thumb/v7e-m+fp/hard\libc_nano.a(lib_a-localeconv.o)
                0x00000000080128dc                _localeconv_r
 .text.__retarget_lock_init_recursive
                0x00000000080128e4        0x2 c:/huinya/stm32cubeide_1.8.0/stm32cubeide/plugins/com.st.stm32cube.ide.mcu.externaltools.gnu-tools-for-stm32.9-2020-q2-update.win32_2.0.0.202105311346/tools/bin/../lib/gcc/arm-none-eabi/9.3.1/../../../../arm-none-eabi/lib/thumb/v7e-m+fp/hard\libc_nano.a(lib_a-lock.o)
                0x00000000080128e4                __retarget_lock_init_recursive
 .text.__retarget_lock_acquire_recursive
                0x00000000080128e6        0x2 c:/huinya/stm32cubeide_1.8.0/stm32cubeide/plugins/com.st.stm32cube.ide.mcu.externaltools.gnu-tools-for-stm32.9-2020-q2-update.win32_2.0.0.202105311346/tools/bin/../lib/gcc/arm-none-eabi/9.3.1/../../../../arm-none-eabi/lib/thumb/v7e-m+fp/hard\libc_nano.a(lib_a-lock.o)
                0x00000000080128e6                __retarget_lock_acquire_recursive
 .text.__retarget_lock_release_recursive
                0x00000000080128e8        0x2 c:/huinya/stm32cubeide_1.8.0/stm32cubeide/plugins/com.st.stm32cube.ide.mcu.externaltools.gnu-tools-for-stm32.9-2020-q2-update.win32_2.0.0.202105311346/tools/bin/../lib/gcc/arm-none-eabi/9.3.1/../../../../arm-none-eabi/lib/thumb/v7e-m+fp/hard\libc_nano.a(lib_a-lock.o)
                0x00000000080128e8                __retarget_lock_release_recursive
 .text.__swhatbuf_r
                0x00000000080128ea       0x48 c:/huinya/stm32cubeide_1.8.0/stm32cubeide/plugins/com.st.stm32cube.ide.mcu.externaltools.gnu-tools-for-stm32.9-2020-q2-update.win32_2.0.0.202105311346/tools/bin/../lib/gcc/arm-none-eabi/9.3.1/../../../../arm-none-eabi/lib/thumb/v7e-m+fp/hard\libc_nano.a(lib_a-makebuf.o)
                0x00000000080128ea                __swhatbuf_r
 *fill*         0x0000000008012932        0x2 
 .text.__smakebuf_r
                0x0000000008012934       0x80 c:/huinya/stm32cubeide_1.8.0/stm32cubeide/plugins/com.st.stm32cube.ide.mcu.externaltools.gnu-tools-for-stm32.9-2020-q2-update.win32_2.0.0.202105311346/tools/bin/../lib/gcc/arm-none-eabi/9.3.1/../../../../arm-none-eabi/lib/thumb/v7e-m+fp/hard\libc_nano.a(lib_a-makebuf.o)
                0x0000000008012934                __smakebuf_r
 .text.malloc   0x00000000080129b4       0x10 c:/huinya/stm32cubeide_1.8.0/stm32cubeide/plugins/com.st.stm32cube.ide.mcu.externaltools.gnu-tools-for-stm32.9-2020-q2-update.win32_2.0.0.202105311346/tools/bin/../lib/gcc/arm-none-eabi/9.3.1/../../../../arm-none-eabi/lib/thumb/v7e-m+fp/hard\libc_nano.a(lib_a-malloc.o)
                0x00000000080129b4                malloc
 .text.__ascii_mbtowc
                0x00000000080129c4       0x24 c:/huinya/stm32cubeide_1.8.0/stm32cubeide/plugins/com.st.stm32cube.ide.mcu.externaltools.gnu-tools-for-stm32.9-2020-q2-update.win32_2.0.0.202105311346/tools/bin/../lib/gcc/arm-none-eabi/9.3.1/../../../../arm-none-eabi/lib/thumb/v7e-m+fp/hard\libc_nano.a(lib_a-mbtowc_r.o)
                0x00000000080129c4                __ascii_mbtowc
 .text.memmove  0x00000000080129e8       0x34 c:/huinya/stm32cubeide_1.8.0/stm32cubeide/plugins/com.st.stm32cube.ide.mcu.externaltools.gnu-tools-for-stm32.9-2020-q2-update.win32_2.0.0.202105311346/tools/bin/../lib/gcc/arm-none-eabi/9.3.1/../../../../arm-none-eabi/lib/thumb/v7e-m+fp/hard\libc_nano.a(lib_a-memmove.o)
                0x00000000080129e8                memmove
 .text._Balloc  0x0000000008012a1c       0x80 c:/huinya/stm32cubeide_1.8.0/stm32cubeide/plugins/com.st.stm32cube.ide.mcu.externaltools.gnu-tools-for-stm32.9-2020-q2-update.win32_2.0.0.202105311346/tools/bin/../lib/gcc/arm-none-eabi/9.3.1/../../../../arm-none-eabi/lib/thumb/v7e-m+fp/hard\libc_nano.a(lib_a-mprec.o)
                0x0000000008012a1c                _Balloc
 .text._Bfree   0x0000000008012a9c       0x44 c:/huinya/stm32cubeide_1.8.0/stm32cubeide/plugins/com.st.stm32cube.ide.mcu.externaltools.gnu-tools-for-stm32.9-2020-q2-update.win32_2.0.0.202105311346/tools/bin/../lib/gcc/arm-none-eabi/9.3.1/../../../../arm-none-eabi/lib/thumb/v7e-m+fp/hard\libc_nano.a(lib_a-mprec.o)
                0x0000000008012a9c                _Bfree
 .text.__multadd
                0x0000000008012ae0       0x94 c:/huinya/stm32cubeide_1.8.0/stm32cubeide/plugins/com.st.stm32cube.ide.mcu.externaltools.gnu-tools-for-stm32.9-2020-q2-update.win32_2.0.0.202105311346/tools/bin/../lib/gcc/arm-none-eabi/9.3.1/../../../../arm-none-eabi/lib/thumb/v7e-m+fp/hard\libc_nano.a(lib_a-mprec.o)
                0x0000000008012ae0                __multadd
 .text.__s2b    0x0000000008012b74       0x94 c:/huinya/stm32cubeide_1.8.0/stm32cubeide/plugins/com.st.stm32cube.ide.mcu.externaltools.gnu-tools-for-stm32.9-2020-q2-update.win32_2.0.0.202105311346/tools/bin/../lib/gcc/arm-none-eabi/9.3.1/../../../../arm-none-eabi/lib/thumb/v7e-m+fp/hard\libc_nano.a(lib_a-mprec.o)
                0x0000000008012b74                __s2b
 .text.__hi0bits
                0x0000000008012c08       0x40 c:/huinya/stm32cubeide_1.8.0/stm32cubeide/plugins/com.st.stm32cube.ide.mcu.externaltools.gnu-tools-for-stm32.9-2020-q2-update.win32_2.0.0.202105311346/tools/bin/../lib/gcc/arm-none-eabi/9.3.1/../../../../arm-none-eabi/lib/thumb/v7e-m+fp/hard\libc_nano.a(lib_a-mprec.o)
                0x0000000008012c08                __hi0bits
 .text.__lo0bits
                0x0000000008012c48       0x60 c:/huinya/stm32cubeide_1.8.0/stm32cubeide/plugins/com.st.stm32cube.ide.mcu.externaltools.gnu-tools-for-stm32.9-2020-q2-update.win32_2.0.0.202105311346/tools/bin/../lib/gcc/arm-none-eabi/9.3.1/../../../../arm-none-eabi/lib/thumb/v7e-m+fp/hard\libc_nano.a(lib_a-mprec.o)
                0x0000000008012c48                __lo0bits
 .text.__i2b    0x0000000008012ca8       0x2c c:/huinya/stm32cubeide_1.8.0/stm32cubeide/plugins/com.st.stm32cube.ide.mcu.externaltools.gnu-tools-for-stm32.9-2020-q2-update.win32_2.0.0.202105311346/tools/bin/../lib/gcc/arm-none-eabi/9.3.1/../../../../arm-none-eabi/lib/thumb/v7e-m+fp/hard\libc_nano.a(lib_a-mprec.o)
                0x0000000008012ca8                __i2b
 .text.__multiply
                0x0000000008012cd4      0x14c c:/huinya/stm32cubeide_1.8.0/stm32cubeide/plugins/com.st.stm32cube.ide.mcu.externaltools.gnu-tools-for-stm32.9-2020-q2-update.win32_2.0.0.202105311346/tools/bin/../lib/gcc/arm-none-eabi/9.3.1/../../../../arm-none-eabi/lib/thumb/v7e-m+fp/hard\libc_nano.a(lib_a-mprec.o)
                0x0000000008012cd4                __multiply
 .text.__pow5mult
                0x0000000008012e20       0xb4 c:/huinya/stm32cubeide_1.8.0/stm32cubeide/plugins/com.st.stm32cube.ide.mcu.externaltools.gnu-tools-for-stm32.9-2020-q2-update.win32_2.0.0.202105311346/tools/bin/../lib/gcc/arm-none-eabi/9.3.1/../../../../arm-none-eabi/lib/thumb/v7e-m+fp/hard\libc_nano.a(lib_a-mprec.o)
                0x0000000008012e20                __pow5mult
 .text.__lshift
                0x0000000008012ed4       0xd8 c:/huinya/stm32cubeide_1.8.0/stm32cubeide/plugins/com.st.stm32cube.ide.mcu.externaltools.gnu-tools-for-stm32.9-2020-q2-update.win32_2.0.0.202105311346/tools/bin/../lib/gcc/arm-none-eabi/9.3.1/../../../../arm-none-eabi/lib/thumb/v7e-m+fp/hard\libc_nano.a(lib_a-mprec.o)
                0x0000000008012ed4                __lshift
 .text.__mcmp   0x0000000008012fac       0x38 c:/huinya/stm32cubeide_1.8.0/stm32cubeide/plugins/com.st.stm32cube.ide.mcu.externaltools.gnu-tools-for-stm32.9-2020-q2-update.win32_2.0.0.202105311346/tools/bin/../lib/gcc/arm-none-eabi/9.3.1/../../../../arm-none-eabi/lib/thumb/v7e-m+fp/hard\libc_nano.a(lib_a-mprec.o)
                0x0000000008012fac                __mcmp
 .text.__mdiff  0x0000000008012fe4      0x110 c:/huinya/stm32cubeide_1.8.0/stm32cubeide/plugins/com.st.stm32cube.ide.mcu.externaltools.gnu-tools-for-stm32.9-2020-q2-update.win32_2.0.0.202105311346/tools/bin/../lib/gcc/arm-none-eabi/9.3.1/../../../../arm-none-eabi/lib/thumb/v7e-m+fp/hard\libc_nano.a(lib_a-mprec.o)
                0x0000000008012fe4                __mdiff
 .text.__ulp    0x00000000080130f4       0x58 c:/huinya/stm32cubeide_1.8.0/stm32cubeide/plugins/com.st.stm32cube.ide.mcu.externaltools.gnu-tools-for-stm32.9-2020-q2-update.win32_2.0.0.202105311346/tools/bin/../lib/gcc/arm-none-eabi/9.3.1/../../../../arm-none-eabi/lib/thumb/v7e-m+fp/hard\libc_nano.a(lib_a-mprec.o)
                0x00000000080130f4                __ulp
 .text.__b2d    0x000000000801314c       0xa0 c:/huinya/stm32cubeide_1.8.0/stm32cubeide/plugins/com.st.stm32cube.ide.mcu.externaltools.gnu-tools-for-stm32.9-2020-q2-update.win32_2.0.0.202105311346/tools/bin/../lib/gcc/arm-none-eabi/9.3.1/../../../../arm-none-eabi/lib/thumb/v7e-m+fp/hard\libc_nano.a(lib_a-mprec.o)
                0x000000000801314c                __b2d
 .text.__d2b    0x00000000080131ec       0xb8 c:/huinya/stm32cubeide_1.8.0/stm32cubeide/plugins/com.st.stm32cube.ide.mcu.externaltools.gnu-tools-for-stm32.9-2020-q2-update.win32_2.0.0.202105311346/tools/bin/../lib/gcc/arm-none-eabi/9.3.1/../../../../arm-none-eabi/lib/thumb/v7e-m+fp/hard\libc_nano.a(lib_a-mprec.o)
                0x00000000080131ec                __d2b
 .text.__ratio  0x00000000080132a4       0x66 c:/huinya/stm32cubeide_1.8.0/stm32cubeide/plugins/com.st.stm32cube.ide.mcu.externaltools.gnu-tools-for-stm32.9-2020-q2-update.win32_2.0.0.202105311346/tools/bin/../lib/gcc/arm-none-eabi/9.3.1/../../../../arm-none-eabi/lib/thumb/v7e-m+fp/hard\libc_nano.a(lib_a-mprec.o)
                0x00000000080132a4                __ratio
 .text.__copybits
                0x000000000801330a       0x46 c:/huinya/stm32cubeide_1.8.0/stm32cubeide/plugins/com.st.stm32cube.ide.mcu.externaltools.gnu-tools-for-stm32.9-2020-q2-update.win32_2.0.0.202105311346/tools/bin/../lib/gcc/arm-none-eabi/9.3.1/../../../../arm-none-eabi/lib/thumb/v7e-m+fp/hard\libc_nano.a(lib_a-mprec.o)
                0x000000000801330a                __copybits
 .text.__any_on
                0x0000000008013350       0x42 c:/huinya/stm32cubeide_1.8.0/stm32cubeide/plugins/com.st.stm32cube.ide.mcu.externaltools.gnu-tools-for-stm32.9-2020-q2-update.win32_2.0.0.202105311346/tools/bin/../lib/gcc/arm-none-eabi/9.3.1/../../../../arm-none-eabi/lib/thumb/v7e-m+fp/hard\libc_nano.a(lib_a-mprec.o)
                0x0000000008013350                __any_on
 .text._calloc_r
                0x0000000008013392       0x1e c:/huinya/stm32cubeide_1.8.0/stm32cubeide/plugins/com.st.stm32cube.ide.mcu.externaltools.gnu-tools-for-stm32.9-2020-q2-update.win32_2.0.0.202105311346/tools/bin/../lib/gcc/arm-none-eabi/9.3.1/../../../../arm-none-eabi/lib/thumb/v7e-m+fp/hard\libc_nano.a(lib_a-nano-callocr.o)
                0x0000000008013392                _calloc_r
 .text._free_r  0x00000000080133b0       0xa0 c:/huinya/stm32cubeide_1.8.0/stm32cubeide/plugins/com.st.stm32cube.ide.mcu.externaltools.gnu-tools-for-stm32.9-2020-q2-update.win32_2.0.0.202105311346/tools/bin/../lib/gcc/arm-none-eabi/9.3.1/../../../../arm-none-eabi/lib/thumb/v7e-m+fp/hard\libc_nano.a(lib_a-nano-freer.o)
                0x00000000080133b0                _free_r
 .text._malloc_r
                0x0000000008013450       0xb4 c:/huinya/stm32cubeide_1.8.0/stm32cubeide/plugins/com.st.stm32cube.ide.mcu.externaltools.gnu-tools-for-stm32.9-2020-q2-update.win32_2.0.0.202105311346/tools/bin/../lib/gcc/arm-none-eabi/9.3.1/../../../../arm-none-eabi/lib/thumb/v7e-m+fp/hard\libc_nano.a(lib_a-nano-mallocr.o)
                0x0000000008013450                _malloc_r
 .text._realloc_r
                0x0000000008013504       0x4c c:/huinya/stm32cubeide_1.8.0/stm32cubeide/plugins/com.st.stm32cube.ide.mcu.externaltools.gnu-tools-for-stm32.9-2020-q2-update.win32_2.0.0.202105311346/tools/bin/../lib/gcc/arm-none-eabi/9.3.1/../../../../arm-none-eabi/lib/thumb/v7e-m+fp/hard\libc_nano.a(lib_a-nano-reallocr.o)
                0x0000000008013504                _realloc_r
 .text.__ssputs_r
                0x0000000008013550       0xb6 c:/huinya/stm32cubeide_1.8.0/stm32cubeide/plugins/com.st.stm32cube.ide.mcu.externaltools.gnu-tools-for-stm32.9-2020-q2-update.win32_2.0.0.202105311346/tools/bin/../lib/gcc/arm-none-eabi/9.3.1/../../../../arm-none-eabi/lib/thumb/v7e-m+fp/hard\libc_nano.a(lib_a-nano-svfprintf.o)
                0x0000000008013550                __ssputs_r
 *fill*         0x0000000008013606        0x2 
 .text._svfprintf_r
                0x0000000008013608      0x200 c:/huinya/stm32cubeide_1.8.0/stm32cubeide/plugins/com.st.stm32cube.ide.mcu.externaltools.gnu-tools-for-stm32.9-2020-q2-update.win32_2.0.0.202105311346/tools/bin/../lib/gcc/arm-none-eabi/9.3.1/../../../../arm-none-eabi/lib/thumb/v7e-m+fp/hard\libc_nano.a(lib_a-nano-svfprintf.o)