Archive member included to satisfy reference by file (symbol)

c:/st/stm32cubeide_1.8.0/stm32cubeide/plugins/com.st.stm32cube.ide.mcu.externaltools.gnu-tools-for-stm32.9-2020-q2-update.win32_2.0.0.202105311346/tools/bin/../lib/gcc/arm-none-eabi/9.3.1/../../../../arm-none-eabi/lib/thumb/v7e-m+fp/hard\libc_nano.a(lib_a-assert.o)
                              ./Drivers/BME280_I2C/its_bme280.o (__assert_func)
c:/st/stm32cubeide_1.8.0/stm32cubeide/plugins/com.st.stm32cube.ide.mcu.externaltools.gnu-tools-for-stm32.9-2020-q2-update.win32_2.0.0.202105311346/tools/bin/../lib/gcc/arm-none-eabi/9.3.1/../../../../arm-none-eabi/lib/thumb/v7e-m+fp/hard\libc_nano.a(lib_a-ctype_.o)
                              ./stm32f4/ATGM336H/minmea/minmea.o (_ctype_)
c:/st/stm32cubeide_1.8.0/stm32cubeide/plugins/com.st.stm32cube.ide.mcu.externaltools.gnu-tools-for-stm32.9-2020-q2-update.win32_2.0.0.202105311346/tools/bin/../lib/gcc/arm-none-eabi/9.3.1/../../../../arm-none-eabi/lib/thumb/v7e-m+fp/hard\libc_nano.a(lib_a-errno.o)
                              ./Core/Src/syscalls.o (__errno)
c:/st/stm32cubeide_1.8.0/stm32cubeide/plugins/com.st.stm32cube.ide.mcu.externaltools.gnu-tools-for-stm32.9-2020-q2-update.win32_2.0.0.202105311346/tools/bin/../lib/gcc/arm-none-eabi/9.3.1/../../../../arm-none-eabi/lib/thumb/v7e-m+fp/hard\libc_nano.a(lib_a-exit.o)
                              c:/st/stm32cubeide_1.8.0/stm32cubeide/plugins/com.st.stm32cube.ide.mcu.externaltools.gnu-tools-for-stm32.9-2020-q2-update.win32_2.0.0.202105311346/tools/bin/../lib/gcc/arm-none-eabi/9.3.1/../../../../arm-none-eabi/lib/thumb/v7e-m+fp/hard/crt0.o (exit)
c:/st/stm32cubeide_1.8.0/stm32cubeide/plugins/com.st.stm32cube.ide.mcu.externaltools.gnu-tools-for-stm32.9-2020-q2-update.win32_2.0.0.202105311346/tools/bin/../lib/gcc/arm-none-eabi/9.3.1/../../../../arm-none-eabi/lib/thumb/v7e-m+fp/hard\libc_nano.a(lib_a-fprintf.o)
                              c:/st/stm32cubeide_1.8.0/stm32cubeide/plugins/com.st.stm32cube.ide.mcu.externaltools.gnu-tools-for-stm32.9-2020-q2-update.win32_2.0.0.202105311346/tools/bin/../lib/gcc/arm-none-eabi/9.3.1/../../../../arm-none-eabi/lib/thumb/v7e-m+fp/hard\libc_nano.a(lib_a-assert.o) (fiprintf)
c:/st/stm32cubeide_1.8.0/stm32cubeide/plugins/com.st.stm32cube.ide.mcu.externaltools.gnu-tools-for-stm32.9-2020-q2-update.win32_2.0.0.202105311346/tools/bin/../lib/gcc/arm-none-eabi/9.3.1/../../../../arm-none-eabi/lib/thumb/v7e-m+fp/hard\libc_nano.a(lib_a-impure.o)
                              c:/st/stm32cubeide_1.8.0/stm32cubeide/plugins/com.st.stm32cube.ide.mcu.externaltools.gnu-tools-for-stm32.9-2020-q2-update.win32_2.0.0.202105311346/tools/bin/../lib/gcc/arm-none-eabi/9.3.1/../../../../arm-none-eabi/lib/thumb/v7e-m+fp/hard\libc_nano.a(lib_a-exit.o) (_global_impure_ptr)
c:/st/stm32cubeide_1.8.0/stm32cubeide/plugins/com.st.stm32cube.ide.mcu.externaltools.gnu-tools-for-stm32.9-2020-q2-update.win32_2.0.0.202105311346/tools/bin/../lib/gcc/arm-none-eabi/9.3.1/../../../../arm-none-eabi/lib/thumb/v7e-m+fp/hard\libc_nano.a(lib_a-init.o)
                              c:/st/stm32cubeide_1.8.0/stm32cubeide/plugins/com.st.stm32cube.ide.mcu.externaltools.gnu-tools-for-stm32.9-2020-q2-update.win32_2.0.0.202105311346/tools/bin/../lib/gcc/arm-none-eabi/9.3.1/../../../../arm-none-eabi/lib/thumb/v7e-m+fp/hard/crt0.o (__libc_init_array)
c:/st/stm32cubeide_1.8.0/stm32cubeide/plugins/com.st.stm32cube.ide.mcu.externaltools.gnu-tools-for-stm32.9-2020-q2-update.win32_2.0.0.202105311346/tools/bin/../lib/gcc/arm-none-eabi/9.3.1/../../../../arm-none-eabi/lib/thumb/v7e-m+fp/hard\libc_nano.a(lib_a-memcpy-stub.o)
                              ./stm32f4/ATGM336H/minmea/minmea.o (memcpy)
c:/st/stm32cubeide_1.8.0/stm32cubeide/plugins/com.st.stm32cube.ide.mcu.externaltools.gnu-tools-for-stm32.9-2020-q2-update.win32_2.0.0.202105311346/tools/bin/../lib/gcc/arm-none-eabi/9.3.1/../../../../arm-none-eabi/lib/thumb/v7e-m+fp/hard\libc_nano.a(lib_a-memset.o)
                              c:/st/stm32cubeide_1.8.0/stm32cubeide/plugins/com.st.stm32cube.ide.mcu.externaltools.gnu-tools-for-stm32.9-2020-q2-update.win32_2.0.0.202105311346/tools/bin/../lib/gcc/arm-none-eabi/9.3.1/../../../../arm-none-eabi/lib/thumb/v7e-m+fp/hard/crt0.o (memset)
c:/st/stm32cubeide_1.8.0/stm32cubeide/plugins/com.st.stm32cube.ide.mcu.externaltools.gnu-tools-for-stm32.9-2020-q2-update.win32_2.0.0.202105311346/tools/bin/../lib/gcc/arm-none-eabi/9.3.1/../../../../arm-none-eabi/lib/thumb/v7e-m+fp/hard\libc_nano.a(lib_a-nano-vfprintf.o)
                              c:/st/stm32cubeide_1.8.0/stm32cubeide/plugins/com.st.stm32cube.ide.mcu.externaltools.gnu-tools-for-stm32.9-2020-q2-update.win32_2.0.0.202105311346/tools/bin/../lib/gcc/arm-none-eabi/9.3.1/../../../../arm-none-eabi/lib/thumb/v7e-m+fp/hard\libc_nano.a(lib_a-fprintf.o) (_vfprintf_r)
[...]
Memory Configuration

Name             Origin             Length             Attributes
RAM              0x0000000020000000 0x0000000000020000 xrw
FLASH            0x0000000008000000 0x0000000000080000 xr
*default*        0x0000000000000000 0xffffffffffffffff

Linker script and memory map

LOAD c:/st/stm32cubeide_1.8.0/stm32cubeide/plugins/com.st.stm32cube.ide.mcu.externaltools.gnu-tools-for-stm32.9-2020-q2-update.win32_2.0.0.202105311346/tools/bin/../lib/gcc/arm-none-eabi/9.3.1/thumb/v7e-m+fp/hard/crti.o
LOAD c:/st/stm32cubeide_1.8.0/stm32cubeide/plugins/com.st.stm32cube.ide.mcu.externaltools.gnu-tools-for-stm32.9-2020-q2-update.win32_2.0.0.202105311346/tools/bin/../lib/gcc/arm-none-eabi/9.3.1/thumb/v7e-m+fp/hard/crtbegin.o
LOAD c:/st/stm32cubeide_1.8.0/stm32cubeide/plugins/com.st.stm32cube.ide.mcu.externaltools.gnu-tools-for-stm32.9-2020-q2-update.win32_2.0.0.202105311346/tools/bin/../lib/gcc/arm-none-eabi/9.3.1/../../../../arm-none-eabi/lib/thumb/v7e-m+fp/hard/crt0.o
LOAD ./Application/app_main.o
LOAD ./Application/sebastian.o
LOAD ./Core/Src/main.o
LOAD ./Core/Src/stm32f4xx_hal_msp.o
LOAD ./Core/Src/stm32f4xx_it.o
LOAD ./Core/Src/syscalls.o
LOAD ./Core/Src/sysmem.o
LOAD ./Core/Src/system_stm32f4xx.o
LOAD ./Core/Startup/startup_stm32f411ceux.o
LOAD ./Drivers/BME280_I2C/bme280.o
LOAD ./Drivers/BME280_I2C/its_bme280.o
LOAD ./Drivers/STM32F4xx_HAL_Driver/Src/stm32f4xx_hal.o
LOAD ./Drivers/STM32F4xx_HAL_Driver/Src/stm32f4xx_hal_cortex.o
LOAD ./Drivers/STM32F4xx_HAL_Driver/Src/stm32f4xx_hal_dma.o
LOAD ./Drivers/STM32F4xx_HAL_Driver/Src/stm32f4xx_hal_dma_ex.o
LOAD ./Drivers/STM32F4xx_HAL_Driver/Src/stm32f4xx_hal_exti.o
LOAD ./Drivers/STM32F4xx_HAL_Driver/Src/stm32f4xx_hal_flash.o
LOAD ./Drivers/STM32F4xx_HAL_Driver/Src/stm32f4xx_hal_flash_ex.o
LOAD ./Drivers/STM32F4xx_HAL_Driver/Src/stm32f4xx_hal_flash_ramfunc.o
LOAD ./Drivers/STM32F4xx_HAL_Driver/Src/stm32f4xx_hal_gpio.o
LOAD ./Drivers/STM32F4xx_HAL_Driver/Src/stm32f4xx_hal_i2c.o
LOAD ./Drivers/STM32F4xx_HAL_Driver/Src/stm32f4xx_hal_i2c_ex.o
LOAD ./Drivers/STM32F4xx_HAL_Driver/Src/stm32f4xx_hal_pwr.o
LOAD ./Drivers/STM32F4xx_HAL_Driver/Src/stm32f4xx_hal_pwr_ex.o
LOAD ./Drivers/STM32F4xx_HAL_Driver/Src/stm32f4xx_hal_rcc.o
LOAD ./Drivers/STM32F4xx_HAL_Driver/Src/stm32f4xx_hal_rcc_ex.o
LOAD ./Drivers/STM32F4xx_HAL_Driver/Src/stm32f4xx_hal_sd.o
LOAD ./Drivers/STM32F4xx_HAL_Driver/Src/stm32f4xx_hal_spi.o
LOAD ./Drivers/STM32F4xx_HAL_Driver/Src/stm32f4xx_hal_tim.o
LOAD ./Drivers/STM32F4xx_HAL_Driver/Src/stm32f4xx_hal_tim_ex.o
LOAD ./Drivers/STM32F4xx_HAL_Driver/Src/stm32f4xx_hal_uart.o
LOAD ./Drivers/STM32F4xx_HAL_Driver/Src/stm32f4xx_ll_sdmmc.o
LOAD ./FATFS/App/fatfs.o
LOAD ./FATFS/Target/bsp_driver_sd.o
LOAD ./FATFS/Target/sd_diskio.o
LOAD ./Middlewares/Third_Party/FatFs/src/diskio.o
LOAD ./Middlewares/Third_Party/FatFs/src/ff.o
LOAD ./Middlewares/Third_Party/FatFs/src/ff_gen_drv.o
LOAD ./Middlewares/Third_Party/FatFs/src/option/ccsbcs.o
LOAD ./Middlewares/Third_Party/FatFs/src/option/syscall.o
LOAD ./stm32f4/1Wire_DS18B20/src/one_wire.o
LOAD ./stm32f4/ATGM336H/minmea/example.o
LOAD ./stm32f4/ATGM336H/minmea/minmea.o
LOAD ./stm32f4/ATGM336H/src/nmea_gps.o
LOAD ./stm32f4/DWT_Delay/src/dwt_delay.o
LOAD ./stm32f4/Dosimeter/src/dosimeter.o
LOAD ./stm32f4/I2C_HZ/i2c-crutch.o
LOAD ./stm32f4/LIS3MDL/src/DLIS3.o
LOAD ./stm32f4/LIS3MDL/src/lis3mdl_reg.o
LOAD ./stm32f4/LSM6DS3/src/DLSM.o
LOAD ./stm32f4/LSM6DS3/src/lsm6ds3_reg.o
LOAD ./stm32f4/Photorezistor/src/photorezistor.o
LOAD ./stm32f4/nRF24L01_PL/src/nrf24_lower_api_stm32.o
LOAD ./stm32f4/nRF24L01_PL/src/nrf24_upper_api.o
START GROUP
LOAD c:/st/stm32cubeide_1.8.0/stm32cubeide/plugins/com.st.stm32cube.ide.mcu.externaltools.gnu-tools-for-stm32.9-2020-q2-update.win32_2.0.0.202105311346/tools/bin/../lib/gcc/arm-none-eabi/9.3.1/../../../../arm-none-eabi/lib/thumb/v7e-m+fp/hard\libc_nano.a
LOAD c:/st/stm32cubeide_1.8.0/stm32cubeide/plugins/com.st.stm32cube.ide.mcu.externaltools.gnu-tools-for-stm32.9-2020-q2-update.win32_2.0.0.202105311346/tools/bin/../lib/gcc/arm-none-eabi/9.3.1/../../../../arm-none-eabi/lib/thumb/v7e-m+fp/hard\libm.a
END GROUP
START GROUP
LOAD c:/st/stm32cubeide_1.8.0/stm32cubeide/plugins/com.st.stm32cube.ide.mcu.externaltools.gnu-tools-for-stm32.9-2020-q2-update.win32_2.0.0.202105311346/tools/bin/../lib/gcc/arm-none-eabi/9.3.1/thumb/v7e-m+fp/hard\libgcc.a
LOAD c:/st/stm32cubeide_1.8.0/stm32cubeide/plugins/com.st.stm32cube.ide.mcu.externaltools.gnu-tools-for-stm32.9-2020-q2-update.win32_2.0.0.202105311346/tools/bin/../lib/gcc/arm-none-eabi/9.3.1/../../../../arm-none-eabi/lib/thumb/v7e-m+fp/hard\libc_nano.a
END GROUP
START GROUP
LOAD c:/st/stm32cubeide_1.8.0/stm32cubeide/plugins/com.st.stm32cube.ide.mcu.externaltools.gnu-tools-for-stm32.9-2020-q2-update.win32_2.0.0.202105311346/tools/bin/../lib/gcc/arm-none-eabi/9.3.1/thumb/v7e-m+fp/hard\libgcc.a
LOAD c:/st/stm32cubeide_1.8.0/stm32cubeide/plugins/com.st.stm32cube.ide.mcu.externaltools.gnu-tools-for-stm32.9-2020-q2-update.win32_2.0.0.202105311346/tools/bin/../lib/gcc/arm-none-eabi/9.3.1/../../../../arm-none-eabi/lib/thumb/v7e-m+fp/hard\libc_nano.a
LOAD c:/st/stm32cubeide_1.8.0/stm32cubeide/plugins/com.st.stm32cube.ide.mcu.externaltools.gnu-tools-for-stm32.9-2020-q2-update.win32_2.0.0.202105311346/tools/bin/../lib/gcc/arm-none-eabi/9.3.1/../../../../arm-none-eabi/lib/thumb/v7e-m+fp/hard\libnosys.a
END GROUP
START GROUP
LOAD c:/st/stm32cubeide_1.8.0/stm32cubeide/plugins/com.st.stm32cube.ide.mcu.externaltools.gnu-tools-for-stm32.9-2020-q2-update.win32_2.0.0.202105311346/tools/bin/../lib/gcc/arm-none-eabi/9.3.1/thumb/v7e-m+fp/hard\libgcc.a
LOAD c:/st/stm32cubeide_1.8.0/stm32cubeide/plugins/com.st.stm32cube.ide.mcu.externaltools.gnu-tools-for-stm32.9-2020-q2-update.win32_2.0.0.202105311346/tools/bin/../lib/gcc/arm-none-eabi/9.3.1/../../../../arm-none-eabi/lib/thumb/v7e-m+fp/hard\libc_nano.a
LOAD c:/st/stm32cubeide_1.8.0/stm32cubeide/plugins/com.st.stm32cube.ide.mcu.externaltools.gnu-tools-for-stm32.9-2020-q2-update.win32_2.0.0.202105311346/tools/bin/../lib/gcc/arm-none-eabi/9.3.1/../../../../arm-none-eabi/lib/thumb/v7e-m+fp/hard\libnosys.a
END GROUP
LOAD c:/st/stm32cubeide_1.8.0/stm32cubeide/plugins/com.st.stm32cube.ide.mcu.externaltools.gnu-tools-for-stm32.9-2020-q2-update.win32_2.0.0.202105311346/tools/bin/../lib/gcc/arm-none-eabi/9.3.1/thumb/v7e-m+fp/hard/crtend.o
LOAD c:/st/stm32cubeide_1.8.0/stm32cubeide/plugins/com.st.stm32cube.ide.mcu.externaltools.gnu-tools-for-stm32.9-2020-q2-update.win32_2.0.0.202105311346/tools/bin/../lib/gcc/arm-none-eabi/9.3.1/thumb/v7e-m+fp/hard/crtn.o
                0x0000000020020000                _estack = (ORIGIN (RAM) + LENGTH (RAM))
                0x0000000000000200                _Min_Heap_Size = 0x200
                0x0000000000000400                _Min_Stack_Size = 0x400

.isr_vector     0x0000000008000000      0x198
                0x0000000008000000                . = ALIGN (0x4)
 *(.isr_vector)
 .isr_vector    0x0000000008000000      0x198 ./Core/Startup/startup_stm32f411ceux.o
                0x0000000008000000                g_pfnVectors
                0x0000000008000198                . = ALIGN (0x4)

.text           0x0000000008000198     0x6b10
                0x0000000008000198                . = ALIGN (0x4)
 *(.text)
 .text          0x0000000008000198       0x40 c:/st/stm32cubeide_1.8.0/stm32cubeide/plugins/com.st.stm32cube.ide.mcu.externaltools.gnu-tools-for-stm32.9-2020-q2-update.win32_2.0.0.202105311346/tools/bin/../lib/gcc/arm-none-eabi/9.3.1/thumb/v7e-m+fp/hard/crtbegin.o
 .text          0x00000000080001d8       0x14 c:/st/stm32cubeide_1.8.0/stm32cubeide/plugins/com.st.stm32cube.ide.mcu.externaltools.gnu-tools-for-stm32.9-2020-q2-update.win32_2.0.0.202105311346/tools/bin/../lib/gcc/arm-none-eabi/9.3.1/../../../../arm-none-eabi/lib/thumb/v7e-m+fp/hard\libc_nano.a(lib_a-strcmp.o)
                0x00000000080001d8                strcmp
 .text          0x00000000080001ec       0x10 c:/st/stm32cubeide_1.8.0/stm32cubeide/plugins/com.st.stm32cube.ide.mcu.externaltools.gnu-tools-for-stm32.9-2020-q2-update.win32_2.0.0.202105311346/tools/bin/../lib/gcc/arm-none-eabi/9.3.1/../../../../arm-none-eabi/lib/thumb/v7e-m+fp/hard\libc_nano.a(lib_a-strlen.o)
                0x00000000080001ec                strlen
 .text          0x00000000080001fc       0x30 c:/st/stm32cubeide_1.8.0/stm32cubeide/plugins/com.st.stm32cube.ide.mcu.externaltools.gnu-tools-for-stm32.9-2020-q2-update.win32_2.0.0.202105311346/tools/bin/../lib/gcc/arm-none-eabi/9.3.1/thumb/v7e-m+fp/hard\libgcc.a(_aeabi_uldivmod.o)
                0x00000000080001fc                __aeabi_uldivmod
 .text          0x000000000800022c      0x2c4 c:/st/stm32cubeide_1.8.0/stm32cubeide/plugins/com.st.stm32cube.ide.mcu.externaltools.gnu-tools-for-stm32.9-2020-q2-update.win32_2.0.0.202105311346/tools/bin/../lib/gcc/arm-none-eabi/9.3.1/thumb/v7e-m+fp/hard\libgcc.a(_udivmoddi4.o)
                0x000000000800022c                __udivmoddi4
 .text          0x00000000080004f0        0x4 c:/st/stm32cubeide_1.8.0/stm32cubeide/plugins/com.st.stm32cube.ide.mcu.externaltools.gnu-tools-for-stm32.9-2020-q2-update.win32_2.0.0.202105311346/tools/bin/../lib/gcc/arm-none-eabi/9.3.1/thumb/v7e-m+fp/hard\libgcc.a(_dvmd_tls.o)
                0x00000000080004f0                __aeabi_idiv0
                0x00000000080004f0                __aeabi_ldiv0
 *(.text*)
 .text.app_main
                0x00000000080004f4      0x1b4 ./Application/app_main.o
                0x00000000080004f4                app_main
 .text.main     0x00000000080006a8       0x36 ./Core/Src/main.o
                0x00000000080006a8                main
 *fill*         0x00000000080006de        0x2 
 .text.SystemClock_Config
                0x00000000080006e0       0xd4 ./Core/Src/main.o
                0x00000000080006e0                SystemClock_Config
 .text.MX_I2C1_Init
                0x00000000080007b4       0x5c ./Core/Src/main.o
 .text.MX_SDIO_SD_Init
                0x0000000008000810       0x48 ./Core/Src/main.o
 .text.MX_SPI1_Init
                0x0000000008000858       0x6c ./Core/Src/main.o
 .text.MX_SPI4_Init
                0x00000000080008c4       0x6c ./Core/Src/main.o
 .text.MX_SPI5_Init
                0x0000000008000930       0x6c ./Core/Src/main.o
 .text.MX_USART1_UART_Init
                0x000000000800099c       0x54 ./Core/Src/main.o
 .text.MX_USART2_UART_Init
                0x00000000080009f0       0x54 ./Core/Src/main.o
 .text.MX_GPIO_Init
                0x0000000008000a44       0xd4 ./Core/Src/main.o
 .text.Error_Handler
                0x0000000008000b18        0xa ./Core/Src/main.o
                0x0000000008000b18                Error_Handler
 *fill*         0x0000000008000b22        0x2 
 .text.HAL_MspInit
                0x0000000008000b24       0x50 ./Core/Src/stm32f4xx_hal_msp.o
                0x0000000008000b24                HAL_MspInit
 .text.HAL_I2C_MspInit
                0x0000000008000b74       0x90 ./Core/Src/stm32f4xx_hal_msp.o
                0x0000000008000b74                HAL_I2C_MspInit
 .text.HAL_SD_MspInit
                0x0000000008000c04       0xd4 ./Core/Src/stm32f4xx_hal_msp.o
                0x0000000008000c04                HAL_SD_MspInit
 .text.HAL_SPI_MspInit
                0x0000000008000cd8      0x23c ./Core/Src/stm32f4xx_hal_msp.o
                0x0000000008000cd8                HAL_SPI_MspInit
 .text.HAL_UART_MspInit
                0x0000000008000f14      0x148 ./Core/Src/stm32f4xx_hal_msp.o
                0x0000000008000f14                HAL_UART_MspInit
 .text.NMI_Handler
                0x000000000800105c        0x6 ./Core/Src/stm32f4xx_it.o
                0x000000000800105c                NMI_Handler
 .text.HardFault_Handler
                0x0000000008001062        0x6 ./Core/Src/stm32f4xx_it.o
                0x0000000008001062                HardFault_Handler
 .text.MemManage_Handler
                0x0000000008001068        0x6 ./Core/Src/stm32f4xx_it.o
                0x0000000008001068                MemManage_Handler
 .text.BusFault_Handler
                0x000000000800106e        0x6 ./Core/Src/stm32f4xx_it.o
                0x000000000800106e                BusFault_Handler
 .text.UsageFault_Handler
                0x0000000008001074        0x6 ./Core/Src/stm32f4xx_it.o
                0x0000000008001074                UsageFault_Handler
 .text.SVC_Handler
                0x000000000800107a        0xe ./Core/Src/stm32f4xx_it.o
                0x000000000800107a                SVC_Handler
 .text.DebugMon_Handler
                0x0000000008001088        0xe ./Core/Src/stm32f4xx_it.o
                0x0000000008001088                DebugMon_Handler
 .text.PendSV_Handler
                0x0000000008001096        0xe ./Core/Src/stm32f4xx_it.o
                0x0000000008001096                PendSV_Handler
 .text.SysTick_Handler
                0x00000000080010a4        0xc ./Core/Src/stm32f4xx_it.o
                0x00000000080010a4                SysTick_Handler
 .text.USART1_IRQHandler
                0x00000000080010b0       0x2c ./Core/Src/stm32f4xx_it.o
                0x00000000080010b0                USART1_IRQHandler
 .text.SystemInit
                0x00000000080010dc       0x24 ./Core/Src/system_stm32f4xx.o
                0x00000000080010dc                SystemInit
 .text.Reset_Handler
                0x0000000008001100       0x50 ./Core/Startup/startup_stm32f411ceux.o
                0x0000000008001100                Reset_Handler
 .text.Default_Handler
                0x0000000008001150        0x2 ./Core/Startup/startup_stm32f411ceux.o
                0x0000000008001150                RTC_Alarm_IRQHandler
                0x0000000008001150                EXTI2_IRQHandler
                0x0000000008001150                SPI4_IRQHandler
                0x0000000008001150                TIM1_CC_IRQHandler
                0x0000000008001150                DMA2_Stream5_IRQHandler
                0x0000000008001150                DMA1_Stream5_IRQHandler
                0x0000000008001150                PVD_IRQHandler
                0x0000000008001150                SDIO_IRQHandler
                0x0000000008001150                TAMP_STAMP_IRQHandler
                0x0000000008001150                EXTI3_IRQHandler
                0x0000000008001150                TIM1_UP_TIM10_IRQHandler
                0x0000000008001150                I2C3_ER_IRQHandler
                0x0000000008001150                EXTI0_IRQHandler
                0x0000000008001150                I2C2_EV_IRQHandler
                0x0000000008001150                DMA1_Stream2_IRQHandler
                0x0000000008001150                FPU_IRQHandler
                0x0000000008001150                DMA2_Stream2_IRQHandler
                0x0000000008001150                SPI1_IRQHandler
                0x0000000008001150                TIM1_BRK_TIM9_IRQHandler
                0x0000000008001150                DMA2_Stream3_IRQHandler
                0x0000000008001150                USART6_IRQHandler
                0x0000000008001150                DMA2_Stream0_IRQHandler
                0x0000000008001150                TIM4_IRQHandler
                0x0000000008001150                I2C1_EV_IRQHandler
                0x0000000008001150                DMA1_Stream6_IRQHandler
                0x0000000008001150                DMA1_Stream1_IRQHandler
                0x0000000008001150                TIM3_IRQHandler
                0x0000000008001150                RCC_IRQHandler
                0x0000000008001150                Default_Handler
                0x0000000008001150                EXTI15_10_IRQHandler
                0x0000000008001150                ADC_IRQHandler
                0x0000000008001150                DMA1_Stream7_IRQHandler
                0x0000000008001150                SPI5_IRQHandler
                0x0000000008001150                TIM5_IRQHandler
                0x0000000008001150                DMA2_Stream7_IRQHandler
                0x0000000008001150                I2C3_EV_IRQHandler
                0x0000000008001150                EXTI9_5_IRQHandler
                0x0000000008001150                RTC_WKUP_IRQHandler
                0x0000000008001150                SPI2_IRQHandler
                0x0000000008001150                DMA1_Stream0_IRQHandler
                0x0000000008001150                EXTI4_IRQHandler
                0x0000000008001150                WWDG_IRQHandler
                0x0000000008001150                TIM2_IRQHandler
                0x0000000008001150                OTG_FS_WKUP_IRQHandler
                0x0000000008001150                TIM1_TRG_COM_TIM11_IRQHandler
                0x0000000008001150                EXTI1_IRQHandler
                0x0000000008001150                USART2_IRQHandler
                0x0000000008001150                I2C2_ER_IRQHandler
                0x0000000008001150                DMA2_Stream1_IRQHandler
                0x0000000008001150                FLASH_IRQHandler
                0x0000000008001150                DMA2_Stream4_IRQHandler
                0x0000000008001150                OTG_FS_IRQHandler
                0x0000000008001150                SPI3_IRQHandler
                0x0000000008001150                DMA1_Stream4_IRQHandler
                0x0000000008001150                I2C1_ER_IRQHandler
                0x0000000008001150                DMA2_Stream6_IRQHandler
                0x0000000008001150                DMA1_Stream3_IRQHandler
 *fill*         0x0000000008001152        0x2 
 .text.HAL_Init
                0x0000000008001154       0x44 ./Drivers/STM32F4xx_HAL_Driver/Src/stm32f4xx_hal.o
                0x0000000008001154                HAL_Init
 .text.HAL_InitTick
                0x0000000008001198       0x60 ./Drivers/STM32F4xx_HAL_Driver/Src/stm32f4xx_hal.o
                0x0000000008001198                HAL_InitTick
 .text.HAL_IncTick
                0x00000000080011f8       0x28 ./Drivers/STM32F4xx_HAL_Driver/Src/stm32f4xx_hal.o
                0x00000000080011f8                HAL_IncTick
 .text.HAL_GetTick
                0x0000000008001220       0x18 ./Drivers/STM32F4xx_HAL_Driver/Src/stm32f4xx_hal.o
                0x0000000008001220                HAL_GetTick
 .text.HAL_Delay
                0x0000000008001238       0x48 ./Drivers/STM32F4xx_HAL_Driver/Src/stm32f4xx_hal.o
                0x0000000008001238                HAL_Delay
 .text.__NVIC_SetPriorityGrouping
                0x0000000008001280       0x48 ./Drivers/STM32F4xx_HAL_Driver/Src/stm32f4xx_hal_cortex.o
 .text.__NVIC_GetPriorityGrouping
                0x00000000080012c8       0x1c ./Drivers/STM32F4xx_HAL_Driver/Src/stm32f4xx_hal_cortex.o
 .text.__NVIC_EnableIRQ
                0x00000000080012e4       0x3c ./Drivers/STM32F4xx_HAL_Driver/Src/stm32f4xx_hal_cortex.o
 .text.__NVIC_SetPriority
                0x0000000008001320       0x54 ./Drivers/STM32F4xx_HAL_Driver/Src/stm32f4xx_hal_cortex.o
 .text.NVIC_EncodePriority
                0x0000000008001374       0x66 ./Drivers/STM32F4xx_HAL_Driver/Src/stm32f4xx_hal_cortex.o
 *fill*         0x00000000080013da        0x2 
 .text.SysTick_Config
                0x00000000080013dc       0x44 ./Drivers/STM32F4xx_HAL_Driver/Src/stm32f4xx_hal_cortex.o
 .text.HAL_NVIC_SetPriorityGrouping
                0x0000000008001420       0x16 ./Drivers/STM32F4xx_HAL_Driver/Src/stm32f4xx_hal_cortex.o
                0x0000000008001420                HAL_NVIC_SetPriorityGrouping
 .text.HAL_NVIC_SetPriority
                0x0000000008001436       0x38 ./Drivers/STM32F4xx_HAL_Driver/Src/stm32f4xx_hal_cortex.o
                0x0000000008001436                HAL_NVIC_SetPriority
 .text.HAL_NVIC_EnableIRQ
                0x000000000800146e       0x1c ./Drivers/STM32F4xx_HAL_Driver/Src/stm32f4xx_hal_cortex.o
                0x000000000800146e                HAL_NVIC_EnableIRQ
 .text.HAL_SYSTICK_Config
                0x000000000800148a       0x18 ./Drivers/STM32F4xx_HAL_Driver/Src/stm32f4xx_hal_cortex.o
                0x000000000800148a                HAL_SYSTICK_Config
 *fill*         0x00000000080014a2        0x2 
 .text.HAL_GPIO_Init
                0x00000000080014a4      0x308 ./Drivers/STM32F4xx_HAL_Driver/Src/stm32f4xx_hal_gpio.o
                0x00000000080014a4                HAL_GPIO_Init
 .text.HAL_GPIO_WritePin
                0x00000000080017ac       0x32 ./Drivers/STM32F4xx_HAL_Driver/Src/stm32f4xx_hal_gpio.o
                0x00000000080017ac                HAL_GPIO_WritePin
 *fill*         0x00000000080017de        0x2 
 .text.HAL_I2C_Init
                0x00000000080017e0      0x288 ./Drivers/STM32F4xx_HAL_Driver/Src/stm32f4xx_hal_i2c.o
                0x00000000080017e0                HAL_I2C_Init
 .text.HAL_RCC_OscConfig
                0x0000000008001a68      0x4f0 ./Drivers/STM32F4xx_HAL_Driver/Src/stm32f4xx_hal_rcc.o
                0x0000000008001a68                HAL_RCC_OscConfig
 .text.HAL_RCC_ClockConfig
                0x0000000008001f58      0x1cc ./Drivers/STM32F4xx_HAL_Driver/Src/stm32f4xx_hal_rcc.o
                0x0000000008001f58                HAL_RCC_ClockConfig
 .text.HAL_RCC_GetSysClockFreq
                0x0000000008002124      0x16c ./Drivers/STM32F4xx_HAL_Driver/Src/stm32f4xx_hal_rcc.o
                0x0000000008002124                HAL_RCC_GetSysClockFreq
 .text.HAL_RCC_GetHCLKFreq
                0x0000000008002290       0x18 ./Drivers/STM32F4xx_HAL_Driver/Src/stm32f4xx_hal_rcc.o
                0x0000000008002290                HAL_RCC_GetHCLKFreq
 .text.HAL_RCC_GetPCLK1Freq
                0x00000000080022a8       0x28 ./Drivers/STM32F4xx_HAL_Driver/Src/stm32f4xx_hal_rcc.o
                0x00000000080022a8                HAL_RCC_GetPCLK1Freq
 .text.HAL_RCC_GetPCLK2Freq
                0x00000000080022d0       0x28 ./Drivers/STM32F4xx_HAL_Driver/Src/stm32f4xx_hal_rcc.o
                0x00000000080022d0                HAL_RCC_GetPCLK2Freq
 .text.HAL_SD_Init
                0x00000000080022f8       0x60 ./Drivers/STM32F4xx_HAL_Driver/Src/stm32f4xx_hal_sd.o
                0x00000000080022f8                HAL_SD_Init
 .text.HAL_SD_InitCard
                0x0000000008002358       0xfc ./Drivers/STM32F4xx_HAL_Driver/Src/stm32f4xx_hal_sd.o
                0x0000000008002358                HAL_SD_InitCard
 .text.HAL_SD_ReadBlocks
                0x0000000008002454      0x3bc ./Drivers/STM32F4xx_HAL_Driver/Src/stm32f4xx_hal_sd.o
                0x0000000008002454                HAL_SD_ReadBlocks
 .text.HAL_SD_WriteBlocks
                0x0000000008002810      0x30c ./Drivers/STM32F4xx_HAL_Driver/Src/stm32f4xx_hal_sd.o
                0x0000000008002810                HAL_SD_WriteBlocks
 .text.HAL_SD_GetCardCSD
                0x0000000008002b1c      0x348 ./Drivers/STM32F4xx_HAL_Driver/Src/stm32f4xx_hal_sd.o
                0x0000000008002b1c                HAL_SD_GetCardCSD
 .text.HAL_SD_GetCardInfo
                0x0000000008002e64       0x58 ./Drivers/STM32F4xx_HAL_Driver/Src/stm32f4xx_hal_sd.o
                0x0000000008002e64                HAL_SD_GetCardInfo
 .text.HAL_SD_ConfigWideBusOperation
                0x0000000008002ebc      0x134 ./Drivers/STM32F4xx_HAL_Driver/Src/stm32f4xx_hal_sd.o
                0x0000000008002ebc                HAL_SD_ConfigWideBusOperation
 .text.HAL_SD_GetCardState
                0x0000000008002ff0       0x40 ./Drivers/STM32F4xx_HAL_Driver/Src/stm32f4xx_hal_sd.o
                0x0000000008002ff0                HAL_SD_GetCardState
 .text.SD_InitCard
                0x0000000008003030      0x198 ./Drivers/STM32F4xx_HAL_Driver/Src/stm32f4xx_hal_sd.o
 .text.SD_PowerON
                0x00000000080031c8      0x11c ./Drivers/STM32F4xx_HAL_Driver/Src/stm32f4xx_hal_sd.o
 .text.SD_SendStatus
                0x00000000080032e4       0x50 ./Drivers/STM32F4xx_HAL_Driver/Src/stm32f4xx_hal_sd.o
 .text.SD_WideBus_Enable
                0x0000000008003334       0x96 ./Drivers/STM32F4xx_HAL_Driver/Src/stm32f4xx_hal_sd.o
 .text.SD_WideBus_Disable
                0x00000000080033ca       0x96 ./Drivers/STM32F4xx_HAL_Driver/Src/stm32f4xx_hal_sd.o
 .text.SD_FindSCR
                0x0000000008003460      0x1a6 ./Drivers/STM32F4xx_HAL_Driver/Src/stm32f4xx_hal_sd.o
 .text.HAL_SPI_Init
                0x0000000008003606      0x112 ./Drivers/STM32F4xx_HAL_Driver/Src/stm32f4xx_hal_spi.o
                0x0000000008003606                HAL_SPI_Init
 .text.HAL_SPI_Transmit
                0x0000000008003718      0x278 ./Drivers/STM32F4xx_HAL_Driver/Src/stm32f4xx_hal_spi.o
                0x0000000008003718                HAL_SPI_Transmit
 .text.HAL_SPI_Receive
                0x0000000008003990      0x222 ./Drivers/STM32F4xx_HAL_Driver/Src/stm32f4xx_hal_spi.o
                0x0000000008003990                HAL_SPI_Receive
 .text.HAL_SPI_TransmitReceive
                0x0000000008003bb2      0x344 ./Drivers/STM32F4xx_HAL_Driver/Src/stm32f4xx_hal_spi.o
                0x0000000008003bb2                HAL_SPI_TransmitReceive
 *fill*         0x0000000008003ef6        0x2 
 .text.SPI_WaitFlagStateUntilTimeout
                0x0000000008003ef8      0x110 ./Drivers/STM32F4xx_HAL_Driver/Src/stm32f4xx_hal_spi.o
 .text.SPI_EndRxTransaction
                0x0000000008004008       0xca ./Drivers/STM32F4xx_HAL_Driver/Src/stm32f4xx_hal_spi.o
 *fill*         0x00000000080040d2        0x2 
 .text.SPI_EndRxTxTransaction
                0x00000000080040d4       0x84 ./Drivers/STM32F4xx_HAL_Driver/Src/stm32f4xx_hal_spi.o
 .text.HAL_UART_Init
                0x0000000008004158       0x9a ./Drivers/STM32F4xx_HAL_Driver/Src/stm32f4xx_hal_uart.o
                0x0000000008004158                HAL_UART_Init
 *fill*         0x00000000080041f2        0x2 
 .text.UART_SetConfig
                0x00000000080041f4      0x390 ./Drivers/STM32F4xx_HAL_Driver/Src/stm32f4xx_hal_uart.o
 .text.SDIO_Init
                0x0000000008004584       0x56 ./Drivers/STM32F4xx_HAL_Driver/Src/stm32f4xx_ll_sdmmc.o
                0x0000000008004584                SDIO_Init
 .text.SDIO_ReadFIFO
                0x00000000080045da       0x1a ./Drivers/STM32F4xx_HAL_Driver/Src/stm32f4xx_ll_sdmmc.o
                0x00000000080045da                SDIO_ReadFIFO
 .text.SDIO_WriteFIFO
                0x00000000080045f4       0x22 ./Drivers/STM32F4xx_HAL_Driver/Src/stm32f4xx_ll_sdmmc.o
                0x00000000080045f4                SDIO_WriteFIFO
 .text.SDIO_PowerState_ON
                0x0000000008004616       0x1e ./Drivers/STM32F4xx_HAL_Driver/Src/stm32f4xx_ll_sdmmc.o
                0x0000000008004616                SDIO_PowerState_ON
 .text.SDIO_GetPowerState
                0x0000000008004634       0x1c ./Drivers/STM32F4xx_HAL_Driver/Src/stm32f4xx_ll_sdmmc.o
                0x0000000008004634                SDIO_GetPowerState
 .text.SDIO_SendCommand
                0x0000000008004650       0x54 ./Drivers/STM32F4xx_HAL_Driver/Src/stm32f4xx_ll_sdmmc.o
                0x0000000008004650                SDIO_SendCommand
 .text.SDIO_GetCommandResponse
                0x00000000080046a4       0x1a ./Drivers/STM32F4xx_HAL_Driver/Src/stm32f4xx_ll_sdmmc.o
                0x00000000080046a4                SDIO_GetCommandResponse
 .text.SDIO_GetResponse
                0x00000000080046be       0x26 ./Drivers/STM32F4xx_HAL_Driver/Src/stm32f4xx_ll_sdmmc.o
                0x00000000080046be                SDIO_GetResponse
 .text.SDIO_ConfigData
                0x00000000080046e4       0x58 ./Drivers/STM32F4xx_HAL_Driver/Src/stm32f4xx_ll_sdmmc.o
                0x00000000080046e4                SDIO_ConfigData
 .text.SDMMC_CmdBlockLength
                0x000000000800473c       0x44 ./Drivers/STM32F4xx_HAL_Driver/Src/stm32f4xx_ll_sdmmc.o
                0x000000000800473c                SDMMC_CmdBlockLength
 .text.SDMMC_CmdReadSingleBlock
                0x0000000008004780       0x44 ./Drivers/STM32F4xx_HAL_Driver/Src/stm32f4xx_ll_sdmmc.o
                0x0000000008004780                SDMMC_CmdReadSingleBlock
 .text.SDMMC_CmdReadMultiBlock
                0x00000000080047c4       0x44 ./Drivers/STM32F4xx_HAL_Driver/Src/stm32f4xx_ll_sdmmc.o
                0x00000000080047c4                SDMMC_CmdReadMultiBlock
 .text.SDMMC_CmdWriteSingleBlock
                0x0000000008004808       0x44 ./Drivers/STM32F4xx_HAL_Driver/Src/stm32f4xx_ll_sdmmc.o
                0x0000000008004808                SDMMC_CmdWriteSingleBlock
 .text.SDMMC_CmdWriteMultiBlock
                0x000000000800484c       0x44 ./Drivers/STM32F4xx_HAL_Driver/Src/stm32f4xx_ll_sdmmc.o
                0x000000000800484c                SDMMC_CmdWriteMultiBlock
 .text.SDMMC_CmdStopTransfer
                0x0000000008004890       0x44 ./Drivers/STM32F4xx_HAL_Driver/Src/stm32f4xx_ll_sdmmc.o
                0x0000000008004890                SDMMC_CmdStopTransfer
 .text.SDMMC_CmdSelDesel
                0x00000000080048d4       0x46 ./Drivers/STM32F4xx_HAL_Driver/Src/stm32f4xx_ll_sdmmc.o
                0x00000000080048d4                SDMMC_CmdSelDesel
 .text.SDMMC_CmdGoIdleState
                0x000000000800491a       0x3c ./Drivers/STM32F4xx_HAL_Driver/Src/stm32f4xx_ll_sdmmc.o
                0x000000000800491a                SDMMC_CmdGoIdleState
 .text.SDMMC_CmdOperCond
                0x0000000008004956       0x3e ./Drivers/STM32F4xx_HAL_Driver/Src/stm32f4xx_ll_sdmmc.o
                0x0000000008004956                SDMMC_CmdOperCond
 .text.SDMMC_CmdAppCommand
                0x0000000008004994       0x44 ./Drivers/STM32F4xx_HAL_Driver/Src/stm32f4xx_ll_sdmmc.o
                0x0000000008004994                SDMMC_CmdAppCommand
 .text.SDMMC_CmdAppOperCommand
                0x00000000080049d8       0x46 ./Drivers/STM32F4xx_HAL_Driver/Src/stm32f4xx_ll_sdmmc.o
                0x00000000080049d8                SDMMC_CmdAppOperCommand
 .text.SDMMC_CmdBusWidth
                0x0000000008004a1e       0x44 ./Drivers/STM32F4xx_HAL_Driver/Src/stm32f4xx_ll_sdmmc.o
                0x0000000008004a1e                SDMMC_CmdBusWidth
 .text.SDMMC_CmdSendSCR
                0x0000000008004a62       0x42 ./Drivers/STM32F4xx_HAL_Driver/Src/stm32f4xx_ll_sdmmc.o
                0x0000000008004a62                SDMMC_CmdSendSCR
 .text.SDMMC_CmdSendCID
                0x0000000008004aa4       0x3c ./Drivers/STM32F4xx_HAL_Driver/Src/stm32f4xx_ll_sdmmc.o
                0x0000000008004aa4                SDMMC_CmdSendCID
 .text.SDMMC_CmdSendCSD
                0x0000000008004ae0       0x3e ./Drivers/STM32F4xx_HAL_Driver/Src/stm32f4xx_ll_sdmmc.o
                0x0000000008004ae0                SDMMC_CmdSendCSD
 .text.SDMMC_CmdSetRelAdd
                0x0000000008004b1e       0x42 ./Drivers/STM32F4xx_HAL_Driver/Src/stm32f4xx_ll_sdmmc.o
                0x0000000008004b1e                SDMMC_CmdSetRelAdd
 .text.SDMMC_CmdSendStatus
                0x0000000008004b60       0x44 ./Drivers/STM32F4xx_HAL_Driver/Src/stm32f4xx_ll_sdmmc.o
                0x0000000008004b60                SDMMC_CmdSendStatus
 .text.SDMMC_GetCmdError
                0x0000000008004ba4       0x58 ./Drivers/STM32F4xx_HAL_Driver/Src/stm32f4xx_ll_sdmmc.o
 .text.SDMMC_GetCmdResp1
                0x0000000008004bfc      0x1dc ./Drivers/STM32F4xx_HAL_Driver/Src/stm32f4xx_ll_sdmmc.o
 .text.SDMMC_GetCmdResp2
                0x0000000008004dd8       0x90 ./Drivers/STM32F4xx_HAL_Driver/Src/stm32f4xx_ll_sdmmc.o
 .text.SDMMC_GetCmdResp3
                0x0000000008004e68       0x7c ./Drivers/STM32F4xx_HAL_Driver/Src/stm32f4xx_ll_sdmmc.o
 .text.SDMMC_GetCmdResp6
                0x0000000008004ee4       0xec ./Drivers/STM32F4xx_HAL_Driver/Src/stm32f4xx_ll_sdmmc.o
 .text.SDMMC_GetCmdResp7
                0x0000000008004fd0       0x9c ./Drivers/STM32F4xx_HAL_Driver/Src/stm32f4xx_ll_sdmmc.o
 .text.MX_FATFS_Init
                0x000000000800506c       0x24 ./FATFS/App/fatfs.o
                0x000000000800506c                MX_FATFS_Init
 .text.BSP_SD_Init
                0x0000000008005090       0x4c ./FATFS/Target/bsp_driver_sd.o
                0x0000000008005090                BSP_SD_Init
 .text.BSP_SD_ReadBlocks
                0x00000000080050dc       0x3c ./FATFS/Target/bsp_driver_sd.o
                0x00000000080050dc                BSP_SD_ReadBlocks
 .text.BSP_SD_WriteBlocks
                0x0000000008005118       0x3c ./FATFS/Target/bsp_driver_sd.o
                0x0000000008005118                BSP_SD_WriteBlocks
 .text.BSP_SD_GetCardState
                0x0000000008005154       0x20 ./FATFS/Target/bsp_driver_sd.o
                0x0000000008005154                BSP_SD_GetCardState
 .text.BSP_SD_GetCardInfo
                0x0000000008005174       0x1c ./FATFS/Target/bsp_driver_sd.o
                0x0000000008005174                BSP_SD_GetCardInfo
 .text.BSP_SD_IsDetected
                0x0000000008005190       0x1a ./FATFS/Target/bsp_driver_sd.o
                0x0000000008005190                BSP_SD_IsDetected
 *fill*         0x00000000080051aa        0x2 
 .text.SD_CheckStatus
                0x00000000080051ac       0x3c ./FATFS/Target/sd_diskio.o
 .text.SD_initialize
                0x00000000080051e8       0x3c ./FATFS/Target/sd_diskio.o
                0x00000000080051e8                SD_initialize
 .text.SD_status
                0x0000000008005224       0x1c ./FATFS/Target/sd_diskio.o
                0x0000000008005224                SD_status
 .text.SD_read  0x0000000008005240       0x42 ./FATFS/Target/sd_diskio.o
                0x0000000008005240                SD_read
 .text.SD_write
                0x0000000008005282       0x42 ./FATFS/Target/sd_diskio.o
                0x0000000008005282                SD_write
 .text.SD_ioctl
                0x00000000080052c4       0xb0 ./FATFS/Target/sd_diskio.o
                0x00000000080052c4                SD_ioctl
 .text.FATFS_LinkDriverEx
                0x0000000008005374       0x98 ./Middlewares/Third_Party/FatFs/src/ff_gen_drv.o
                0x0000000008005374                FATFS_LinkDriverEx
 .text.FATFS_LinkDriver
                0x000000000800540c       0x1e ./Middlewares/Third_Party/FatFs/src/ff_gen_drv.o
                0x000000000800540c                FATFS_LinkDriver
 .text.hex2int  0x000000000800542a       0x50 ./stm32f4/ATGM336H/minmea/minmea.o
 *fill*         0x000000000800547a        0x2 
 .text.minmea_check
                0x000000000800547c       0xf8 ./stm32f4/ATGM336H/minmea/minmea.o
                0x000000000800547c                minmea_check
 .text.minmea_isfield
                0x0000000008005574       0x44 ./stm32f4/ATGM336H/minmea/minmea.o
 .text.minmea_scan
                0x00000000080055b8      0x778 ./stm32f4/ATGM336H/minmea/minmea.o
                0x00000000080055b8                minmea_scan
 .text.minmea_sentence_id
                0x0000000008005d30       0xdc ./stm32f4/ATGM336H/minmea/minmea.o
                0x0000000008005d30                minmea_sentence_id
 .text.minmea_parse_gga
                0x0000000008005e0c       0xc8 ./stm32f4/ATGM336H/minmea/minmea.o
                0x0000000008005e0c                minmea_parse_gga
 .text.minmea_tofloat
                0x0000000008005ed4       0x48 ./stm32f4/ATGM336H/src/nmea_gps.o
 .text.minmea_tocoord
                0x0000000008005f1c       0x88 ./stm32f4/ATGM336H/src/nmea_gps.o
 .text.cb_push  0x0000000008005fa4       0x58 ./stm32f4/ATGM336H/src/nmea_gps.o
 .text.cb_pop   0x0000000008005ffc       0x58 ./stm32f4/ATGM336H/src/nmea_gps.o
 .text.gps_parse
                0x0000000008006054       0x88 ./stm32f4/ATGM336H/src/nmea_gps.o
 .text.gps_init
                0x00000000080060dc       0x44 ./stm32f4/ATGM336H/src/nmea_gps.o
                0x00000000080060dc                gps_init
 .text.gps_push_byte
                0x0000000008006120       0x1c ./stm32f4/ATGM336H/src/nmea_gps.o
                0x0000000008006120                gps_push_byte
 .text.gps_work
                0x000000000800613c      0x17c ./stm32f4/ATGM336H/src/nmea_gps.o
                0x000000000800613c                gps_work
 .text.gps_get_coords
                0x00000000080062b8       0x5c ./stm32f4/ATGM336H/src/nmea_gps.o
                0x00000000080062b8                gps_get_coords
 .text.lis3mdl_write
                0x0000000008006314       0x78 ./stm32f4/LIS3MDL/src/DLIS3.o
 .text.lis3mdl_read
                0x000000000800638c       0x78 ./stm32f4/LIS3MDL/src/DLIS3.o
 .text.lisset   0x0000000008006404       0x84 ./stm32f4/LIS3MDL/src/DLIS3.o
                0x0000000008006404                lisset
 .text.lis3mdl_read_reg
                0x0000000008006488       0x30 ./stm32f4/LIS3MDL/src/lis3mdl_reg.o
                0x0000000008006488                lis3mdl_read_reg
 .text.lis3mdl_write_reg
                0x00000000080064b8       0x30 ./stm32f4/LIS3MDL/src/lis3mdl_reg.o
                0x00000000080064b8                lis3mdl_write_reg
 .text.lis3mdl_data_rate_set
                0x00000000080064e8       0x8c ./stm32f4/LIS3MDL/src/lis3mdl_reg.o
                0x00000000080064e8                lis3mdl_data_rate_set
 .text.lis3mdl_temperature_meas_set
                0x0000000008006574       0x4c ./stm32f4/LIS3MDL/src/lis3mdl_reg.o
                0x0000000008006574                lis3mdl_temperature_meas_set
 .text.lis3mdl_full_scale_set
                0x00000000080065c0       0x4c ./stm32f4/LIS3MDL/src/lis3mdl_reg.o
                0x00000000080065c0                lis3mdl_full_scale_set
 .text.lis3mdl_operating_mode_set
                0x000000000800660c       0x4c ./stm32f4/LIS3MDL/src/lis3mdl_reg.o
                0x000000000800660c                lis3mdl_operating_mode_set
 .text.lis3mdl_fast_low_power_set
                0x0000000008006658       0x4c ./stm32f4/LIS3MDL/src/lis3mdl_reg.o
                0x0000000008006658                lis3mdl_fast_low_power_set
 .text.lis3mdl_block_data_update_set
                0x00000000080066a4       0x4c ./stm32f4/LIS3MDL/src/lis3mdl_reg.o
                0x00000000080066a4                lis3mdl_block_data_update_set
 .text.lis3mdl_device_id_get
                0x00000000080066f0       0x22 ./stm32f4/LIS3MDL/src/lis3mdl_reg.o
                0x00000000080066f0                lis3mdl_device_id_get
 .text.lis3mdl_reset_set
                0x0000000008006712       0x4c ./stm32f4/LIS3MDL/src/lis3mdl_reg.o
                0x0000000008006712                lis3mdl_reset_set
 .text.lis3mdl_spi_mode_set
                0x000000000800675e       0x4c ./stm32f4/LIS3MDL/src/lis3mdl_reg.o
                0x000000000800675e                lis3mdl_spi_mode_set
 .text.lsmd6s3_write
                0x00000000080067aa       0x6e ./stm32f4/LSM6DS3/src/DLSM.o
 .text.lsm6ds3_read
                0x0000000008006818       0x6e ./stm32f4/LSM6DS3/src/DLSM.o
 *fill*         0x0000000008006886        0x2 
 .text.lsmset   0x0000000008006888       0x6c ./stm32f4/LSM6DS3/src/DLSM.o
                0x0000000008006888                lsmset
 .text.lsm6ds3_read_reg
                0x00000000080068f4       0x30 ./stm32f4/LSM6DS3/src/lsm6ds3_reg.o
                0x00000000080068f4                lsm6ds3_read_reg
 .text.lsm6ds3_write_reg
                0x0000000008006924       0x30 ./stm32f4/LSM6DS3/src/lsm6ds3_reg.o
                0x0000000008006924                lsm6ds3_write_reg
 .text.lsm6ds3_xl_full_scale_set
                0x0000000008006954       0x4c ./stm32f4/LSM6DS3/src/lsm6ds3_reg.o
                0x0000000008006954                lsm6ds3_xl_full_scale_set
 .text.lsm6ds3_xl_data_rate_set
                0x00000000080069a0       0x4c ./stm32f4/LSM6DS3/src/lsm6ds3_reg.o
                0x00000000080069a0                lsm6ds3_xl_data_rate_set
 .text.lsm6ds3_gy_full_scale_set
                0x00000000080069ec       0x4c ./stm32f4/LSM6DS3/src/lsm6ds3_reg.o
                0x00000000080069ec                lsm6ds3_gy_full_scale_set
 .text.lsm6ds3_gy_data_rate_set
                0x0000000008006a38       0x4c ./stm32f4/LSM6DS3/src/lsm6ds3_reg.o
                0x0000000008006a38                lsm6ds3_gy_data_rate_set
 .text.lsm6ds3_device_id_get
                0x0000000008006a84       0x22 ./stm32f4/LSM6DS3/src/lsm6ds3_reg.o
                0x0000000008006a84                lsm6ds3_device_id_get
 .text.lsm6ds3_reset_set
                0x0000000008006aa6       0x4c ./stm32f4/LSM6DS3/src/lsm6ds3_reg.o
                0x0000000008006aa6                lsm6ds3_reset_set
 *fill*         0x0000000008006af2        0x2 
 .text.__errno  0x0000000008006af4        0xc c:/st/stm32cubeide_1.8.0/stm32cubeide/plugins/com.st.stm32cube.ide.mcu.externaltools.gnu-tools-for-stm32.9-2020-q2-update.win32_2.0.0.202105311346/tools/bin/../lib/gcc/arm-none-eabi/9.3.1/../../../../arm-none-eabi/lib/thumb/v7e-m+fp/hard\libc_nano.a(lib_a-errno.o)
                0x0000000008006af4                __errno
 .text.__libc_init_array
                0x0000000008006b00       0x48 c:/st/stm32cubeide_1.8.0/stm32cubeide/plugins/com.st.stm32cube.ide.mcu.externaltools.gnu-tools-for-stm32.9-2020-q2-update.win32_2.0.0.202105311346/tools/bin/../lib/gcc/arm-none-eabi/9.3.1/../../../../arm-none-eabi/lib/thumb/v7e-m+fp/hard\libc_nano.a(lib_a-init.o)
                0x0000000008006b00                __libc_init_array
 .text.memcpy   0x0000000008006b48       0x1c c:/st/stm32cubeide_1.8.0/stm32cubeide/plugins/com.st.stm32cube.ide.mcu.externaltools.gnu-tools-for-stm32.9-2020-q2-update.win32_2.0.0.202105311346/tools/bin/../lib/gcc/arm-none-eabi/9.3.1/../../../../arm-none-eabi/lib/thumb/v7e-m+fp/hard\libc_nano.a(lib_a-memcpy-stub.o)
                0x0000000008006b48                memcpy
 .text.memset   0x0000000008006b64       0x10 c:/st/stm32cubeide_1.8.0/stm32cubeide/plugins/com.st.stm32cube.ide.mcu.externaltools.gnu-tools-for-stm32.9-2020-q2-update.win32_2.0.0.202105311346/tools/bin/../lib/gcc/arm-none-eabi/9.3.1/../../../../arm-none-eabi/lib/thumb/v7e-m+fp/hard\libc_nano.a(lib_a-memset.o)
                0x0000000008006b64                memset
 .text._strtol_l.isra.0
                0x0000000008006b74      0x108 c:/st/stm32cubeide_1.8.0/stm32cubeide/plugins/com.st.stm32cube.ide.mcu.externaltools.gnu-tools-for-stm32.9-2020-q2-update.win32_2.0.0.202105311346/tools/bin/../lib/gcc/arm-none-eabi/9.3.1/../../../../arm-none-eabi/lib/thumb/v7e-m+fp/hard\libc_nano.a(lib_a-strtol.o)
 .text.strtol   0x0000000008006c7c       0x14 c:/st/stm32cubeide_1.8.0/stm32cubeide/plugins/com.st.stm32cube.ide.mcu.externaltools.gnu-tools-for-stm32.9-2020-q2-update.win32_2.0.0.202105311346/tools/bin/../lib/gcc/arm-none-eabi/9.3.1/../../../../arm-none-eabi/lib/thumb/v7e-m+fp/hard\libc_nano.a(lib_a-strtol.o)
                0x0000000008006c7c                strtol
 *(.glue_7)
 .glue_7        0x0000000008006c90        0x0 linker stubs
 *(.glue_7t)
 .glue_7t       0x0000000008006c90        0x0 linker stubs
 *(.eh_frame)
 .eh_frame      0x0000000008006c90        0x0 c:/st/stm32cubeide_1.8.0/stm32cubeide/plugins/com.st.stm32cube.ide.mcu.externaltools.gnu-tools-for-stm32.9-2020-q2-update.win32_2.0.0.202105311346/tools/bin/../lib/gcc/arm-none-eabi/9.3.1/thumb/v7e-m+fp/hard/crtbegin.o
 *(.init)
 .init          0x0000000008006c90        0x4 c:/st/stm32cubeide_1.8.0/stm32cubeide/plugins/com.st.stm32cube.ide.mcu.externaltools.gnu-tools-for-stm32.9-2020-q2-update.win32_2.0.0.202105311346/tools/bin/../lib/gcc/arm-none-eabi/9.3.1/thumb/v7e-m+fp/hard/crti.o
                0x0000000008006c90                _init
 .init          0x0000000008006c94        0x8 c:/st/stm32cubeide_1.8.0/stm32cubeide/plugins/com.st.stm32cube.ide.mcu.externaltools.gnu-tools-for-stm32.9-2020-q2-update.win32_2.0.0.202105311346/tools/bin/../lib/gcc/arm-none-eabi/9.3.1/thumb/v7e-m+fp/hard/crtn.o
 *(.fini)
 .fini          0x0000000008006c9c        0x4 c:/st/stm32cubeide_1.8.0/stm32cubeide/plugins/com.st.stm32cube.ide.mcu.externaltools.gnu-tools-for-stm32.9-2020-q2-update.win32_2.0.0.202105311346/tools/bin/../lib/gcc/arm-none-eabi/9.3.1/thumb/v7e-m+fp/hard/crti.o
                0x0000000008006c9c                _fini
 .fini          0x0000000008006ca0        0x8 c:/st/stm32cubeide_1.8.0/stm32cubeide/plugins/com.st.stm32cube.ide.mcu.externaltools.gnu-tools-for-stm32.9-2020-q2-update.win32_2.0.0.202105311346/tools/bin/../lib/gcc/arm-none-eabi/9.3.1/thumb/v7e-m+fp/hard/crtn.o
                0x0000000008006ca8                . = ALIGN (0x4)
                0x0000000008006ca8                _etext = .

.vfp11_veneer   0x0000000008006ca8        0x0
 .vfp11_veneer  0x0000000008006ca8        0x0 linker stubs

.v4_bx          0x0000000008006ca8        0x0
 .v4_bx         0x0000000008006ca8        0x0 linker stubs

.iplt           0x0000000008006ca8        0x0
 .iplt          0x0000000008006ca8        0x0 c:/st/stm32cubeide_1.8.0/stm32cubeide/plugins/com.st.stm32cube.ide.mcu.externaltools.gnu-tools-for-stm32.9-2020-q2-update.win32_2.0.0.202105311346/tools/bin/../lib/gcc/arm-none-eabi/9.3.1/thumb/v7e-m+fp/hard/crtbegin.o

.rodata         0x0000000008006ca8      0x208
                0x0000000008006ca8                . = ALIGN (0x4)
 *(.rodata)
 .rodata        0x0000000008006ca8       0x75 ./stm32f4/ATGM336H/minmea/minmea.o
 *(.rodata*)
 *fill*         0x0000000008006d1d        0x3 
 .rodata.AHBPrescTable
                0x0000000008006d20       0x10 ./Core/Src/system_stm32f4xx.o
                0x0000000008006d20                AHBPrescTable
 .rodata.APBPrescTable
                0x0000000008006d30        0x8 ./Core/Src/system_stm32f4xx.o
                0x0000000008006d30                APBPrescTable
 .rodata.SD_Driver
                0x0000000008006d38       0x14 ./FATFS/Target/sd_diskio.o
                0x0000000008006d38                SD_Driver
 .rodata._ctype_
                0x0000000008006d4c      0x101 c:/st/stm32cubeide_1.8.0/stm32cubeide/plugins/com.st.stm32cube.ide.mcu.externaltools.gnu-tools-for-stm32.9-2020-q2-update.win32_2.0.0.202105311346/tools/bin/../lib/gcc/arm-none-eabi/9.3.1/../../../../arm-none-eabi/lib/thumb/v7e-m+fp/hard\libc_nano.a(lib_a-ctype_.o)
                0x0000000008006d4c                _ctype_
 *fill*         0x0000000008006e4d        0x3 
 .rodata.__sf_fake_stderr
                0x0000000008006e50       0x20 c:/st/stm32cubeide_1.8.0/stm32cubeide/plugins/com.st.stm32cube.ide.mcu.externaltools.gnu-tools-for-stm32.9-2020-q2-update.win32_2.0.0.202105311346/tools/bin/../lib/gcc/arm-none-eabi/9.3.1/../../../../arm-none-eabi/lib/thumb/v7e-m+fp/hard\libc_nano.a(lib_a-findfp.o)
                0x0000000008006e50                __sf_fake_stderr
 .rodata.__sf_fake_stdin
                0x0000000008006e70       0x20 c:/st/stm32cubeide_1.8.0/stm32cubeide/plugins/com.st.stm32cube.ide.mcu.externaltools.gnu-tools-for-stm32.9-2020-q2-update.win32_2.0.0.202105311346/tools/bin/../lib/gcc/arm-none-eabi/9.3.1/../../../../arm-none-eabi/lib/thumb/v7e-m+fp/hard\libc_nano.a(lib_a-findfp.o)
                0x0000000008006e70                __sf_fake_stdin
 .rodata.__sf_fake_stdout
                0x0000000008006e90       0x20 c:/st/stm32cubeide_1.8.0/stm32cubeide/plugins/com.st.stm32cube.ide.mcu.externaltools.gnu-tools-for-stm32.9-2020-q2-update.win32_2.0.0.202105311346/tools/bin/../lib/gcc/arm-none-eabi/9.3.1/../../../../arm-none-eabi/lib/thumb/v7e-m+fp/hard\libc_nano.a(lib_a-findfp.o)
                0x0000000008006e90                __sf_fake_stdout
                0x0000000008006eb0                . = ALIGN (0x4)

.ARM.extab      0x0000000008006eb0        0x0
                0x0000000008006eb0                . = ALIGN (0x4)
 *(.ARM.extab* .gnu.linkonce.armextab.*)
                0x0000000008006eb0                . = ALIGN (0x4)

.ARM            0x0000000008006eb0        0x8
                0x0000000008006eb0                . = ALIGN (0x4)
                0x0000000008006eb0                __exidx_start = .
 *(.ARM.exidx*)
 .ARM.exidx     0x0000000008006eb0        0x8 c:/st/stm32cubeide_1.8.0/stm32cubeide/plugins/com.st.stm32cube.ide.mcu.externaltools.gnu-tools-for-stm32.9-2020-q2-update.win32_2.0.0.202105311346/tools/bin/../lib/gcc/arm-none-eabi/9.3.1/thumb/v7e-m+fp/hard\libgcc.a(_udivmoddi4.o)
                0x0000000008006eb8                __exidx_end = .
                0x0000000008006eb8                . = ALIGN (0x4)

.rel.dyn        0x0000000008006eb8        0x0
 .rel.iplt      0x0000000008006eb8        0x0 c:/st/stm32cubeide_1.8.0/stm32cubeide/plugins/com.st.stm32cube.ide.mcu.externaltools.gnu-tools-for-stm32.9-2020-q2-update.win32_2.0.0.202105311346/tools/bin/../lib/gcc/arm-none-eabi/9.3.1/thumb/v7e-m+fp/hard/crtbegin.o

.preinit_array  0x0000000008006eb8        0x0
                0x0000000008006eb8                . = ALIGN (0x4)
                0x0000000008006eb8                PROVIDE (__preinit_array_start = .)
 *(.preinit_array*)
                0x0000000008006eb8                PROVIDE (__preinit_array_end = .)
                0x0000000008006eb8                . = ALIGN (0x4)

.init_array     0x0000000008006eb8        0x4
                0x0000000008006eb8                . = ALIGN (0x4)
                0x0000000008006eb8                PROVIDE (__init_array_start = .)
 *(SORT_BY_NAME(.init_array.*))
 *(.init_array*)
 .init_array    0x0000000008006eb8        0x4 c:/st/stm32cubeide_1.8.0/stm32cubeide/plugins/com.st.stm32cube.ide.mcu.externaltools.gnu-tools-for-stm32.9-2020-q2-update.win32_2.0.0.202105311346/tools/bin/../lib/gcc/arm-none-eabi/9.3.1/thumb/v7e-m+fp/hard/crtbegin.o
                0x0000000008006ebc                PROVIDE (__init_array_end = .)
                0x0000000008006ebc                . = ALIGN (0x4)

.fini_array     0x0000000008006ebc        0x4
                0x0000000008006ebc                . = ALIGN (0x4)
                [!provide]                        PROVIDE (__fini_array_start = .)
 *(SORT_BY_NAME(.fini_array.*))
 *(.fini_array*)
 .fini_array    0x0000000008006ebc        0x4 c:/st/stm32cubeide_1.8.0/stm32cubeide/plugins/com.st.stm32cube.ide.mcu.externaltools.gnu-tools-for-stm32.9-2020-q2-update.win32_2.0.0.202105311346/tools/bin/../lib/gcc/arm-none-eabi/9.3.1/thumb/v7e-m+fp/hard/crtbegin.o
                [!provide]                        PROVIDE (__fini_array_end = .)
                0x0000000008006ec0                . = ALIGN (0x4)
                0x0000000008006ec0                _sidata = LOADADDR (.data)

.data           0x0000000020000000       0x70 load address 0x0000000008006ec0
                0x0000000020000000                . = ALIGN (0x4)
                0x0000000020000000                _sdata = .
 *(.data)
 *(.data*)
 .data.SystemCoreClock
                0x0000000020000000        0x4 ./Core/Src/system_stm32f4xx.o
                0x0000000020000000                SystemCoreClock
 .data.uwTickPrio
                0x0000000020000004        0x4 ./Drivers/STM32F4xx_HAL_Driver/Src/stm32f4xx_hal.o
                0x0000000020000004                uwTickPrio
 .data.uwTickFreq
                0x0000000020000008        0x1 ./Drivers/STM32F4xx_HAL_Driver/Src/stm32f4xx_hal.o
                0x0000000020000008                uwTickFreq
 .data.Stat     0x0000000020000009        0x1 ./FATFS/Target/sd_diskio.o
 *fill*         0x000000002000000a        0x2 
 .data._impure_ptr
                0x000000002000000c        0x4 c:/st/stm32cubeide_1.8.0/stm32cubeide/plugins/com.st.stm32cube.ide.mcu.externaltools.gnu-tools-for-stm32.9-2020-q2-update.win32_2.0.0.202105311346/tools/bin/../lib/gcc/arm-none-eabi/9.3.1/../../../../arm-none-eabi/lib/thumb/v7e-m+fp/hard\libc_nano.a(lib_a-impure.o)
                0x000000002000000c                _impure_ptr
 .data.impure_data
                0x0000000020000010       0x60 c:/st/stm32cubeide_1.8.0/stm32cubeide/plugins/com.st.stm32cube.ide.mcu.externaltools.gnu-tools-for-stm32.9-2020-q2-update.win32_2.0.0.202105311346/tools/bin/../lib/gcc/arm-none-eabi/9.3.1/../../../../arm-none-eabi/lib/thumb/v7e-m+fp/hard\libc_nano.a(lib_a-impure.o)
 *(.RamFunc)
 *(.RamFunc*)
                0x0000000020000070                . = ALIGN (0x4)
                0x0000000020000070                _edata = .

.igot.plt       0x0000000020000070        0x0 load address 0x0000000008006f30
 .igot.plt      0x0000000020000070        0x0 c:/st/stm32cubeide_1.8.0/stm32cubeide/plugins/com.st.stm32cube.ide.mcu.externaltools.gnu-tools-for-stm32.9-2020-q2-update.win32_2.0.0.202105311346/tools/bin/../lib/gcc/arm-none-eabi/9.3.1/thumb/v7e-m+fp/hard/crtbegin.o
                0x0000000020000070                . = ALIGN (0x4)

.bss            0x0000000020000070     0x2864 load address 0x0000000008006f30
                0x0000000020000070                _sbss = .
                0x0000000020000070                __bss_start__ = _sbss
 *(.bss)
 .bss           0x0000000020000070       0x1c c:/st/stm32cubeide_1.8.0/stm32cubeide/plugins/com.st.stm32cube.ide.mcu.externaltools.gnu-tools-for-stm32.9-2020-q2-update.win32_2.0.0.202105311346/tools/bin/../lib/gcc/arm-none-eabi/9.3.1/thumb/v7e-m+fp/hard/crtbegin.o
 *(.bss*)
 .bss.disk      0x000000002000008c        0xc ./Middlewares/Third_Party/FatFs/src/ff_gen_drv.o
                0x000000002000008c                disk
 .bss.fix       0x0000000020000098        0x4 ./stm32f4/ATGM336H/src/nmea_gps.o
 .bss.uart_buffer
                0x000000002000009c      0x3e8 ./stm32f4/ATGM336H/src/nmea_gps.o
 .bss.uart_buffer_head
                0x0000000020000484        0x4 ./stm32f4/ATGM336H/src/nmea_gps.o
 .bss.uart_buffer_tail
                0x0000000020000488        0x4 ./stm32f4/ATGM336H/src/nmea_gps.o
 .bss.pavel_gps_sost
                0x000000002000048c        0x4 ./stm32f4/ATGM336H/src/nmea_gps.o
 .bss.pavel_gps_buffer
                0x0000000020000490      0x12c ./stm32f4/ATGM336H/src/nmea_gps.o
 .bss.pavel_gps_carret
                0x00000000200005bc        0x4 ./stm32f4/ATGM336H/src/nmea_gps.o
 .bss.pos_cookie
                0x00000000200005c0        0x8 ./stm32f4/ATGM336H/src/nmea_gps.o
 .bss.lat       0x00000000200005c8        0x4 ./stm32f4/ATGM336H/src/nmea_gps.o
 .bss.lon       0x00000000200005cc        0x4 ./stm32f4/ATGM336H/src/nmea_gps.o
 .bss.alt_cookie
                0x00000000200005d0        0x8 ./stm32f4/ATGM336H/src/nmea_gps.o
 .bss.alt       0x00000000200005d8        0x4 ./stm32f4/ATGM336H/src/nmea_gps.o
 *fill*         0x00000000200005dc        0x4 
 .bss.time_cookie
                0x00000000200005e0        0x8 ./stm32f4/ATGM336H/src/nmea_gps.o
 .bss.time_s    0x00000000200005e8        0x8 ./stm32f4/ATGM336H/src/nmea_gps.o
 .bss.time_us   0x00000000200005f0        0x4 ./stm32f4/ATGM336H/src/nmea_gps.o
 .bss.schetchik
                0x00000000200005f4        0x2 ./stm32f4/ATGM336H/src/nmea_gps.o
 *(COMMON)
 *fill*         0x00000000200005f6        0x2 
 COMMON         0x00000000200005f8      0x268 ./Core/Src/main.o
                0x00000000200005f8                hspi5
                0x0000000020000650                hi2c1
                0x00000000200006a4                huart1
                0x00000000200006e8                hspi4
                0x0000000020000740                hsd
                0x00000000200007c4                hspi1
                0x000000002000081c                huart2
 COMMON         0x0000000020000860        0x4 ./Drivers/STM32F4xx_HAL_Driver/Src/stm32f4xx_hal.o
                0x0000000020000860                uwTick
 COMMON         0x0000000020000864     0x2070 ./FATFS/App/fatfs.o
                0x0000000020000864                retSD
                0x0000000020000868                SDPath
                0x000000002000086c                SDFile
                0x000000002000189c                SDFatFS
                0x00000000200028d4                . = ALIGN (0x4)
                0x00000000200028d4                _ebss = .
                0x00000000200028d4                __bss_end__ = _ebss

._user_heap_stack
                0x00000000200028d4      0x604 load address 0x0000000008006f30
                0x00000000200028d8                . = ALIGN (0x8)
 *fill*         0x00000000200028d4        0x4 
                [!provide]                        PROVIDE (end = .)
                0x00000000200028d8                PROVIDE (_end = .)
                0x0000000020002ad8                . = (. + _Min_Heap_Size)
 *fill*         0x00000000200028d8      0x200 
                0x0000000020002ed8                . = (. + _Min_Stack_Size)
 *fill*         0x0000000020002ad8      0x400 
                0x0000000020002ed8                . = ALIGN (0x8)

/DISCARD/
 libc.a(*)
 libm.a(*)
 libgcc.a(*)

.ARM.attributes
                0x0000000000000000       0x30
 *(.ARM.attributes)
 .ARM.attributes
                0x0000000000000000       0x1e c:/st/stm32cubeide_1.8.0/stm32cubeide/plugins/com.st.stm32cube.ide.mcu.externaltools.gnu-tools-for-stm32.9-2020-q2-update.win32_2.0.0.202105311346/tools/bin/../lib/gcc/arm-none-eabi/9.3.1/thumb/v7e-m+fp/hard/crti.o
 .ARM.attributes
                0x000000000000001e       0x34 c:/st/stm32cubeide_1.8.0/stm32cubeide/plugins/com.st.stm32cube.ide.mcu.externaltools.gnu-tools-for-stm32.9-2020-q2-update.win32_2.0.0.202105311346/tools/bin/../lib/gcc/arm-none-eabi/9.3.1/thumb/v7e-m+fp/hard/crtbegin.o
 .ARM.attributes
                0x0000000000000052       0x34 ./Application/app_main.o
 .ARM.attributes
                0x0000000000000086       0x34 ./Core/Src/main.o
 .ARM.attributes
                0x00000000000000ba       0x34 ./Core/Src/stm32f4xx_hal_msp.o
 .ARM.attributes
                0x00000000000000ee       0x34 ./Core/Src/stm32f4xx_it.o
 .ARM.attributes
                0x0000000000000122       0x34 ./Core/Src/system_stm32f4xx.o
 .ARM.attributes
                0x0000000000000156       0x21 ./Core/Startup/startup_stm32f411ceux.o
 .ARM.attributes
                0x0000000000000177       0x34 ./Drivers/STM32F4xx_HAL_Driver/Src/stm32f4xx_hal.o
 .ARM.attributes
                0x00000000000001ab       0x34 ./Drivers/STM32F4xx_HAL_Driver/Src/stm32f4xx_hal_cortex.o
 .ARM.attributes
                0x00000000000001df       0x34 ./Drivers/STM32F4xx_HAL_Driver/Src/stm32f4xx_hal_gpio.o
 .ARM.attributes
                0x0000000000000213       0x34 ./Drivers/STM32F4xx_HAL_Driver/Src/stm32f4xx_hal_i2c.o
 .ARM.attributes
                0x0000000000000247       0x34 ./Drivers/STM32F4xx_HAL_Driver/Src/stm32f4xx_hal_rcc.o
 .ARM.attributes
                0x000000000000027b       0x34 ./Drivers/STM32F4xx_HAL_Driver/Src/stm32f4xx_hal_sd.o
 .ARM.attributes
                0x00000000000002af       0x34 ./Drivers/STM32F4xx_HAL_Driver/Src/stm32f4xx_hal_spi.o
 .ARM.attributes
                0x00000000000002e3       0x34 ./Drivers/STM32F4xx_HAL_Driver/Src/stm32f4xx_hal_uart.o
 .ARM.attributes
                0x0000000000000317       0x34 ./Drivers/STM32F4xx_HAL_Driver/Src/stm32f4xx_ll_sdmmc.o
 .ARM.attributes
                0x000000000000034b       0x34 ./FATFS/App/fatfs.o
 .ARM.attributes
                0x000000000000037f       0x34 ./FATFS/Target/bsp_driver_sd.o
 .ARM.attributes
                0x00000000000003b3       0x34 ./FATFS/Target/sd_diskio.o
 .ARM.attributes
                0x00000000000003e7       0x34 ./Middlewares/Third_Party/FatFs/src/ff_gen_drv.o
 .ARM.attributes
                0x000000000000041b       0x34 ./stm32f4/ATGM336H/minmea/minmea.o
 .ARM.attributes
                0x000000000000044f       0x34 ./stm32f4/ATGM336H/src/nmea_gps.o
 .ARM.attributes
                0x0000000000000483       0x34 ./stm32f4/LIS3MDL/src/DLIS3.o
 .ARM.attributes
                0x00000000000004b7       0x34 ./stm32f4/LIS3MDL/src/lis3mdl_reg.o
 .ARM.attributes
                0x00000000000004eb       0x34 ./stm32f4/LSM6DS3/src/DLSM.o
 .ARM.attributes
                0x000000000000051f       0x34 ./stm32f4/LSM6DS3/src/lsm6ds3_reg.o
 .ARM.attributes
                0x0000000000000553       0x32 c:/st/stm32cubeide_1.8.0/stm32cubeide/plugins/com.st.stm32cube.ide.mcu.externaltools.gnu-tools-for-stm32.9-2020-q2-update.win32_2.0.0.202105311346/tools/bin/../lib/gcc/arm-none-eabi/9.3.1/../../../../arm-none-eabi/lib/thumb/v7e-m+fp/hard\libc_nano.a(lib_a-ctype_.o)
 .ARM.attributes
                0x0000000000000585       0x34 c:/st/stm32cubeide_1.8.0/stm32cubeide/plugins/com.st.stm32cube.ide.mcu.externaltools.gnu-tools-for-stm32.9-2020-q2-update.win32_2.0.0.202105311346/tools/bin/../lib/gcc/arm-none-eabi/9.3.1/../../../../arm-none-eabi/lib/thumb/v7e-m+fp/hard\libc_nano.a(lib_a-errno.o)
 .ARM.attributes
                0x00000000000005b9       0x32 c:/st/stm32cubeide_1.8.0/stm32cubeide/plugins/com.st.stm32cube.ide.mcu.externaltools.gnu-tools-for-stm32.9-2020-q2-update.win32_2.0.0.202105311346/tools/bin/../lib/gcc/arm-none-eabi/9.3.1/../../../../arm-none-eabi/lib/thumb/v7e-m+fp/hard\libc_nano.a(lib_a-impure.o)
 .ARM.attributes
                0x00000000000005eb       0x34 c:/st/stm32cubeide_1.8.0/stm32cubeide/plugins/com.st.stm32cube.ide.mcu.externaltools.gnu-tools-for-stm32.9-2020-q2-update.win32_2.0.0.202105311346/tools/bin/../lib/gcc/arm-none-eabi/9.3.1/../../../../arm-none-eabi/lib/thumb/v7e-m+fp/hard\libc_nano.a(lib_a-init.o)
 .ARM.attributes
                0x000000000000061f       0x34 c:/st/stm32cubeide_1.8.0/stm32cubeide/plugins/com.st.stm32cube.ide.mcu.externaltools.gnu-tools-for-stm32.9-2020-q2-update.win32_2.0.0.202105311346/tools/bin/../lib/gcc/arm-none-eabi/9.3.1/../../../../arm-none-eabi/lib/thumb/v7e-m+fp/hard\libc_nano.a(lib_a-memcpy-stub.o)
 .ARM.attributes
                0x0000000000000653       0x34 c:/st/stm32cubeide_1.8.0/stm32cubeide/plugins/com.st.stm32cube.ide.mcu.externaltools.gnu-tools-for-stm32.9-2020-q2-update.win32_2.0.0.202105311346/tools/bin/../lib/gcc/arm-none-eabi/9.3.1/../../../../arm-none-eabi/lib/thumb/v7e-m+fp/hard\libc_nano.a(lib_a-memset.o)
 .ARM.attributes
                0x0000000000000687       0x1c c:/st/stm32cubeide_1.8.0/stm32cubeide/plugins/com.st.stm32cube.ide.mcu.externaltools.gnu-tools-for-stm32.9-2020-q2-update.win32_2.0.0.202105311346/tools/bin/../lib/gcc/arm-none-eabi/9.3.1/../../../../arm-none-eabi/lib/thumb/v7e-m+fp/hard\libc_nano.a(lib_a-strcmp.o)
 .ARM.attributes
                0x00000000000006a3       0x17 c:/st/stm32cubeide_1.8.0/stm32cubeide/plugins/com.st.stm32cube.ide.mcu.externaltools.gnu-tools-for-stm32.9-2020-q2-update.win32_2.0.0.202105311346/tools/bin/../lib/gcc/arm-none-eabi/9.3.1/../../../../arm-none-eabi/lib/thumb/v7e-m+fp/hard\libc_nano.a(lib_a-strlen.o)
 .ARM.attributes
                0x00000000000006ba       0x34 c:/st/stm32cubeide_1.8.0/stm32cubeide/plugins/com.st.stm32cube.ide.mcu.externaltools.gnu-tools-for-stm32.9-2020-q2-update.win32_2.0.0.202105311346/tools/bin/../lib/gcc/arm-none-eabi/9.3.1/../../../../arm-none-eabi/lib/thumb/v7e-m+fp/hard\libc_nano.a(lib_a-strtol.o)
 .ARM.attributes
                0x00000000000006ee       0x34 c:/st/stm32cubeide_1.8.0/stm32cubeide/plugins/com.st.stm32cube.ide.mcu.externaltools.gnu-tools-for-stm32.9-2020-q2-update.win32_2.0.0.202105311346/tools/bin/../lib/gcc/arm-none-eabi/9.3.1/../../../../arm-none-eabi/lib/thumb/v7e-m+fp/hard\libc_nano.a(lib_a-findfp.o)
 .ARM.attributes
                0x0000000000000722       0x1e c:/st/stm32cubeide_1.8.0/stm32cubeide/plugins/com.st.stm32cube.ide.mcu.externaltools.gnu-tools-for-stm32.9-2020-q2-update.win32_2.0.0.202105311346/tools/bin/../lib/gcc/arm-none-eabi/9.3.1/thumb/v7e-m+fp/hard\libgcc.a(_aeabi_uldivmod.o)
 .ARM.attributes
                0x0000000000000740       0x34 c:/st/stm32cubeide_1.8.0/stm32cubeide/plugins/com.st.stm32cube.ide.mcu.externaltools.gnu-tools-for-stm32.9-2020-q2-update.win32_2.0.0.202105311346/tools/bin/../lib/gcc/arm-none-eabi/9.3.1/thumb/v7e-m+fp/hard\libgcc.a(_udivmoddi4.o)
 .ARM.attributes
                0x0000000000000774       0x1e c:/st/stm32cubeide_1.8.0/stm32cubeide/plugins/com.st.stm32cube.ide.mcu.externaltools.gnu-tools-for-stm32.9-2020-q2-update.win32_2.0.0.202105311346/tools/bin/../lib/gcc/arm-none-eabi/9.3.1/thumb/v7e-m+fp/hard\libgcc.a(_dvmd_tls.o)
 .ARM.attributes
                0x0000000000000792       0x1e c:/st/stm32cubeide_1.8.0/stm32cubeide/plugins/com.st.stm32cube.ide.mcu.externaltools.gnu-tools-for-stm32.9-2020-q2-update.win32_2.0.0.202105311346/tools/bin/../lib/gcc/arm-none-eabi/9.3.1/thumb/v7e-m+fp/hard/crtn.o
OUTPUT(NeoN_BlVdE.elf elf32-littlearm)
LOAD linker stubs
LOAD c:/st/stm32cubeide_1.8.0/stm32cubeide/plugins/com.st.stm32cube.ide.mcu.externaltools.gnu-tools-for-stm32.9-2020-q2-update.win32_2.0.0.202105311346/tools/bin/../lib/gcc/arm-none-eabi/9.3.1/../../../../arm-none-eabi/lib/thumb/v7e-m+fp/hard\libc.a
LOAD c:/st/stm32cubeide_1.8.0/stm32cubeide/plugins/com.st.stm32cube.ide.mcu.externaltools.gnu-tools-for-stm32.9-2020-q2-update.win32_2.0.0.202105311346/tools/bin/../lib/gcc/arm-none-eabi/9.3.1/../../../../arm-none-eabi/lib/thumb/v7e-m+fp/hard\libm.a
LOAD c:/st/stm32cubeide_1.8.0/stm32cubeide/plugins/com.st.stm32cube.ide.mcu.externaltools.gnu-tools-for-stm32.9-2020-q2-update.win32_2.0.0.202105311346/tools/bin/../lib/gcc/arm-none-eabi/9.3.1/thumb/v7e-m+fp/hard\libgcc.a

.debug_info     0x0000000000000000    0x26354
 .debug_info    0x0000000000000000     0x24c2 ./Application/app_main.o
 .debug_info    0x00000000000024c2     0x2263 ./Core/Src/main.o
 .debug_info    0x0000000000004725     0x1767 ./Core/Src/stm32f4xx_hal_msp.o
 .debug_info    0x0000000000005e8c      0x735 ./Core/Src/stm32f4xx_it.o
 .debug_info    0x00000000000065c1      0x5d0 ./Core/Src/system_stm32f4xx.o
 .debug_info    0x0000000000006b91       0x22 ./Core/Startup/startup_stm32f411ceux.o
 .debug_info    0x0000000000006bb3      0x944 ./Drivers/STM32F4xx_HAL_Driver/Src/stm32f4xx_hal.o
 .debug_info    0x00000000000074f7      0xe47 ./Drivers/STM32F4xx_HAL_Driver/Src/stm32f4xx_hal_cortex.o
 .debug_info    0x000000000000833e      0x862 ./Drivers/STM32F4xx_HAL_Driver/Src/stm32f4xx_hal_gpio.o
 .debug_info    0x0000000000008ba0     0x2653 ./Drivers/STM32F4xx_HAL_Driver/Src/stm32f4xx_hal_i2c.o
 .debug_info    0x000000000000b1f3      0x9be ./Drivers/STM32F4xx_HAL_Driver/Src/stm32f4xx_hal_rcc.o
 .debug_info    0x000000000000bbb1     0x1a5e ./Drivers/STM32F4xx_HAL_Driver/Src/stm32f4xx_hal_sd.o
 .debug_info    0x000000000000d60f     0x17b8 ./Drivers/STM32F4xx_HAL_Driver/Src/stm32f4xx_hal_spi.o
 .debug_info    0x000000000000edc7     0x31d6 ./Drivers/STM32F4xx_HAL_Driver/Src/stm32f4xx_hal_uart.o
 .debug_info    0x0000000000011f9d     0x1249 ./Drivers/STM32F4xx_HAL_Driver/Src/stm32f4xx_ll_sdmmc.o
 .debug_info    0x00000000000131e6      0xe95 ./FATFS/App/fatfs.o
 .debug_info    0x000000000001407b      0xae0 ./FATFS/Target/bsp_driver_sd.o
 .debug_info    0x0000000000014b5b      0xde7 ./FATFS/Target/sd_diskio.o
 .debug_info    0x0000000000015942      0xd39 ./Middlewares/Third_Party/FatFs/src/ff_gen_drv.o
 .debug_info    0x000000000001667b     0x138f ./stm32f4/ATGM336H/minmea/minmea.o
 .debug_info    0x0000000000017a0a     0x1002 ./stm32f4/ATGM336H/src/nmea_gps.o
 .debug_info    0x0000000000018a0c     0x1604 ./stm32f4/LIS3MDL/src/DLIS3.o
 .debug_info    0x000000000001a010     0x2523 ./stm32f4/LIS3MDL/src/lis3mdl_reg.o
 .debug_info    0x000000000001c533     0x15d4 ./stm32f4/LSM6DS3/src/DLSM.o
 .debug_info    0x000000000001db07     0x884d ./stm32f4/LSM6DS3/src/lsm6ds3_reg.o

.debug_abbrev   0x0000000000000000     0x3b69
 .debug_abbrev  0x0000000000000000      0x2f1 ./Application/app_main.o
 .debug_abbrev  0x00000000000002f1      0x307 ./Core/Src/main.o
 .debug_abbrev  0x00000000000005f8      0x204 ./Core/Src/stm32f4xx_hal_msp.o
 .debug_abbrev  0x00000000000007fc      0x1ca ./Core/Src/stm32f4xx_it.o
 .debug_abbrev  0x00000000000009c6      0x145 ./Core/Src/system_stm32f4xx.o
 .debug_abbrev  0x0000000000000b0b       0x12 ./Core/Startup/startup_stm32f411ceux.o
 .debug_abbrev  0x0000000000000b1d      0x21e ./Drivers/STM32F4xx_HAL_Driver/Src/stm32f4xx_hal.o
 .debug_abbrev  0x0000000000000d3b      0x33c ./Drivers/STM32F4xx_HAL_Driver/Src/stm32f4xx_hal_cortex.o
 .debug_abbrev  0x0000000000001077      0x1f1 ./Drivers/STM32F4xx_HAL_Driver/Src/stm32f4xx_hal_gpio.o
 .debug_abbrev  0x0000000000001268      0x293 ./Drivers/STM32F4xx_HAL_Driver/Src/stm32f4xx_hal_i2c.o
 .debug_abbrev  0x00000000000014fb      0x275 ./Drivers/STM32F4xx_HAL_Driver/Src/stm32f4xx_hal_rcc.o
 .debug_abbrev  0x0000000000001770      0x26d ./Drivers/STM32F4xx_HAL_Driver/Src/stm32f4xx_hal_sd.o
 .debug_abbrev  0x00000000000019dd      0x26e ./Drivers/STM32F4xx_HAL_Driver/Src/stm32f4xx_hal_spi.o
 .debug_abbrev  0x0000000000001c4b      0x2fc ./Drivers/STM32F4xx_HAL_Driver/Src/stm32f4xx_hal_uart.o
 .debug_abbrev  0x0000000000001f47      0x1ec ./Drivers/STM32F4xx_HAL_Driver/Src/stm32f4xx_ll_sdmmc.o
 .debug_abbrev  0x0000000000002133      0x209 ./FATFS/App/fatfs.o
 .debug_abbrev  0x000000000000233c      0x2a4 ./FATFS/Target/bsp_driver_sd.o
 .debug_abbrev  0x00000000000025e0      0x228 ./FATFS/Target/sd_diskio.o
 .debug_abbrev  0x0000000000002808      0x268 ./Middlewares/Third_Party/FatFs/src/ff_gen_drv.o
 .debug_abbrev  0x0000000000002a70      0x2f8 ./stm32f4/ATGM336H/minmea/minmea.o
 .debug_abbrev  0x0000000000002d68      0x2b9 ./stm32f4/ATGM336H/src/nmea_gps.o
 .debug_abbrev  0x0000000000003021      0x29a ./stm32f4/LIS3MDL/src/DLIS3.o
 .debug_abbrev  0x00000000000032bb      0x30a ./stm32f4/LIS3MDL/src/lis3mdl_reg.o
 .debug_abbrev  0x00000000000035c5      0x29a ./stm32f4/LSM6DS3/src/DLSM.o
 .debug_abbrev  0x000000000000385f      0x30a ./stm32f4/LSM6DS3/src/lsm6ds3_reg.o

.debug_aranges  0x0000000000000000     0x1a28
 .debug_aranges
                0x0000000000000000       0x30 ./Application/app_main.o
 .debug_aranges
                0x0000000000000030       0x70 ./Core/Src/main.o
 .debug_aranges
                0x00000000000000a0       0x60 ./Core/Src/stm32f4xx_hal_msp.o
 .debug_aranges
                0x0000000000000100       0x68 ./Core/Src/stm32f4xx_it.o
 .debug_aranges
                0x0000000000000168       0x28 ./Core/Src/system_stm32f4xx.o
 .debug_aranges
                0x0000000000000190       0x28 ./Core/Startup/startup_stm32f411ceux.o
 .debug_aranges
                0x00000000000001b8       0xf0 ./Drivers/STM32F4xx_HAL_Driver/Src/stm32f4xx_hal.o
 .debug_aranges
                0x00000000000002a8      0x118 ./Drivers/STM32F4xx_HAL_Driver/Src/stm32f4xx_hal_cortex.o
 .debug_aranges
                0x00000000000003c0       0x58 ./Drivers/STM32F4xx_HAL_Driver/Src/stm32f4xx_hal_gpio.o
 .debug_aranges
                0x0000000000000418      0x2a0 ./Drivers/STM32F4xx_HAL_Driver/Src/stm32f4xx_hal_i2c.o
 .debug_aranges
                0x00000000000006b8       0x88 ./Drivers/STM32F4xx_HAL_Driver/Src/stm32f4xx_hal_rcc.o
 .debug_aranges
                0x0000000000000740      0x168 ./Drivers/STM32F4xx_HAL_Driver/Src/stm32f4xx_hal_sd.o
 .debug_aranges
                0x00000000000008a8      0x1d0 ./Drivers/STM32F4xx_HAL_Driver/Src/stm32f4xx_hal_spi.o
 .debug_aranges
                0x0000000000000a78      0x200 ./Drivers/STM32F4xx_HAL_Driver/Src/stm32f4xx_hal_uart.o
 .debug_aranges
                0x0000000000000c78      0x180 ./Drivers/STM32F4xx_HAL_Driver/Src/stm32f4xx_ll_sdmmc.o
 .debug_aranges
                0x0000000000000df8       0x28 ./FATFS/App/fatfs.o
 .debug_aranges
                0x0000000000000e20       0xa0 ./FATFS/Target/bsp_driver_sd.o
 .debug_aranges
                0x0000000000000ec0       0x48 ./FATFS/Target/sd_diskio.o
 .debug_aranges
                0x0000000000000f08       0x40 ./Middlewares/Third_Party/FatFs/src/ff_gen_drv.o
 .debug_aranges
                0x0000000000000f48       0x70 ./stm32f4/ATGM336H/minmea/minmea.o
 .debug_aranges
                0x0000000000000fb8       0x80 ./stm32f4/ATGM336H/src/nmea_gps.o
 .debug_aranges
                0x0000000000001038       0x50 ./stm32f4/LIS3MDL/src/DLIS3.o
 .debug_aranges
                0x0000000000001088      0x208 ./stm32f4/LIS3MDL/src/lis3mdl_reg.o
 .debug_aranges
                0x0000000000001290       0x50 ./stm32f4/LSM6DS3/src/DLSM.o
 .debug_aranges
                0x00000000000012e0      0x748 ./stm32f4/LSM6DS3/src/lsm6ds3_reg.o

.debug_ranges   0x0000000000000000     0x19e8
 .debug_ranges  0x0000000000000000       0x20 ./Application/app_main.o
 .debug_ranges  0x0000000000000020       0x60 ./Core/Src/main.o
 .debug_ranges  0x0000000000000080       0x50 ./Core/Src/stm32f4xx_hal_msp.o
 .debug_ranges  0x00000000000000d0       0x58 ./Core/Src/stm32f4xx_it.o
 .debug_ranges  0x0000000000000128       0x18 ./Core/Src/system_stm32f4xx.o
 .debug_ranges  0x0000000000000140       0x20 ./Core/Startup/startup_stm32f411ceux.o
 .debug_ranges  0x0000000000000160       0xe0 ./Drivers/STM32F4xx_HAL_Driver/Src/stm32f4xx_hal.o
 .debug_ranges  0x0000000000000240      0x108 ./Drivers/STM32F4xx_HAL_Driver/Src/stm32f4xx_hal_cortex.o
 .debug_ranges  0x0000000000000348       0x48 ./Drivers/STM32F4xx_HAL_Driver/Src/stm32f4xx_hal_gpio.o
 .debug_ranges  0x0000000000000390      0x2b8 ./Drivers/STM32F4xx_HAL_Driver/Src/stm32f4xx_hal_i2c.o
 .debug_ranges  0x0000000000000648       0x78 ./Drivers/STM32F4xx_HAL_Driver/Src/stm32f4xx_hal_rcc.o
 .debug_ranges  0x00000000000006c0      0x158 ./Drivers/STM32F4xx_HAL_Driver/Src/stm32f4xx_hal_sd.o
 .debug_ranges  0x0000000000000818      0x1c0 ./Drivers/STM32F4xx_HAL_Driver/Src/stm32f4xx_hal_spi.o
 .debug_ranges  0x00000000000009d8      0x220 ./Drivers/STM32F4xx_HAL_Driver/Src/stm32f4xx_hal_uart.o
 .debug_ranges  0x0000000000000bf8      0x170 ./Drivers/STM32F4xx_HAL_Driver/Src/stm32f4xx_ll_sdmmc.o
 .debug_ranges  0x0000000000000d68       0x18 ./FATFS/App/fatfs.o
 .debug_ranges  0x0000000000000d80       0x90 ./FATFS/Target/bsp_driver_sd.o
 .debug_ranges  0x0000000000000e10       0x38 ./FATFS/Target/sd_diskio.o
 .debug_ranges  0x0000000000000e48       0x30 ./Middlewares/Third_Party/FatFs/src/ff_gen_drv.o
 .debug_ranges  0x0000000000000e78      0x150 ./stm32f4/ATGM336H/minmea/minmea.o
 .debug_ranges  0x0000000000000fc8       0x70 ./stm32f4/ATGM336H/src/nmea_gps.o
 .debug_ranges  0x0000000000001038       0x40 ./stm32f4/LIS3MDL/src/DLIS3.o
 .debug_ranges  0x0000000000001078      0x1f8 ./stm32f4/LIS3MDL/src/lis3mdl_reg.o
 .debug_ranges  0x0000000000001270       0x40 ./stm32f4/LSM6DS3/src/DLSM.o
 .debug_ranges  0x00000000000012b0      0x738 ./stm32f4/LSM6DS3/src/lsm6ds3_reg.o

.debug_macro    0x0000000000000000    0x19d57
 .debug_macro   0x0000000000000000      0x56a ./Application/app_main.o
 .debug_macro   0x000000000000056a      0xaa8 ./Application/app_main.o
 .debug_macro   0x0000000000001012       0x22 ./Application/app_main.o
 .debug_macro   0x0000000000001034       0x22 ./Application/app_main.o
 .debug_macro   0x0000000000001056       0x8e ./Application/app_main.o
 .debug_macro   0x00000000000010e4       0x51 ./Application/app_main.o
 .debug_macro   0x0000000000001135      0x103 ./Application/app_main.o
 .debug_macro   0x0000000000001238       0x6a ./Application/app_main.o
 .debug_macro   0x00000000000012a2      0x1df ./Application/app_main.o
 .debug_macro   0x0000000000001481      0x2a7 ./Application/app_main.o
 .debug_macro   0x0000000000001728       0x2e ./Application/app_main.o
 .debug_macro   0x0000000000001756       0x28 ./Application/app_main.o
 .debug_macro   0x000000000000177e       0x1c ./Application/app_main.o
 .debug_macro   0x000000000000179a       0x22 ./Application/app_main.o
 .debug_macro   0x00000000000017bc       0xdf ./Application/app_main.o
 .debug_macro   0x000000000000189b     0x102d ./Application/app_main.o
 .debug_macro   0x00000000000028c8      0x11f ./Application/app_main.o
 .debug_macro   0x00000000000029e7     0xb953 ./Application/app_main.o
 .debug_macro   0x000000000000e33a       0x6d ./Application/app_main.o
 .debug_macro   0x000000000000e3a7     0x3666 ./Application/app_main.o
 .debug_macro   0x0000000000011a0d      0x174 ./Application/app_main.o
 .debug_macro   0x0000000000011b81       0x5c ./Application/app_main.o
 .debug_macro   0x0000000000011bdd      0x447 ./Application/app_main.o
 .debug_macro   0x0000000000012024      0x9fe ./Application/app_main.o
 .debug_macro   0x0000000000012a22      0x116 ./Application/app_main.o
 .debug_macro   0x0000000000012b38      0x11b ./Application/app_main.o
 .debug_macro   0x0000000000012c53       0xa5 ./Application/app_main.o
 .debug_macro   0x0000000000012cf8      0x15f ./Application/app_main.o
 .debug_macro   0x0000000000012e57      0x287 ./Application/app_main.o
 .debug_macro   0x00000000000130de       0x5f ./Application/app_main.o
 .debug_macro   0x000000000001313d      0x236 ./Application/app_main.o
 .debug_macro   0x0000000000013373      0x132 ./Application/app_main.o
 .debug_macro   0x00000000000134a5      0x264 ./Application/app_main.o
 .debug_macro   0x0000000000013709       0x2e ./Application/app_main.o
 .debug_macro   0x0000000000013737      0x1b5 ./Application/app_main.o
 .debug_macro   0x00000000000138ec       0x22 ./Application/app_main.o
 .debug_macro   0x000000000001390e       0xd6 ./Application/app_main.o
 .debug_macro   0x00000000000139e4      0x11a ./Application/app_main.o
 .debug_macro   0x0000000000013afe       0x85 ./Application/app_main.o
 .debug_macro   0x0000000000013b83       0x89 ./Application/app_main.o
 .debug_macro   0x0000000000013c0c      0x861 ./Application/app_main.o
 .debug_macro   0x000000000001446d      0x1d5 ./Application/app_main.o
 .debug_macro   0x0000000000014642      0x225 ./Application/app_main.o
 .debug_macro   0x0000000000014867      0x295 ./Application/app_main.o
 .debug_macro   0x0000000000014afc      0x126 ./Application/app_main.o
 .debug_macro   0x0000000000014c22       0x52 ./Application/app_main.o
 .debug_macro   0x0000000000014c74       0x18 ./Application/app_main.o
 .debug_macro   0x0000000000014c8c       0x3c ./Application/app_main.o
 .debug_macro   0x0000000000014cc8       0x34 ./Application/app_main.o
 .debug_macro   0x0000000000014cfc       0x16 ./Application/app_main.o
 .debug_macro   0x0000000000014d12       0x35 ./Application/app_main.o
 .debug_macro   0x0000000000014d47      0x333 ./Application/app_main.o
 .debug_macro   0x000000000001507a       0x10 ./Application/app_main.o
 .debug_macro   0x000000000001508a       0x16 ./Application/app_main.o
 .debug_macro   0x00000000000150a0       0x43 ./Application/app_main.o
 .debug_macro   0x00000000000150e3       0x34 ./Application/app_main.o
 .debug_macro   0x0000000000015117       0x10 ./Application/app_main.o
 .debug_macro   0x0000000000015127       0x58 ./Application/app_main.o
 .debug_macro   0x000000000001517f       0x71 ./Application/app_main.o
 .debug_macro   0x00000000000151f0       0x1c ./Application/app_main.o
 .debug_macro   0x000000000001520c      0x12a ./Application/app_main.o
 .debug_macro   0x0000000000015336       0x10 ./Application/app_main.o
 .debug_macro   0x0000000000015346       0x1c ./Application/app_main.o
 .debug_macro   0x0000000000015362       0x52 ./Application/app_main.o
 .debug_macro   0x00000000000153b4       0x22 ./Application/app_main.o
 .debug_macro   0x00000000000153d6       0x10 ./Application/app_main.o
 .debug_macro   0x00000000000153e6       0x40 ./Application/app_main.o
 .debug_macro   0x0000000000015426       0xd5 ./Application/app_main.o
 .debug_macro   0x00000000000154fb       0x1c ./Application/app_main.o
 .debug_macro   0x0000000000015517       0x3d ./Application/app_main.o
 .debug_macro   0x0000000000015554       0x16 ./Application/app_main.o
 .debug_macro   0x000000000001556a      0x145 ./Application/app_main.o
 .debug_macro   0x00000000000156af       0x16 ./Application/app_main.o
 .debug_macro   0x00000000000156c5       0x20 ./Application/app_main.o
 .debug_macro   0x00000000000156e5      0x1a9 ./Application/app_main.o
 .debug_macro   0x000000000001588e       0x46 ./Application/app_main.o
 .debug_macro   0x00000000000158d4       0x3a ./Application/app_main.o
 .debug_macro   0x000000000001590e       0xe5 ./Application/app_main.o
 .debug_macro   0x00000000000159f3       0x16 ./Application/app_main.o
 .debug_macro   0x0000000000015a09       0x16 ./Application/app_main.o
 .debug_macro   0x0000000000015a1f       0x29 ./Application/app_main.o
 .debug_macro   0x0000000000015a48       0x12 ./Application/app_main.o
 .debug_macro   0x0000000000015a5a       0xdb ./Application/app_main.o
 .debug_macro   0x0000000000015b35       0x8e ./Application/app_main.o
 .debug_macro   0x0000000000015bc3       0xc9 ./Application/app_main.o
 .debug_macro   0x0000000000015c8c      0x353 ./Application/app_main.o
 .debug_macro   0x0000000000015fdf       0x10 ./Application/app_main.o
 .debug_macro   0x0000000000015fef       0x10 ./Application/app_main.o
 .debug_macro   0x0000000000015fff      0x241 ./Application/app_main.o
 .debug_macro   0x0000000000016240       0x16 ./Application/app_main.o
 .debug_macro   0x0000000000016256       0x10 ./Application/app_main.o
 .debug_macro   0x0000000000016266       0x41 ./Application/app_main.o
 .debug_macro   0x00000000000162a7       0xce ./Application/app_main.o
 .debug_macro   0x0000000000016375      0x1b4 ./Application/app_main.o
 .debug_macro   0x0000000000016529      0x333 ./Core/Src/main.o
 .debug_macro   0x000000000001685c       0x40 ./Core/Src/main.o
 .debug_macro   0x000000000001689c       0xe2 ./Core/Src/main.o
 .debug_macro   0x000000000001697e      0x205 ./Core/Src/stm32f4xx_hal_msp.o
 .debug_macro   0x0000000000016b83      0x20f ./Core/Src/stm32f4xx_it.o
 .debug_macro   0x0000000000016d92      0x1f6 ./Core/Src/system_stm32f4xx.o
 .debug_macro   0x0000000000016f88      0x256 ./Drivers/STM32F4xx_HAL_Driver/Src/stm32f4xx_hal.o
 .debug_macro   0x00000000000171de      0x1f6 ./Drivers/STM32F4xx_HAL_Driver/Src/stm32f4xx_hal_cortex.o
 .debug_macro   0x00000000000173d4      0x1fc ./Drivers/STM32F4xx_HAL_Driver/Src/stm32f4xx_hal_gpio.o
 .debug_macro   0x00000000000175d0      0x23d ./Drivers/STM32F4xx_HAL_Driver/Src/stm32f4xx_hal_i2c.o
 .debug_macro   0x000000000001780d      0x21a ./Drivers/STM32F4xx_HAL_Driver/Src/stm32f4xx_hal_rcc.o
 .debug_macro   0x0000000000017a27      0x1f7 ./Drivers/STM32F4xx_HAL_Driver/Src/stm32f4xx_hal_sd.o
 .debug_macro   0x0000000000017c1e      0x205 ./Drivers/STM32F4xx_HAL_Driver/Src/stm32f4xx_hal_spi.o
 .debug_macro   0x0000000000017e23      0x1f7 ./Drivers/STM32F4xx_HAL_Driver/Src/stm32f4xx_hal_uart.o
 .debug_macro   0x000000000001801a      0x1f7 ./Drivers/STM32F4xx_HAL_Driver/Src/stm32f4xx_ll_sdmmc.o
 .debug_macro   0x0000000000018211      0x333 ./FATFS/App/fatfs.o
 .debug_macro   0x0000000000018544      0x205 ./FATFS/Target/bsp_driver_sd.o
 .debug_macro   0x0000000000018749       0x34 ./FATFS/Target/bsp_driver_sd.o
 .debug_macro   0x000000000001877d      0x336 ./FATFS/Target/sd_diskio.o
 .debug_macro   0x0000000000018ab3       0x16 ./FATFS/Target/sd_diskio.o
 .debug_macro   0x0000000000018ac9       0x7c ./FATFS/Target/sd_diskio.o
 .debug_macro   0x0000000000018b45      0x320 ./Middlewares/Third_Party/FatFs/src/ff_gen_drv.o
 .debug_macro   0x0000000000018e65      0x2b3 ./stm32f4/ATGM336H/minmea/minmea.o
 .debug_macro   0x0000000000019118       0x4c ./stm32f4/ATGM336H/minmea/minmea.o
 .debug_macro   0x0000000000019164      0x27b ./stm32f4/ATGM336H/src/nmea_gps.o
 .debug_macro   0x00000000000193df      0x396 ./stm32f4/LIS3MDL/src/DLIS3.o
 .debug_macro   0x0000000000019775      0x126 ./stm32f4/LIS3MDL/src/lis3mdl_reg.o
 .debug_macro   0x000000000001989b      0x396 ./stm32f4/LSM6DS3/src/DLSM.o
 .debug_macro   0x0000000000019c31      0x126 ./stm32f4/LSM6DS3/src/lsm6ds3_reg.o

.debug_line     0x0000000000000000    0x1a100
 .debug_line    0x0000000000000000      0xe1f ./Application/app_main.o
 .debug_line    0x0000000000000e1f      0xb64 ./Core/Src/main.o
 .debug_line    0x0000000000001983      0x949 ./Core/Src/stm32f4xx_hal_msp.o
 .debug_line    0x00000000000022cc      0x7fc ./Core/Src/stm32f4xx_it.o
 .debug_line    0x0000000000002ac8      0x78d ./Core/Src/system_stm32f4xx.o
 .debug_line    0x0000000000003255       0x88 ./Core/Startup/startup_stm32f411ceux.o
 .debug_line    0x00000000000032dd      0x9f3 ./Drivers/STM32F4xx_HAL_Driver/Src/stm32f4xx_hal.o
 .debug_line    0x0000000000003cd0      0xca2 ./Drivers/STM32F4xx_HAL_Driver/Src/stm32f4xx_hal_cortex.o
 .debug_line    0x0000000000004972      0xb2d ./Drivers/STM32F4xx_HAL_Driver/Src/stm32f4xx_hal_gpio.o
 .debug_line    0x000000000000549f     0x399f ./Drivers/STM32F4xx_HAL_Driver/Src/stm32f4xx_hal_i2c.o
 .debug_line    0x0000000000008e3e      0xd6d ./Drivers/STM32F4xx_HAL_Driver/Src/stm32f4xx_hal_rcc.o
 .debug_line    0x0000000000009bab     0x1e1f ./Drivers/STM32F4xx_HAL_Driver/Src/stm32f4xx_hal_sd.o
 .debug_line    0x000000000000b9ca     0x1c7b ./Drivers/STM32F4xx_HAL_Driver/Src/stm32f4xx_hal_spi.o
 .debug_line    0x000000000000d645     0x2a7a ./Drivers/STM32F4xx_HAL_Driver/Src/stm32f4xx_hal_uart.o
 .debug_line    0x00000000000100bf      0xf5e ./Drivers/STM32F4xx_HAL_Driver/Src/stm32f4xx_ll_sdmmc.o
 .debug_line    0x000000000001101d      0x90a ./FATFS/App/fatfs.o
 .debug_line    0x0000000000011927      0x8dc ./FATFS/Target/bsp_driver_sd.o
 .debug_line    0x0000000000012203      0x9ee ./FATFS/Target/sd_diskio.o
 .debug_line    0x0000000000012bf1      0x999 ./Middlewares/Third_Party/FatFs/src/ff_gen_drv.o
 .debug_line    0x000000000001358a      0xc50 ./stm32f4/ATGM336H/minmea/minmea.o
 .debug_line    0x00000000000141da      0x99c ./stm32f4/ATGM336H/src/nmea_gps.o
 .debug_line    0x0000000000014b76      0xb0d ./stm32f4/LIS3MDL/src/DLIS3.o
 .debug_line    0x0000000000015683      0xf40 ./stm32f4/LIS3MDL/src/lis3mdl_reg.o
 .debug_line    0x00000000000165c3      0xb2b ./stm32f4/LSM6DS3/src/DLSM.o
 .debug_line    0x00000000000170ee     0x3012 ./stm32f4/LSM6DS3/src/lsm6ds3_reg.o

.debug_str      0x0000000000000000    0x98de5
 .debug_str     0x0000000000000000    0x8f6b1 ./Application/app_main.o
                                      0x8fb8e (size before relaxing)
 .debug_str     0x000000000008f6b1      0x4fc ./Core/Src/main.o
                                      0x8bad9 (size before relaxing)
 .debug_str     0x000000000008fbad      0x44b ./Core/Src/stm32f4xx_hal_msp.o
                                      0x8819f (size before relaxing)
 .debug_str     0x000000000008fff8       0xdd ./Core/Src/stm32f4xx_it.o
                                      0x876af (size before relaxing)
 .debug_str     0x00000000000900d5       0xaf ./Core/Src/system_stm32f4xx.o
                                      0x87260 (size before relaxing)
 .debug_str     0x0000000000090184       0x36 ./Core/Startup/startup_stm32f411ceux.o
                                         0x59 (size before relaxing)
 .debug_str     0x00000000000901ba      0x57e ./Drivers/STM32F4xx_HAL_Driver/Src/stm32f4xx_hal.o
                                      0x87bea (size before relaxing)
 .debug_str     0x0000000000090738      0x399 ./Drivers/STM32F4xx_HAL_Driver/Src/stm32f4xx_hal_cortex.o
                                      0x879c7 (size before relaxing)
 .debug_str     0x0000000000090ad1      0x151 ./Drivers/STM32F4xx_HAL_Driver/Src/stm32f4xx_hal_gpio.o
                                      0x87407 (size before relaxing)
 .debug_str     0x0000000000090c22      0xab8 ./Drivers/STM32F4xx_HAL_Driver/Src/stm32f4xx_hal_i2c.o
                                      0x881d5 (size before relaxing)
 .debug_str     0x00000000000916da      0x243 ./Drivers/STM32F4xx_HAL_Driver/Src/stm32f4xx_hal_rcc.o
                                      0x87662 (size before relaxing)
 .debug_str     0x000000000009191d      0x6e6 ./Drivers/STM32F4xx_HAL_Driver/Src/stm32f4xx_hal_sd.o
                                      0x87d4f (size before relaxing)
 .debug_str     0x0000000000092003      0x55f ./Drivers/STM32F4xx_HAL_Driver/Src/stm32f4xx_hal_spi.o
                                      0x87af2 (size before relaxing)
 .debug_str     0x0000000000092562      0x5f6 ./Drivers/STM32F4xx_HAL_Driver/Src/stm32f4xx_hal_uart.o
                                      0x87bd6 (size before relaxing)
 .debug_str     0x0000000000092b58      0x44a ./Drivers/STM32F4xx_HAL_Driver/Src/stm32f4xx_ll_sdmmc.o
                                      0x876db (size before relaxing)
 .debug_str     0x0000000000092fa2       0x2f ./FATFS/App/fatfs.o
                                      0x8ad12 (size before relaxing)
 .debug_str     0x0000000000092fd1      0x164 ./FATFS/Target/bsp_driver_sd.o
                                      0x8782f (size before relaxing)
 .debug_str     0x0000000000093135       0xa0 ./FATFS/Target/sd_diskio.o
                                      0x8acec (size before relaxing)
 .debug_str     0x00000000000931d5       0xa2 ./Middlewares/Third_Party/FatFs/src/ff_gen_drv.o
                                      0x8ac7c (size before relaxing)
 .debug_str     0x0000000000093277      0xe11 ./stm32f4/ATGM336H/minmea/minmea.o
                                       0xa64e (size before relaxing)
 .debug_str     0x0000000000094088      0x1c3 ./stm32f4/ATGM336H/src/nmea_gps.o
                                       0x9a5e (size before relaxing)
 .debug_str     0x000000000009424b      0x403 ./stm32f4/LIS3MDL/src/DLIS3.o
                                      0x8c607 (size before relaxing)
 .debug_str     0x000000000009464e      0x8b6 ./stm32f4/LIS3MDL/src/lis3mdl_reg.o
                                       0x88af (size before relaxing)
 .debug_str     0x0000000000094f04      0x2eb ./stm32f4/LSM6DS3/src/DLSM.o
                                      0x8cfc6 (size before relaxing)
 .debug_str     0x00000000000951ef     0x3bf6 ./stm32f4/LSM6DS3/src/lsm6ds3_reg.o
                                       0xc5f4 (size before relaxing)

.comment        0x0000000000000000       0x53
 .comment       0x0000000000000000       0x53 ./Application/app_main.o
                                         0x54 (size before relaxing)
 .comment       0x0000000000000053       0x54 ./Core/Src/main.o
 .comment       0x0000000000000053       0x54 ./Core/Src/stm32f4xx_hal_msp.o
 .comment       0x0000000000000053       0x54 ./Core/Src/stm32f4xx_it.o
 .comment       0x0000000000000053       0x54 ./Core/Src/system_stm32f4xx.o
 .comment       0x0000000000000053       0x54 ./Drivers/STM32F4xx_HAL_Driver/Src/stm32f4xx_hal.o
 .comment       0x0000000000000053       0x54 ./Drivers/STM32F4xx_HAL_Driver/Src/stm32f4xx_hal_cortex.o
 .comment       0x0000000000000053       0x54 ./Drivers/STM32F4xx_HAL_Driver/Src/stm32f4xx_hal_gpio.o
 .comment       0x0000000000000053       0x54 ./Drivers/STM32F4xx_HAL_Driver/Src/stm32f4xx_hal_i2c.o
 .comment       0x0000000000000053       0x54 ./Drivers/STM32F4xx_HAL_Driver/Src/stm32f4xx_hal_rcc.o
 .comment       0x0000000000000053       0x54 ./Drivers/STM32F4xx_HAL_Driver/Src/stm32f4xx_hal_sd.o
 .comment       0x0000000000000053       0x54 ./Drivers/STM32F4xx_HAL_Driver/Src/stm32f4xx_hal_spi.o
 .comment       0x0000000000000053       0x54 ./Drivers/STM32F4xx_HAL_Driver/Src/stm32f4xx_hal_uart.o
 .comment       0x0000000000000053       0x54 ./Drivers/STM32F4xx_HAL_Driver/Src/stm32f4xx_ll_sdmmc.o
 .comment       0x0000000000000053       0x54 ./FATFS/App/fatfs.o
 .comment       0x0000000000000053       0x54 ./FATFS/Target/bsp_driver_sd.o
 .comment       0x0000000000000053       0x54 ./FATFS/Target/sd_diskio.o
 .comment       0x0000000000000053       0x54 ./Middlewares/Third_Party/FatFs/src/ff_gen_drv.o
 .comment       0x0000000000000053       0x54 ./stm32f4/ATGM336H/minmea/minmea.o
 .comment       0x0000000000000053       0x54 ./stm32f4/ATGM336H/src/nmea_gps.o
 .comment       0x0000000000000053       0x54 ./stm32f4/LIS3MDL/src/DLIS3.o
 .comment       0x0000000000000053       0x54 ./stm32f4/LIS3MDL/src/lis3mdl_reg.o
 .comment       0x0000000000000053       0x54 ./stm32f4/LSM6DS3/src/DLSM.o
 .comment       0x0000000000000053       0x54 ./stm32f4/LSM6DS3/src/lsm6ds3_reg.o

.debug_frame    0x0000000000000000     0x7138
 .debug_frame   0x0000000000000000       0x7c ./Application/app_main.o
 .debug_frame   0x000000000000007c      0x154 ./Core/Src/main.o
 .debug_frame   0x00000000000001d0      0x15c ./Core/Src/stm32f4xx_hal_msp.o
 .debug_frame   0x000000000000032c      0x128 ./Core/Src/stm32f4xx_it.o
 .debug_frame   0x0000000000000454       0x58 ./Core/Src/system_stm32f4xx.o
 .debug_frame   0x00000000000004ac      0x374 ./Drivers/STM32F4xx_HAL_Driver/Src/stm32f4xx_hal.o
 .debug_frame   0x0000000000000820      0x498 ./Drivers/STM32F4xx_HAL_Driver/Src/stm32f4xx_hal_cortex.o
 .debug_frame   0x0000000000000cb8      0x14c ./Drivers/STM32F4xx_HAL_Driver/Src/stm32f4xx_hal_gpio.o
 .debug_frame   0x0000000000000e04      0xc5c ./Drivers/STM32F4xx_HAL_Driver/Src/stm32f4xx_hal_i2c.o
 .debug_frame   0x0000000000001a60      0x1ec ./Drivers/STM32F4xx_HAL_Driver/Src/stm32f4xx_hal_rcc.o
 .debug_frame   0x0000000000001c4c      0x650 ./Drivers/STM32F4xx_HAL_Driver/Src/stm32f4xx_hal_sd.o
 .debug_frame   0x000000000000229c      0x824 ./Drivers/STM32F4xx_HAL_Driver/Src/stm32f4xx_hal_spi.o
 .debug_frame   0x0000000000002ac0      0x92c ./Drivers/STM32F4xx_HAL_Driver/Src/stm32f4xx_hal_uart.o
 .debug_frame   0x00000000000033ec      0x6a8 ./Drivers/STM32F4xx_HAL_Driver/Src/stm32f4xx_ll_sdmmc.o
 .debug_frame   0x0000000000003a94       0x4c ./FATFS/App/fatfs.o
 .debug_frame   0x0000000000003ae0      0x25c ./FATFS/Target/bsp_driver_sd.o
 .debug_frame   0x0000000000003d3c       0xe8 ./FATFS/Target/sd_diskio.o
 .debug_frame   0x0000000000003e24       0xc8 ./Middlewares/Third_Party/FatFs/src/ff_gen_drv.o
 .debug_frame   0x0000000000003eec      0x1e4 ./stm32f4/ATGM336H/minmea/minmea.o
 .debug_frame   0x00000000000040d0      0x20c ./stm32f4/ATGM336H/src/nmea_gps.o
 .debug_frame   0x00000000000042dc      0x10c ./stm32f4/LIS3MDL/src/DLIS3.o
 .debug_frame   0x00000000000043e8      0x8e8 ./stm32f4/LIS3MDL/src/lis3mdl_reg.o
 .debug_frame   0x0000000000004cd0      0x10c ./stm32f4/LSM6DS3/src/DLSM.o
 .debug_frame   0x0000000000004ddc     0x2098 ./stm32f4/LSM6DS3/src/lsm6ds3_reg.o
 .debug_frame   0x0000000000006e74       0x20 c:/st/stm32cubeide_1.8.0/stm32cubeide/plugins/com.st.stm32cube.ide.mcu.externaltools.gnu-tools-for-stm32.9-2020-q2-update.win32_2.0.0.202105311346/tools/bin/../lib/gcc/arm-none-eabi/9.3.1/../../../../arm-none-eabi/lib/thumb/v7e-m+fp/hard\libc_nano.a(lib_a-errno.o)
 .debug_frame   0x0000000000006e94       0x2c c:/st/stm32cubeide_1.8.0/stm32cubeide/plugins/com.st.stm32cube.ide.mcu.externaltools.gnu-tools-for-stm32.9-2020-q2-update.win32_2.0.0.202105311346/tools/bin/../lib/gcc/arm-none-eabi/9.3.1/../../../../arm-none-eabi/lib/thumb/v7e-m+fp/hard\libc_nano.a(lib_a-init.o)
 .debug_frame   0x0000000000006ec0       0x28 c:/st/stm32cubeide_1.8.0/stm32cubeide/plugins/com.st.stm32cube.ide.mcu.externaltools.gnu-tools-for-stm32.9-2020-q2-update.win32_2.0.0.202105311346/tools/bin/../lib/gcc/arm-none-eabi/9.3.1/../../../../arm-none-eabi/lib/thumb/v7e-m+fp/hard\libc_nano.a(lib_a-memcpy-stub.o)
 .debug_frame   0x0000000000006ee8       0x20 c:/st/stm32cubeide_1.8.0/stm32cubeide/plugins/com.st.stm32cube.ide.mcu.externaltools.gnu-tools-for-stm32.9-2020-q2-update.win32_2.0.0.202105311346/tools/bin/../lib/gcc/arm-none-eabi/9.3.1/../../../../arm-none-eabi/lib/thumb/v7e-m+fp/hard\libc_nano.a(lib_a-memset.o)