nrf24_upper_api.c:11:5:nrf24_setup_rf	24	static
nrf24_upper_api.c:42:5:nrf24_setup_protocol	24	static
nrf24_upper_api.c:86:5:nrf24_pipe_rx_start	32	static
nrf24_upper_api.c:153:5:nrf24_pipe_rx_stop	24	static
nrf24_upper_api.c:163:5:nrf24_pipe_set_tx_addr	24	static
nrf24_upper_api.c:170:5:nrf24_mode_power_down	24	static
nrf24_upper_api.c:180:5:nrf24_mode_standby	24	static
nrf24_upper_api.c:191:5:nrf24_mode_tx	24	static
nrf24_upper_api.c:202:5:nrf24_mode_rx	24	static
nrf24_upper_api.c:213:5:nrf24_fifo_peek	32	static
nrf24_upper_api.c:235:5:nrf24_fifo_status	32	static
nrf24_upper_api.c:263:5:nrf24_fifo_read	32	static
nrf24_upper_api.c:275:5:nrf24_fifo_write	24	static
nrf24_upper_api.c:294:5:nrf24_fifo_write_ack_pld	24	static
nrf24_upper_api.c:313:5:nrf24_fifo_flush_tx	16	static
nrf24_upper_api.c:320:5:nrf24_fifo_flush_rx	16	static
nrf24_upper_api.c:327:5:nrf24_irq_mask_set	24	static
nrf24_upper_api.c:353:5:nrf24_irq_mask_get	24	static
nrf24_upper_api.c:375:5:nrf24_irq_get	24	static
nrf24_upper_api.c:384:5:nrf24_irq_clear	24	static
nrf24_upper_api.c:392:13:print_bits	24	static
nrf24_upper_api.c:442:13:print_register	48	static
nrf24_upper_api.c:484:6:nrf24_dump_registers	32	static
