bme280.c:348:8:bme280_init	24	static
bme280.c:400:8:bme280_get_regs	40	static
bme280.c:433:8:bme280_set_regs	64	static
bme280.c:502:8:bme280_set_sensor_settings	24	static
bme280.c:545:8:bme280_get_sensor_settings	24	static
bme280.c:569:8:bme280_set_sensor_mode	24	static
bme280.c:601:8:bme280_get_sensor_mode	24	static
bme280.c:622:8:bme280_soft_reset	24	static
bme280.c:667:8:bme280_get_sensor_data	48	static
bme280.c:706:6:bme280_parse_sensor_data	32	static
bme280.c:736:8:bme280_compensate_data	32	static
bme280.c:779:10:bme280_cal_meas_delay	32	static
bme280.c:829:15:set_osr_settings	32	static
bme280.c:850:15:set_osr_humidity_settings	24	static
bme280.c:882:15:set_osr_press_temp_settings	32	static
bme280.c:913:15:set_filter_standby_settings	32	static
bme280.c:944:13:fill_filter_settings	16	static
bme280.c:953:13:fill_standby_settings	16	static
bme280.c:962:13:fill_osr_press_settings	16	static
bme280.c:971:13:fill_osr_temp_settings	16	static
bme280.c:981:13:parse_device_settings	16	static
bme280.c:993:15:write_power_mode	24	static
bme280.c:1019:15:put_device_to_sleep	32	static
bme280.c:1043:15:reload_device_settings	24	static
bme280.c:1062:15:compensate_temperature	64	static
bme280.c:1092:15:compensate_pressure	72	static
bme280.c:1139:15:compensate_humidity	96	static
bme280.c:1361:15:get_calib_data	48	static
bme280.c:1397:13:interleave_reg_addr	32	static
bme280.c:1412:13:parse_temp_press_calib_data	24	static
bme280.c:1435:13:parse_humidity_calib_data	32	static
bme280.c:1458:16:are_settings_changed	24	static
bme280.c:1480:15:null_ptr_check	24	static
